Clock: clk
Sources: clk 
Generated: no
Virtual: yes
Propagated: no
Period: 5.000000

===========================================================================
report_clock_properties
============================================================================
Clock                   Period          Waveform
----------------------------------------------------
clk                   5.000000    0.000000  2.500000

===========================================================================
report_clock_latency
============================================================================
Clock clk
rise -> rise
    min     max
0.000000 0.000000 source latency
0.298782         network latency _1423_/CLK
        0.308037 network latency _1382_/CLK
---------------
0.298782 0.308037 latency
        0.009255 skew

fall -> fall
    min     max
0.000000 0.000000 source latency
0.262756         network latency _1423_/CLK
        0.270918 network latency _1382_/CLK
---------------
0.262756 0.270918 latency
        0.008161 skew



===========================================================================
report_clock_min_period
============================================================================
clk period_min = 2.09 fmax = 479.37
