Clock: clk
Sources: clk 
Generated: no
Virtual: yes
Propagated: no
Period: 6.000000

===========================================================================
report_clock_properties
============================================================================
Clock                   Period          Waveform
----------------------------------------------------
clk                   6.000000    0.000000  3.000000

===========================================================================
report_clock_latency
============================================================================
Clock clk
rise -> rise
    min     max
0.000000 0.000000 source latency
0.727539         network latency _1422_/CLK
        0.743818 network latency _1380_/CLK
---------------
0.727539 0.743818 latency
        0.016279 skew

fall -> fall
    min     max
0.000000 0.000000 source latency
0.672030         network latency _1422_/CLK
        0.686539 network latency _1380_/CLK
---------------
0.672030 0.686539 latency
        0.014510 skew



===========================================================================
report_clock_min_period
============================================================================
clk period_min = 6.88 fmax = 145.30
