
===========================================================================
 report_power
============================================================================
======================= min_ss_100C_1v60 Corner ===================================

Group                    Internal    Switching      Leakage        Total
                            Power        Power        Power        Power (Watts)
------------------------------------------------------------------------
Sequential           3.547441e-04 6.811993e-06 9.304858e-07 3.624866e-04  25.0%
Combinational        2.841401e-04 3.811957e-04 4.055660e-06 6.693914e-04  46.1%
Clock                2.781556e-04 1.407430e-04 2.268376e-07 4.191254e-04  28.9%
Macro                0.000000e+00 0.000000e+00 0.000000e+00 0.000000e+00   0.0%
Pad                  0.000000e+00 0.000000e+00 0.000000e+00 0.000000e+00   0.0%
------------------------------------------------------------------------
Total                9.170393e-04 5.287506e-04 5.212983e-06 1.451003e-03 100.0%
                            63.2%        36.4%         0.4%

