
===========================================================================
report_checks -unconstrained
===========================================================================
======================= nom_ff_n40C_1v95 Corner ===================================

Startpoint: b_in[5] (input port clocked by clk)
Endpoint: _1432_ (rising edge-triggered flip-flop clocked by clk)
Path Group: clk
Path Type: max

Fanout         Cap        Slew       Delay        Time   Description
---------------------------------------------------------------------------------------------
                                  0.000000    0.000000   clock clk (rise edge)
                                  0.000000    0.000000   clock network delay (propagated)
                                  1.000000    1.000000 ^ input external delay
     1    0.002969    0.014519    0.007683    1.007683 ^ b_in[5] (in)
                                                         b_in[5] (net)
                      0.014524    0.000000    1.007683 ^ input14/A (sky130_fd_sc_hd__clkbuf_1)
     1    0.007406    0.070685    0.074834    1.082517 ^ input14/X (sky130_fd_sc_hd__clkbuf_1)
                                                         net14 (net)
                      0.070687    0.000328    1.082845 ^ fanout117/A (sky130_fd_sc_hd__buf_2)
     5    0.050554    0.186420    0.186998    1.269843 ^ fanout117/X (sky130_fd_sc_hd__buf_2)
                                                         net117 (net)
                      0.186465    0.002418    1.272262 ^ fanout116/A (sky130_fd_sc_hd__buf_4)
    10    0.065966    0.139541    0.175721    1.447983 ^ fanout116/X (sky130_fd_sc_hd__buf_4)
                                                         net116 (net)
                      0.139655    0.003275    1.451258 ^ _0698_/A (sky130_fd_sc_hd__clkinv_4)
    10    0.065413    0.104997    0.109440    1.560698 v _0698_/Y (sky130_fd_sc_hd__clkinv_4)
                                                         _0078_ (net)
                      0.105219    0.004010    1.564708 v _1032_/A2 (sky130_fd_sc_hd__o21a_1)
     3    0.013771    0.057778    0.165895    1.730602 v _1032_/X (sky130_fd_sc_hd__o21a_1)
                                                         _0363_ (net)
                      0.057779    0.000310    1.730912 v _1035_/D (sky130_fd_sc_hd__or4_4)
     4    0.024840    0.082596    0.285947    2.016860 v _1035_/X (sky130_fd_sc_hd__or4_4)
                                                         _0366_ (net)
                      0.082596    0.000464    2.017323 v _1038_/A (sky130_fd_sc_hd__nand2_2)
     4    0.019660    0.087146    0.098520    2.115843 ^ _1038_/Y (sky130_fd_sc_hd__nand2_2)
                                                         _0369_ (net)
                      0.087148    0.000370    2.116213 ^ _1051_/B1 (sky130_fd_sc_hd__a32oi_4)
     3    0.016210    0.078002    0.045360    2.161573 v _1051_/Y (sky130_fd_sc_hd__a32oi_4)
                                                         _0381_ (net)
                      0.078003    0.000592    2.162165 v rebuffer26/A (sky130_fd_sc_hd__dlygate4sd1_1)
     2    0.013195    0.052215    0.192203    2.354368 v rebuffer26/X (sky130_fd_sc_hd__dlygate4sd1_1)
                                                         net158 (net)
                      0.052217    0.000351    2.354719 v _1182_/A2 (sky130_fd_sc_hd__o2111ai_4)
     5    0.024895    0.215064    0.199523    2.554242 ^ _1182_/Y (sky130_fd_sc_hd__o2111ai_4)
                                                         _0511_ (net)
                      0.215065    0.000814    2.555057 ^ _1239_/B (sky130_fd_sc_hd__nand4_4)
     1    0.009696    0.077547    0.072673    2.627730 v _1239_/Y (sky130_fd_sc_hd__nand4_4)
                                                         _0566_ (net)
                      0.077547    0.000312    2.628042 v _1328_/A1 (sky130_fd_sc_hd__o21ai_4)
     4    0.015036    0.118936    0.143410    2.771452 ^ _1328_/Y (sky130_fd_sc_hd__o21ai_4)
                                                         _0653_ (net)
                      0.118936    0.000608    2.772060 ^ _1350_/A (sky130_fd_sc_hd__nand3_1)
     2    0.006482    0.067754    0.064491    2.836551 v _1350_/Y (sky130_fd_sc_hd__nand3_1)
                                                         _0673_ (net)
                      0.067776    0.000175    2.836726 v _1360_/A2_N (sky130_fd_sc_hd__o2bb2ai_1)
     1    0.003672    0.064313    0.080582    2.917308 v _1360_/Y (sky130_fd_sc_hd__o2bb2ai_1)
                                                         _0683_ (net)
                      0.064313    0.000114    2.917422 v _1365_/A2 (sky130_fd_sc_hd__a31oi_1)
     1    0.002354    0.086071    0.113132    3.030554 ^ _1365_/Y (sky130_fd_sc_hd__a31oi_1)
                                                         _0058_ (net)
                      0.086071    0.000048    3.030602 ^ _1432_/D (sky130_fd_sc_hd__dfxtp_1)
                                              3.030602   data arrival time

                                  5.000000    5.000000   clock clk (rise edge)
                                  0.000000    5.000000   clock source latency
     1    0.022979    0.081611    0.056290    5.056290 ^ clk (in)
                                                         clk (net)
                      0.081634    0.000000    5.056290 ^ clkbuf_0_clk/A (sky130_fd_sc_hd__clkbuf_16)
     8    0.085885    0.078833    0.134156    5.190446 ^ clkbuf_0_clk/X (sky130_fd_sc_hd__clkbuf_16)
                                                         clknet_0_clk (net)
                      0.079216    0.004385    5.194832 ^ clkbuf_3_5__f_clk/A (sky130_fd_sc_hd__clkbuf_16)
     8    0.033290    0.040816    0.106316    5.301148 ^ clkbuf_3_5__f_clk/X (sky130_fd_sc_hd__clkbuf_16)
                                                         clknet_3_5__leaf_clk (net)
                      0.040823    0.000964    5.302112 ^ _1432_/CLK (sky130_fd_sc_hd__dfxtp_1)
                                 -0.250000    5.052112   clock uncertainty
                                  0.000000    5.052112   clock reconvergence pessimism
                                 -0.033585    5.018527   library setup time
                                              5.018527   data required time
---------------------------------------------------------------------------------------------
                                              5.018527   data required time
                                             -3.030602   data arrival time
---------------------------------------------------------------------------------------------
                                              1.987925   slack (MET)




===========================================================================
report_checks --slack_max -0.01
============================================================================
======================= nom_ff_n40C_1v95 Corner ===================================

No paths found.


===========================================================================
 report_check_types -max_slew -max_cap -max_fanout -violators
============================================================================
======================= nom_ff_n40C_1v95 Corner ===================================

max fanout

Pin                                   Limit Fanout  Slack
---------------------------------------------------------
clkbuf_3_2__f_clk/X                      10     11        (VIOLATED)
clkbuf_3_3__f_clk/X                      10     11        (VIOLATED)
clkbuf_3_7__f_clk/X                      10     11        (VIOLATED)



===========================================================================
report_parasitic_annotation -report_unannotated
============================================================================
Found 7 unannotated drivers.
 clkload0/X
 clkload1/Y
 clkload2/X
 clkload3/Y
 clkload4/Y
 clkload5/Y
 clkload6/X
Found 0 partially unannotated drivers.

===========================================================================
max slew violation count 0
max fanout violation count 3
max cap violation count 0
============================================================================

===========================================================================
check_setup -verbose -unconstrained_endpoints -multiple_clock -no_clock -no_input_delay -loops -generated_clocks
===========================================================================
