
===========================================================================
 report_power
============================================================================
======================= nom_tt_025C_1v80 Corner ===================================

Group                    Internal    Switching      Leakage        Total
                            Power        Power        Power        Power (Watts)
------------------------------------------------------------------------
Sequential           5.462413e-04 1.124303e-05 5.480445e-10 5.574849e-04  23.7%
Combinational        5.101322e-04 6.288712e-04 4.338996e-09 1.139008e-03  48.5%
Clock                4.343164e-04 2.193788e-04 4.953367e-10 6.536957e-04  27.8%
Macro                0.000000e+00 0.000000e+00 0.000000e+00 0.000000e+00   0.0%
Pad                  0.000000e+00 0.000000e+00 0.000000e+00 0.000000e+00   0.0%
------------------------------------------------------------------------
Total                1.490691e-03 8.594930e-04 5.382381e-09 2.350189e-03 100.0%
                            63.4%        36.6%         0.0%
Writing metric power__internal__total: 0.0014906907454133034
Writing metric power__switching__total: 0.0008594930404797196
Writing metric power__leakage__total: 5.382380763307992e-9
Writing metric power__total: 0.0023501890245825052

