
===========================================================================
 report_power
============================================================================
======================= nom_ss_100C_1v60 Corner ===================================

Group                    Internal    Switching      Leakage        Total
                            Power        Power        Power        Power (Watts)
------------------------------------------------------------------------
Sequential           5.309450e-04 2.853522e-05 1.008086e-06 5.604883e-04  42.8%
Combinational        3.719872e-04 3.740912e-04 2.940620e-06 7.490190e-04  57.2%
Clock                0.000000e+00 0.000000e+00 0.000000e+00 0.000000e+00   0.0%
Macro                0.000000e+00 0.000000e+00 0.000000e+00 0.000000e+00   0.0%
Pad                  0.000000e+00 0.000000e+00 0.000000e+00 0.000000e+00   0.0%
------------------------------------------------------------------------
Total                9.029326e-04 4.026262e-04 3.948706e-06 1.309507e-03 100.0%
                            69.0%        30.7%         0.3%

