
===========================================================================
report_checks -unconstrained
===========================================================================
======================= nom_tt_025C_1v80 Corner ===================================

Startpoint: a_in[6] (input port clocked by clk)
Endpoint: _1426_ (rising edge-triggered flip-flop clocked by clk)
Path Group: clk
Path Type: max

Fanout         Cap        Slew       Delay        Time   Description
---------------------------------------------------------------------------------------------
                                  0.000000    0.000000   clock clk (rise edge)
                                  0.000000    0.000000   clock network delay (propagated)
                                  1.000000    1.000000 ^ input external delay
     1    0.002695    0.019972    0.009926    1.009926 ^ a_in[6] (in)
                                                         a_in[6] (net)
                      0.019972    0.000000    1.009926 ^ input7/A (sky130_fd_sc_hd__clkbuf_1)
     1    0.004206    0.059512    0.083198    1.093125 ^ input7/X (sky130_fd_sc_hd__clkbuf_1)
                                                         net7 (net)
                      0.059512    0.000030    1.093154 ^ fanout96/A (sky130_fd_sc_hd__clkbuf_4)
     9    0.038268    0.123574    0.198332    1.291487 ^ fanout96/X (sky130_fd_sc_hd__clkbuf_4)
                                                         net96 (net)
                      0.123574    0.000084    1.291571 ^ fanout95/A (sky130_fd_sc_hd__buf_2)
     6    0.035026    0.174208    0.229161    1.520732 ^ fanout95/X (sky130_fd_sc_hd__buf_2)
                                                         net95 (net)
                      0.174208    0.000092    1.520824 ^ fanout94/A (sky130_fd_sc_hd__clkbuf_4)
     8    0.046350    0.146400    0.256589    1.777413 ^ fanout94/X (sky130_fd_sc_hd__clkbuf_4)
                                                         net94 (net)
                      0.146400    0.000072    1.777485 ^ fanout93/A (sky130_fd_sc_hd__buf_4)
    10    0.051114    0.146388    0.223068    2.000552 ^ fanout93/X (sky130_fd_sc_hd__buf_4)
                                                         net93 (net)
                      0.146388    0.000189    2.000741 ^ _1069_/C (sky130_fd_sc_hd__nand4_4)
     3    0.017787    0.126014    0.145264    2.146006 v _1069_/Y (sky130_fd_sc_hd__nand4_4)
                                                         _0399_ (net)
                      0.126014    0.000028    2.146034 v _1136_/B (sky130_fd_sc_hd__nand2_2)
     3    0.021393    0.124983    0.158386    2.304420 ^ _1136_/Y (sky130_fd_sc_hd__nand2_2)
                                                         _0465_ (net)
                      0.124983    0.000100    2.304520 ^ _1141_/B1 (sky130_fd_sc_hd__o2111ai_4)
     4    0.023591    0.164216    0.189084    2.493604 v _1141_/Y (sky130_fd_sc_hd__o2111ai_4)
                                                         _0470_ (net)
                      0.164216    0.000099    2.493704 v _1143_/D1 (sky130_fd_sc_hd__o2111a_1)
     1    0.009646    0.073023    0.198467    2.692170 v _1143_/X (sky130_fd_sc_hd__o2111a_1)
                                                         _0472_ (net)
                      0.073023    0.000052    2.692223 v _1148_/A1 (sky130_fd_sc_hd__o21ai_4)
     6    0.039426    0.307917    0.305049    2.997271 ^ _1148_/Y (sky130_fd_sc_hd__o21ai_4)
                                                         _0477_ (net)
                      0.307918    0.000347    2.997619 ^ _1162_/A1_N (sky130_fd_sc_hd__o2bb2ai_1)
     1    0.009713    0.237393    0.208258    3.205877 ^ _1162_/Y (sky130_fd_sc_hd__o2bb2ai_1)
                                                         _0491_ (net)
                      0.237393    0.000029    3.205906 ^ _1169_/C (sky130_fd_sc_hd__nand3_4)
     8    0.031365    0.138320    0.159482    3.365388 v _1169_/Y (sky130_fd_sc_hd__nand3_4)
                                                         _0498_ (net)
                      0.138320    0.000264    3.365652 v _1177_/C1 (sky130_fd_sc_hd__o221a_1)
     1    0.009546    0.078889    0.187513    3.553165 v _1177_/X (sky130_fd_sc_hd__o221a_1)
                                                         _0506_ (net)
                      0.078889    0.000041    3.553205 v _1180_/B1 (sky130_fd_sc_hd__o221ai_4)
     4    0.011059    0.194493    0.196217    3.749423 ^ _1180_/Y (sky130_fd_sc_hd__o221ai_4)
                                                         _0509_ (net)
                      0.194493    0.000035    3.749458 ^ _1183_/B1 (sky130_fd_sc_hd__o21ai_1)
     2    0.005552    0.084686    0.116159    3.865617 v _1183_/Y (sky130_fd_sc_hd__o21ai_1)
                                                         _0512_ (net)
                      0.084686    0.000008    3.865624 v _1235_/A1 (sky130_fd_sc_hd__o21a_1)
     2    0.004671    0.045035    0.203839    4.069463 v _1235_/X (sky130_fd_sc_hd__o21a_1)
                                                         _0563_ (net)
                      0.045035    0.000006    4.069469 v _1237_/A3 (sky130_fd_sc_hd__o311a_1)
     1    0.002592    0.051584    0.278877    4.348346 v _1237_/X (sky130_fd_sc_hd__o311a_1)
                                                         _0565_ (net)
                      0.051584    0.000005    4.348351 v _1238_/B1 (sky130_fd_sc_hd__a21o_1)
     1    0.001912    0.029979    0.144173    4.492524 v _1238_/X (sky130_fd_sc_hd__a21o_1)
                                                         _0052_ (net)
                      0.029979    0.000003    4.492527 v _1426_/D (sky130_fd_sc_hd__dfxtp_2)
                                              4.492527   data arrival time

                                  5.000000    5.000000   clock clk (rise edge)
                                  0.000000    5.000000   clock source latency
     1    0.017118    0.082870    0.056818    5.056818 ^ clk (in)
                                                         clk (net)
                      0.082878    0.000000    5.056818 ^ clkbuf_0_clk/A (sky130_fd_sc_hd__clkbuf_16)
     8    0.075158    0.092304    0.181750    5.238568 ^ clkbuf_0_clk/X (sky130_fd_sc_hd__clkbuf_16)
                                                         clknet_0_clk (net)
                      0.092306    0.000596    5.239165 ^ clkbuf_3_3__f_clk/A (sky130_fd_sc_hd__clkbuf_16)
    11    0.028644    0.049954    0.150887    5.390052 ^ clkbuf_3_3__f_clk/X (sky130_fd_sc_hd__clkbuf_16)
                                                         clknet_3_3__leaf_clk (net)
                      0.049954    0.000124    5.390175 ^ _1426_/CLK (sky130_fd_sc_hd__dfxtp_2)
                                 -0.250000    5.140175   clock uncertainty
                                  0.000000    5.140175   clock reconvergence pessimism
                                 -0.105172    5.035003   library setup time
                                              5.035003   data required time
---------------------------------------------------------------------------------------------
                                              5.035003   data required time
                                             -4.492527   data arrival time
---------------------------------------------------------------------------------------------
                                              0.542477   slack (MET)




===========================================================================
report_checks --slack_max -0.01
============================================================================
======================= nom_tt_025C_1v80 Corner ===================================

No paths found.


===========================================================================
 report_check_types -max_slew -max_cap -max_fanout -violators
============================================================================
======================= nom_tt_025C_1v80 Corner ===================================

max fanout

Pin                                   Limit Fanout  Slack
---------------------------------------------------------
clkbuf_3_2__f_clk/X                      10     11        (VIOLATED)
clkbuf_3_3__f_clk/X                      10     11        (VIOLATED)
clkbuf_3_7__f_clk/X                      10     11        (VIOLATED)



===========================================================================
report_parasitic_annotation -report_unannotated
============================================================================
Found 7 unannotated drivers.
 clkload0/X
 clkload1/Y
 clkload2/X
 clkload3/Y
 clkload4/Y
 clkload5/Y
 clkload6/X
Found 0 partially unannotated drivers.

===========================================================================
max slew violation count 0
Writing metric design__max_slew_violation__count__corner:nom_tt_025C_1v80: 0
max fanout violation count 3
Writing metric design__max_fanout_violation__count__corner:nom_tt_025C_1v80: 3
max cap violation count 0
Writing metric design__max_cap_violation__count__corner:nom_tt_025C_1v80: 0
============================================================================

===========================================================================
check_setup -verbose -unconstrained_endpoints -multiple_clock -no_clock -no_input_delay -loops -generated_clocks
===========================================================================
