
===========================================================================
 report_power
============================================================================
======================= nom_tt_025C_1v80 Corner ===================================

Group                    Internal    Switching      Leakage        Total
                            Power        Power        Power        Power (Watts)
------------------------------------------------------------------------
Sequential           5.488330e-04 9.734864e-06 5.453799e-10 5.585684e-04  28.1%
Combinational        3.497106e-04 4.816502e-04 3.135984e-09 8.313640e-04  41.8%
Clock                4.080011e-04 1.911925e-04 4.890808e-10 5.991941e-04  30.1%
Macro                0.000000e+00 0.000000e+00 0.000000e+00 0.000000e+00   0.0%
Pad                  0.000000e+00 0.000000e+00 0.000000e+00 0.000000e+00   0.0%
------------------------------------------------------------------------
Total                1.306545e-03 6.825775e-04 4.170447e-09 1.989127e-03 100.0%
                            65.7%        34.3%         0.0%
Writing metric power__internal__total: 0.0013065451057627797
Writing metric power__switching__total: 0.0006825775490142405
Writing metric power__leakage__total: 4.170447098772456e-9
Writing metric power__total: 0.001989126903936267

