┏━━━━━━━━━━━━━━━━━━━━━━┳━━━━━━━━━━┳━━━━━━━━━━┳━━━━━━━━━━┳━━━━━━━━━━┳━━━━━━━━━━━┳━━━━━━━━━━┳━━━━━━━━━━━┳━━━━━━━━━━┳━━━━━━━━━━━┳━━━━━━━━━━┳━━━━━━━━━━━┳━━━━━━━━━━┓
┃                      ┃ Hold     ┃ Reg to   ┃          ┃          ┃ of which  ┃ Setup    ┃           ┃          ┃           ┃ of which ┃           ┃          ┃
┃                      ┃ Worst    ┃ Reg      ┃          ┃ Hold Vio ┃ reg to    ┃ Worst    ┃ Reg to    ┃ Setup    ┃ Setup Vio ┃ reg to   ┃ Max Cap   ┃ Max Slew ┃
┃ Corner/Group         ┃ Slack    ┃ Paths    ┃ Hold TNS ┃ Count    ┃ reg       ┃ Slack    ┃ Reg Paths ┃ TNS      ┃ Count     ┃ reg      ┃ Violatio… ┃ Violati… ┃
┡━━━━━━━━━━━━━━━━━━━━━━╇━━━━━━━━━━╇━━━━━━━━━━╇━━━━━━━━━━╇━━━━━━━━━━╇━━━━━━━━━━━╇━━━━━━━━━━╇━━━━━━━━━━━╇━━━━━━━━━━╇━━━━━━━━━━━╇━━━━━━━━━━╇━━━━━━━━━━━╇━━━━━━━━━━┩
│ Overall              │ 0.1123   │ 0.1123   │ 0.0000   │ 0        │ 0         │ -1.0390  │ -1.0390   │ -10.5397 │ 49        │ 22       │ 0         │ 3        │
│ nom_tt_025C_1v80     │ 0.3189   │ 0.3189   │ 0.0000   │ 0        │ 0         │ 1.8294   │ 2.2915    │ 0.0000   │ 0         │ 0        │ 0         │ 0        │
│ nom_ss_100C_1v60     │ 0.5872   │ 0.8708   │ 0.0000   │ 0        │ 0         │ -0.9536  │ -0.9536   │ -9.2103  │ 16        │ 7        │ 0         │ 3        │
│ nom_ff_n40C_1v95     │ 0.1145   │ 0.1145   │ 0.0000   │ 0        │ 0         │ 2.8988   │ 3.5972    │ 0.0000   │ 0         │ 0        │ 0         │ 0        │
│ min_tt_025C_1v80     │ 0.3158   │ 0.3158   │ 0.0000   │ 0        │ 0         │ 1.8760   │ 2.3354    │ 0.0000   │ 0         │ 0        │ 0         │ 0        │
│ min_ss_100C_1v60     │ 0.5919   │ 0.8635   │ 0.0000   │ 0        │ 0         │ -0.8821  │ -0.8821   │ -8.0562  │ 16        │ 7        │ 0         │ 3        │
│ min_ff_n40C_1v95     │ 0.1123   │ 0.1123   │ 0.0000   │ 0        │ 0         │ 2.9294   │ 3.6256    │ 0.0000   │ 0         │ 0        │ 0         │ 0        │
│ max_tt_025C_1v80     │ 0.3226   │ 0.3226   │ 0.0000   │ 0        │ 0         │ 1.7785   │ 2.2410    │ 0.0000   │ 0         │ 0        │ 0         │ 0        │
│ max_ss_100C_1v60     │ 0.5820   │ 0.8818   │ 0.0000   │ 0        │ 0         │ -1.0390  │ -1.0390   │ -10.5397 │ 17        │ 8        │ 0         │ 3        │
│ max_ff_n40C_1v95     │ 0.1171   │ 0.1171   │ 0.0000   │ 0        │ 0         │ 2.8647   │ 3.5637    │ 0.0000   │ 0         │ 0        │ 0         │ 0        │
└──────────────────────┴──────────┴──────────┴──────────┴──────────┴───────────┴──────────┴───────────┴──────────┴───────────┴──────────┴───────────┴──────────┘
