
===========================================================================
 report_power
============================================================================
======================= nom_ff_n40C_1v95 Corner ===================================

Group                    Internal    Switching      Leakage        Total
                            Power        Power        Power        Power (Watts)
------------------------------------------------------------------------
Sequential           7.953058e-04 1.800248e-05 1.034418e-09 8.133093e-04  23.8%
Combinational        6.964414e-04 9.901719e-04 1.228149e-08 1.686626e-03  49.4%
Clock                5.735841e-04 3.398375e-04 2.923105e-09 9.134244e-04  26.8%
Macro                0.000000e+00 0.000000e+00 0.000000e+00 0.000000e+00   0.0%
Pad                  0.000000e+00 0.000000e+00 0.000000e+00 0.000000e+00   0.0%
------------------------------------------------------------------------
Total                2.065330e-03 1.348012e-03 1.623900e-08 3.413359e-03 100.0%
                            60.5%        39.5%         0.0%

