
===========================================================================
 report_power
============================================================================
======================= nom_tt_025C_1v80 Corner ===================================

Group                    Internal    Switching      Leakage        Total
                            Power        Power        Power        Power (Watts)
------------------------------------------------------------------------
Sequential           5.459672e-04 1.152604e-05 5.480445e-10 5.574938e-04  23.1%
Combinational        5.099340e-04 6.595877e-04 4.338993e-09 1.169526e-03  48.6%
Clock                4.348449e-04 2.469485e-04 1.888565e-09 6.817953e-04  28.3%
Macro                0.000000e+00 0.000000e+00 0.000000e+00 0.000000e+00   0.0%
Pad                  0.000000e+00 0.000000e+00 0.000000e+00 0.000000e+00   0.0%
------------------------------------------------------------------------
Total                1.490747e-03 9.180621e-04 6.775602e-09 2.408815e-03 100.0%
                            61.9%        38.1%         0.0%

