
===========================================================================
 report_power
============================================================================
======================= nom_tt_025C_1v80 Corner ===================================

Group                    Internal    Switching      Leakage        Total
                            Power        Power        Power        Power (Watts)
------------------------------------------------------------------------
Sequential           4.573608e-04 8.112386e-06 5.453799e-10 4.654737e-04  28.1%
Combinational        2.914262e-04 4.013530e-04 3.135984e-09 6.927823e-04  41.8%
Clock                3.400009e-04 1.593271e-04 4.890808e-10 4.993285e-04  30.1%
Macro                0.000000e+00 0.000000e+00 0.000000e+00 0.000000e+00   0.0%
Pad                  0.000000e+00 0.000000e+00 0.000000e+00 0.000000e+00   0.0%
------------------------------------------------------------------------
Total                1.088788e-03 5.687925e-04 4.170447e-09 1.657585e-03 100.0%
                            65.7%        34.3%         0.0%
Writing metric power__internal__total: 0.001088788267225027
Writing metric power__switching__total: 0.0005687924567610025
Writing metric power__leakage__total: 4.170447098772456e-9
Writing metric power__total: 0.0016575849149376154

