
===========================================================================
 report_power
============================================================================
======================= min_ff_n40C_1v95 Corner ===================================

Group                    Internal    Switching      Leakage        Total
                            Power        Power        Power        Power (Watts)
------------------------------------------------------------------------
Sequential           6.365924e-04 1.375056e-05 1.033759e-09 6.503441e-04  25.5%
Combinational        4.671709e-04 7.053146e-04 1.035393e-08 1.172496e-03  45.9%
Clock                4.673882e-04 2.645231e-04 2.981807e-09 7.319143e-04  28.6%
Macro                0.000000e+00 0.000000e+00 0.000000e+00 0.000000e+00   0.0%
Pad                  0.000000e+00 0.000000e+00 0.000000e+00 0.000000e+00   0.0%
------------------------------------------------------------------------
Total                1.571151e-03 9.835882e-04 1.436950e-08 2.554754e-03 100.0%
                            61.5%        38.5%         0.0%

