
===========================================================================
report_checks -unconstrained
===========================================================================
======================= min_ss_100C_1v60 Corner ===================================

Startpoint: b_in[2] (input port clocked by clk)
Endpoint: _1431_ (rising edge-triggered flip-flop clocked by clk)
Path Group: clk
Path Type: max

Fanout         Cap        Slew       Delay        Time   Description
---------------------------------------------------------------------------------------------
                                  0.000000    0.000000   clock clk (rise edge)
                                  0.000000    0.000000   clock network delay (propagated)
                                  1.000000    1.000000 ^ input external delay
     1    0.002911    0.032988    0.016360    1.016360 ^ b_in[2] (in)
                                                         b_in[2] (net)
                      0.032988    0.000000    1.016360 ^ input11/A (sky130_fd_sc_hd__clkbuf_1)
     2    0.018740    0.360034    0.339981    1.356341 ^ input11/X (sky130_fd_sc_hd__clkbuf_1)
                                                         net11 (net)
                      0.360034    0.000352    1.356693 ^ fanout128/A (sky130_fd_sc_hd__clkbuf_4)
    10    0.058541    0.286135    0.538003    1.894696 ^ fanout128/X (sky130_fd_sc_hd__clkbuf_4)
                                                         net128 (net)
                      0.286135    0.000691    1.895387 ^ _1065_/A (sky130_fd_sc_hd__nand2_4)
     4    0.027970    0.153587    0.229791    2.125178 v _1065_/Y (sky130_fd_sc_hd__nand2_4)
                                                         _0395_ (net)
                      0.153587    0.000187    2.125365 v _1073_/B1 (sky130_fd_sc_hd__a41o_4)
     3    0.019714    0.100203    0.499473    2.624838 v _1073_/X (sky130_fd_sc_hd__a41o_4)
                                                         _0403_ (net)
                      0.100203    0.000167    2.625005 v _1076_/A1 (sky130_fd_sc_hd__o211ai_4)
     5    0.030520    0.452037    0.487291    3.112296 ^ _1076_/Y (sky130_fd_sc_hd__o211ai_4)
                                                         _0406_ (net)
                      0.452037    0.000773    3.113069 ^ _1090_/A2_N (sky130_fd_sc_hd__o2bb2ai_4)
     2    0.018662    0.265335    0.359839    3.472908 ^ _1090_/Y (sky130_fd_sc_hd__o2bb2ai_4)
                                                         _0420_ (net)
                      0.265335    0.000096    3.473004 ^ _1097_/B2 (sky130_fd_sc_hd__a22oi_4)
     5    0.020661    0.168130    0.212003    3.685007 v _1097_/Y (sky130_fd_sc_hd__a22oi_4)
                                                         _0427_ (net)
                      0.168130    0.000737    3.685744 v rebuffer4/A (sky130_fd_sc_hd__dlymetal6s2s_1)
     1    0.006260    0.100137    0.352291    4.038035 v rebuffer4/X (sky130_fd_sc_hd__dlymetal6s2s_1)
                                                         net139 (net)
                      0.100138    0.000104    4.038139 v _1168_/A2 (sky130_fd_sc_hd__o21ai_2)
     1    0.009876    0.248998    0.271901    4.310040 ^ _1168_/Y (sky130_fd_sc_hd__o21ai_2)
                                                         _0497_ (net)
                      0.248998    0.000107    4.310147 ^ _1169_/B (sky130_fd_sc_hd__nand3_4)
     6    0.029333    0.247159    0.307503    4.617650 v _1169_/Y (sky130_fd_sc_hd__nand3_4)
                                                         _0498_ (net)
                      0.247159    0.000269    4.617918 v rebuffer15/A (sky130_fd_sc_hd__buf_6)
     1    0.008847    0.042740    0.291736    4.909655 v rebuffer15/X (sky130_fd_sc_hd__buf_6)
                                                         net150 (net)
                      0.042740    0.000096    4.909750 v _1178_/C1 (sky130_fd_sc_hd__o221ai_4)
     2    0.015550    0.353461    0.112887    5.022637 ^ _1178_/Y (sky130_fd_sc_hd__o221ai_4)
                                                         _0507_ (net)
                      0.353461    0.000187    5.022824 ^ _1181_/C1 (sky130_fd_sc_hd__o211ai_2)
     2    0.010415    0.228095    0.320619    5.343443 v _1181_/Y (sky130_fd_sc_hd__o211ai_2)
                                                         _0510_ (net)
                      0.228095    0.000137    5.343579 v _1241_/A2 (sky130_fd_sc_hd__o21ai_1)
     1    0.011921    0.424728    0.457773    5.801353 ^ _1241_/Y (sky130_fd_sc_hd__o21ai_1)
                                                         _0568_ (net)
                      0.424728    0.000191    5.801543 ^ _1327_/A2 (sky130_fd_sc_hd__a21oi_4)
     1    0.010768    0.114794    0.234943    6.036487 v _1327_/Y (sky130_fd_sc_hd__a21oi_4)
                                                         _0652_ (net)
                      0.114794    0.000186    6.036672 v _1328_/B1 (sky130_fd_sc_hd__o21ai_4)
     4    0.017391    0.271923    0.149377    6.186049 ^ _1328_/Y (sky130_fd_sc_hd__o21ai_4)
                                                         _0653_ (net)
                      0.271923    0.000433    6.186483 ^ _1350_/A (sky130_fd_sc_hd__nand3_1)
     2    0.007983    0.269193    0.303662    6.490145 v _1350_/Y (sky130_fd_sc_hd__nand3_1)
                                                         _0673_ (net)
                      0.269193    0.000044    6.490189 v _1359_/A (sky130_fd_sc_hd__nand3_1)
     1    0.005922    0.141680    0.225171    6.715360 ^ _1359_/Y (sky130_fd_sc_hd__nand3_1)
                                                         _0682_ (net)
                      0.141680    0.000060    6.715420 ^ _1361_/C1 (sky130_fd_sc_hd__o211ai_2)
     1    0.007706    0.174981    0.214323    6.929743 v _1361_/Y (sky130_fd_sc_hd__o211ai_2)
                                                         _0684_ (net)
                      0.174981    0.000207    6.929951 v _1362_/B1 (sky130_fd_sc_hd__o41ai_1)
     1    0.002262    0.414608    0.131699    7.061650 ^ _1362_/Y (sky130_fd_sc_hd__o41ai_1)
                                                         _0057_ (net)
                      0.414608    0.000015    7.061665 ^ _1431_/D (sky130_fd_sc_hd__dfxtp_1)
                                              7.061665   data arrival time

                                  5.000000    5.000000   clock clk (rise edge)
                                  0.000000    5.000000   clock source latency
     1    0.018344    0.138458    0.094051    5.094051 ^ clk (in)
                                                         clk (net)
                      0.138464    0.000000    5.094051 ^ clkbuf_0_clk/A (sky130_fd_sc_hd__clkbuf_16)
     8    0.085999    0.156722    0.331499    5.425550 ^ clkbuf_0_clk/X (sky130_fd_sc_hd__clkbuf_16)
                                                         clknet_0_clk (net)
                      0.156734    0.001501    5.427051 ^ clkbuf_3_3__f_clk/A (sky130_fd_sc_hd__clkbuf_16)
     8    0.032240    0.083485    0.278706    5.705757 ^ clkbuf_3_3__f_clk/X (sky130_fd_sc_hd__clkbuf_16)
                                                         clknet_3_3__leaf_clk (net)
                      0.083485    0.000379    5.706136 ^ _1431_/CLK (sky130_fd_sc_hd__dfxtp_1)
                                 -0.250000    5.456136   clock uncertainty
                                  0.000000    5.456136   clock reconvergence pessimism
                                 -0.215693    5.240443   library setup time
                                              5.240443   data required time
---------------------------------------------------------------------------------------------
                                              5.240443   data required time
                                             -7.061665   data arrival time
---------------------------------------------------------------------------------------------
                                             -1.821221   slack (VIOLATED)




===========================================================================
report_checks --slack_max -0.01
============================================================================
======================= min_ss_100C_1v60 Corner ===================================

Startpoint: b_in[2] (input port clocked by clk)
Endpoint: _1431_ (rising edge-triggered flip-flop clocked by clk)
Path Group: clk
Path Type: max

Fanout         Cap        Slew       Delay        Time   Description
---------------------------------------------------------------------------------------------
                                  0.000000    0.000000   clock clk (rise edge)
                                  0.000000    0.000000   clock network delay (propagated)
                                  1.000000    1.000000 ^ input external delay
     1    0.002911    0.032988    0.016360    1.016360 ^ b_in[2] (in)
                                                         b_in[2] (net)
                      0.032988    0.000000    1.016360 ^ input11/A (sky130_fd_sc_hd__clkbuf_1)
     2    0.018740    0.360034    0.339981    1.356341 ^ input11/X (sky130_fd_sc_hd__clkbuf_1)
                                                         net11 (net)
                      0.360034    0.000352    1.356693 ^ fanout128/A (sky130_fd_sc_hd__clkbuf_4)
    10    0.058541    0.286135    0.538003    1.894696 ^ fanout128/X (sky130_fd_sc_hd__clkbuf_4)
                                                         net128 (net)
                      0.286135    0.000691    1.895387 ^ _1065_/A (sky130_fd_sc_hd__nand2_4)
     4    0.027970    0.153587    0.229791    2.125178 v _1065_/Y (sky130_fd_sc_hd__nand2_4)
                                                         _0395_ (net)
                      0.153587    0.000187    2.125365 v _1073_/B1 (sky130_fd_sc_hd__a41o_4)
     3    0.019714    0.100203    0.499473    2.624838 v _1073_/X (sky130_fd_sc_hd__a41o_4)
                                                         _0403_ (net)
                      0.100203    0.000167    2.625005 v _1076_/A1 (sky130_fd_sc_hd__o211ai_4)
     5    0.030520    0.452037    0.487291    3.112296 ^ _1076_/Y (sky130_fd_sc_hd__o211ai_4)
                                                         _0406_ (net)
                      0.452037    0.000773    3.113069 ^ _1090_/A2_N (sky130_fd_sc_hd__o2bb2ai_4)
     2    0.018662    0.265335    0.359839    3.472908 ^ _1090_/Y (sky130_fd_sc_hd__o2bb2ai_4)
                                                         _0420_ (net)
                      0.265335    0.000096    3.473004 ^ _1097_/B2 (sky130_fd_sc_hd__a22oi_4)
     5    0.020661    0.168130    0.212003    3.685007 v _1097_/Y (sky130_fd_sc_hd__a22oi_4)
                                                         _0427_ (net)
                      0.168130    0.000737    3.685744 v rebuffer4/A (sky130_fd_sc_hd__dlymetal6s2s_1)
     1    0.006260    0.100137    0.352291    4.038035 v rebuffer4/X (sky130_fd_sc_hd__dlymetal6s2s_1)
                                                         net139 (net)
                      0.100138    0.000104    4.038139 v _1168_/A2 (sky130_fd_sc_hd__o21ai_2)
     1    0.009876    0.248998    0.271901    4.310040 ^ _1168_/Y (sky130_fd_sc_hd__o21ai_2)
                                                         _0497_ (net)
                      0.248998    0.000107    4.310147 ^ _1169_/B (sky130_fd_sc_hd__nand3_4)
     6    0.029333    0.247159    0.307503    4.617650 v _1169_/Y (sky130_fd_sc_hd__nand3_4)
                                                         _0498_ (net)
                      0.247159    0.000269    4.617918 v rebuffer15/A (sky130_fd_sc_hd__buf_6)
     1    0.008847    0.042740    0.291736    4.909655 v rebuffer15/X (sky130_fd_sc_hd__buf_6)
                                                         net150 (net)
                      0.042740    0.000096    4.909750 v _1178_/C1 (sky130_fd_sc_hd__o221ai_4)
     2    0.015550    0.353461    0.112887    5.022637 ^ _1178_/Y (sky130_fd_sc_hd__o221ai_4)
                                                         _0507_ (net)
                      0.353461    0.000187    5.022824 ^ _1181_/C1 (sky130_fd_sc_hd__o211ai_2)
     2    0.010415    0.228095    0.320619    5.343443 v _1181_/Y (sky130_fd_sc_hd__o211ai_2)
                                                         _0510_ (net)
                      0.228095    0.000137    5.343579 v _1241_/A2 (sky130_fd_sc_hd__o21ai_1)
     1    0.011921    0.424728    0.457773    5.801353 ^ _1241_/Y (sky130_fd_sc_hd__o21ai_1)
                                                         _0568_ (net)
                      0.424728    0.000191    5.801543 ^ _1327_/A2 (sky130_fd_sc_hd__a21oi_4)
     1    0.010768    0.114794    0.234943    6.036487 v _1327_/Y (sky130_fd_sc_hd__a21oi_4)
                                                         _0652_ (net)
                      0.114794    0.000186    6.036672 v _1328_/B1 (sky130_fd_sc_hd__o21ai_4)
     4    0.017391    0.271923    0.149377    6.186049 ^ _1328_/Y (sky130_fd_sc_hd__o21ai_4)
                                                         _0653_ (net)
                      0.271923    0.000433    6.186483 ^ _1350_/A (sky130_fd_sc_hd__nand3_1)
     2    0.007983    0.269193    0.303662    6.490145 v _1350_/Y (sky130_fd_sc_hd__nand3_1)
                                                         _0673_ (net)
                      0.269193    0.000044    6.490189 v _1359_/A (sky130_fd_sc_hd__nand3_1)
     1    0.005922    0.141680    0.225171    6.715360 ^ _1359_/Y (sky130_fd_sc_hd__nand3_1)
                                                         _0682_ (net)
                      0.141680    0.000060    6.715420 ^ _1361_/C1 (sky130_fd_sc_hd__o211ai_2)
     1    0.007706    0.174981    0.214323    6.929743 v _1361_/Y (sky130_fd_sc_hd__o211ai_2)
                                                         _0684_ (net)
                      0.174981    0.000207    6.929951 v _1362_/B1 (sky130_fd_sc_hd__o41ai_1)
     1    0.002262    0.414608    0.131699    7.061650 ^ _1362_/Y (sky130_fd_sc_hd__o41ai_1)
                                                         _0057_ (net)
                      0.414608    0.000015    7.061665 ^ _1431_/D (sky130_fd_sc_hd__dfxtp_1)
                                              7.061665   data arrival time

                                  5.000000    5.000000   clock clk (rise edge)
                                  0.000000    5.000000   clock source latency
     1    0.018344    0.138458    0.094051    5.094051 ^ clk (in)
                                                         clk (net)
                      0.138464    0.000000    5.094051 ^ clkbuf_0_clk/A (sky130_fd_sc_hd__clkbuf_16)
     8    0.085999    0.156722    0.331499    5.425550 ^ clkbuf_0_clk/X (sky130_fd_sc_hd__clkbuf_16)
                                                         clknet_0_clk (net)
                      0.156734    0.001501    5.427051 ^ clkbuf_3_3__f_clk/A (sky130_fd_sc_hd__clkbuf_16)
     8    0.032240    0.083485    0.278706    5.705757 ^ clkbuf_3_3__f_clk/X (sky130_fd_sc_hd__clkbuf_16)
                                                         clknet_3_3__leaf_clk (net)
                      0.083485    0.000379    5.706136 ^ _1431_/CLK (sky130_fd_sc_hd__dfxtp_1)
                                 -0.250000    5.456136   clock uncertainty
                                  0.000000    5.456136   clock reconvergence pessimism
                                 -0.215693    5.240443   library setup time
                                              5.240443   data required time
---------------------------------------------------------------------------------------------
                                              5.240443   data required time
                                             -7.061665   data arrival time
---------------------------------------------------------------------------------------------
                                             -1.821221   slack (VIOLATED)




===========================================================================
 report_check_types -max_slew -max_cap -max_fanout -violators
============================================================================
======================= min_ss_100C_1v60 Corner ===================================

max slew

Pin                                        Limit        Slew       Slack
------------------------------------------------------------------------
_1357_/Y                                0.750000    0.797344   -0.047344 (VIOLATED)
_1360_/B1                               0.750000    0.797344   -0.047344 (VIOLATED)
max_cap73/A                             0.750000    0.797344   -0.047344 (VIOLATED)

max fanout

Pin                                   Limit Fanout  Slack
---------------------------------------------------------
clkbuf_3_5__f_clk/X                      10     12     -2 (VIOLATED)
clkbuf_3_7__f_clk/X                      10     12     -2 (VIOLATED)



===========================================================================
report_parasitic_annotation -report_unannotated
============================================================================
Found 6 unannotated drivers.
 clkload0/Y
 clkload1/Y
 clkload2/Y
 clkload3/Y
 clkload4/Y
 clkload5/Y
Found 0 partially unannotated drivers.

===========================================================================
max slew violation count 3
max fanout violation count 2
max cap violation count 0
============================================================================

===========================================================================
check_setup -verbose -unconstrained_endpoints -multiple_clock -no_clock -no_input_delay -loops -generated_clocks
===========================================================================
