Clock: clk
Sources: clk 
Generated: no
Virtual: yes
Propagated: no
Period: 5.000000

===========================================================================
report_clock_properties
============================================================================
Clock                   Period          Waveform
----------------------------------------------------
clk                   5.000000    0.000000  2.500000

===========================================================================
report_clock_latency
============================================================================
Clock clk
rise -> rise
    min     max
0.000000 0.000000 source latency
0.698921         network latency _1383_/CLK
        0.713452 network latency _1411_/CLK
---------------
0.698921 0.713452 latency
        0.014530 skew

fall -> fall
    min     max
0.000000 0.000000 source latency
0.655121         network latency _1383_/CLK
        0.667819 network latency _1411_/CLK
---------------
0.655121 0.667819 latency
        0.012697 skew



===========================================================================
report_clock_min_period
============================================================================
clk period_min = 5.77 fmax = 173.24
