Clock: clk
Sources: clk 
Generated: no
Virtual: yes
Propagated: no
Period: 6.000000

===========================================================================
report_clock_properties
============================================================================
Clock                   Period          Waveform
----------------------------------------------------
clk                   6.000000    0.000000  3.000000

===========================================================================
report_clock_latency
============================================================================
Clock clk
rise -> rise
    min     max
0.000000 0.000000 source latency
0.538978         network latency _1378_/CLK
        0.543657 network latency _1413_/CLK
---------------
0.538978 0.543657 latency
        0.004678 skew

fall -> fall
    min     max
0.000000 0.000000 source latency
0.261551         network latency _1378_/CLK
        0.265902 network latency _1413_/CLK
---------------
0.261551 0.265902 latency
        0.004351 skew



===========================================================================
report_clock_min_period
============================================================================
clk period_min = 3.32 fmax = 300.82
