
===========================================================================
 report_power
============================================================================
======================= nom_tt_025C_1v80 Corner ===================================

Group                    Internal    Switching      Leakage        Total
                            Power        Power        Power        Power (Watts)
------------------------------------------------------------------------
Sequential           4.631145e-04 2.614902e-05 5.752235e-10 4.892641e-04  42.4%
Combinational        3.069568e-04 3.579867e-04 2.530172e-09 6.649461e-04  57.6%
Clock                0.000000e+00 0.000000e+00 3.434442e-10 3.434442e-10   0.0%
Macro                0.000000e+00 0.000000e+00 0.000000e+00 0.000000e+00   0.0%
Pad                  0.000000e+00 0.000000e+00 0.000000e+00 0.000000e+00   0.0%
------------------------------------------------------------------------
Total                7.700713e-04 3.841356e-04 3.448843e-09 1.154210e-03 100.0%
                            66.7%        33.3%         0.0%
Writing metric power__internal__total: 0.0007700712885707617
Writing metric power__switching__total: 0.0003841356374323368
Writing metric power__leakage__total: 3.4488429889734107e-9
Writing metric power__total: 0.0011542104184627533

