Clock: clk
Sources: clk 
Generated: no
Virtual: yes
Propagated: no
Period: 5.000000

===========================================================================
report_clock_properties
============================================================================
Clock                   Period          Waveform
----------------------------------------------------
clk                   5.000000    0.000000  2.500000

===========================================================================
report_clock_latency
============================================================================
Clock clk
rise -> rise
    min     max
0.000000 0.000000 source latency
0.559715         network latency _1377_/CLK
        0.562727 network latency _1412_/CLK
---------------
0.559715 0.562727 latency
        0.003012 skew

fall -> fall
    min     max
0.000000 0.000000 source latency
0.272956         network latency _1377_/CLK
        0.275771 network latency _1412_/CLK
---------------
0.272956 0.275771 latency
        0.002815 skew



===========================================================================
report_clock_min_period
============================================================================
clk period_min = 3.33 fmax = 300.35
