
===========================================================================
 report_power
============================================================================
======================= nom_tt_025C_1v80 Corner ===================================

Group                    Internal    Switching      Leakage        Total
                            Power        Power        Power        Power (Watts)
------------------------------------------------------------------------
Sequential           5.560398e-04 3.118498e-05 5.752235e-10 5.872254e-04  42.5%
Combinational        3.682418e-04 4.267968e-04 2.530172e-09 7.950412e-04  57.5%
Clock                0.000000e+00 0.000000e+00 3.434442e-10 3.434442e-10   0.0%
Macro                0.000000e+00 0.000000e+00 0.000000e+00 0.000000e+00   0.0%
Pad                  0.000000e+00 0.000000e+00 0.000000e+00 0.000000e+00   0.0%
------------------------------------------------------------------------
Total                9.242815e-04 4.579817e-04 3.448843e-09 1.382267e-03 100.0%
                            66.9%        33.1%         0.0%
Writing metric power__internal__total: 0.0009242815431207418
Writing metric power__switching__total: 0.00045798165956512094
Writing metric power__leakage__total: 3.4488429889734107e-9
Writing metric power__total: 0.0013822666369378567

