Clock: clk
Sources: clk 
Generated: no
Virtual: yes
Propagated: no
Period: 5.000000

===========================================================================
report_clock_properties
============================================================================
Clock                   Period          Waveform
----------------------------------------------------
clk                   5.000000    0.000000  2.500000

===========================================================================
report_clock_latency
============================================================================
Clock clk
rise -> rise
    min     max
0.000000 0.000000 source latency
0.442115         network latency _1423_/CLK
        0.455231 network latency _1382_/CLK
---------------
0.442115 0.455231 latency
        0.013116 skew

fall -> fall
    min     max
0.000000 0.000000 source latency
0.391612         network latency _1423_/CLK
        0.403005 network latency _1382_/CLK
---------------
0.391612 0.403005 latency
        0.011394 skew



===========================================================================
report_clock_min_period
============================================================================
clk period_min = 3.28 fmax = 305.33
