
===========================================================================
 report_power
============================================================================
======================= max_tt_025C_1v80 Corner ===================================

Group                    Internal    Switching      Leakage        Total
                            Power        Power        Power        Power (Watts)
------------------------------------------------------------------------
Sequential           5.471748e-04 1.220371e-05 5.479264e-10 5.593790e-04  24.5%
Combinational        4.504730e-04 6.255318e-04 4.124081e-09 1.076009e-03  47.1%
Clock                4.092944e-04 2.380444e-04 2.047553e-09 6.473408e-04  28.4%
Macro                0.000000e+00 0.000000e+00 0.000000e+00 0.000000e+00   0.0%
Pad                  0.000000e+00 0.000000e+00 0.000000e+00 0.000000e+00   0.0%
------------------------------------------------------------------------
Total                1.406942e-03 8.757798e-04 6.719558e-09 2.282729e-03 100.0%
                            61.6%        38.4%         0.0%

