Clock: clk
Sources: clk 
Generated: no
Virtual: yes
Propagated: no
Period: 5.000000

===========================================================================
report_clock_properties
============================================================================
Clock                   Period          Waveform
----------------------------------------------------
clk                   5.000000    0.000000  2.500000

===========================================================================
report_clock_latency
============================================================================
Clock clk
rise -> rise
    min     max
0.000000 0.000000 source latency
0.386631         network latency _1419_/CLK
        0.392202 network latency _1402_/CLK
---------------
0.386631 0.392202 latency
        0.005571 skew

fall -> fall
    min     max
0.000000 0.000000 source latency
0.357004         network latency _1419_/CLK
        0.362064 network latency _1402_/CLK
---------------
0.357004 0.362064 latency
        0.005061 skew



===========================================================================
report_clock_min_period
============================================================================
clk period_min = 3.16 fmax = 316.44
