
===========================================================================
 report_power
============================================================================
======================= nom_tt_025C_1v80 Corner ===================================

Group                    Internal    Switching      Leakage        Total
                            Power        Power        Power        Power (Watts)
------------------------------------------------------------------------
Sequential           5.476134e-04 1.134780e-05 5.474519e-10 5.589617e-04  22.5%
Combinational        5.484708e-04 6.712468e-04 4.471604e-09 1.219722e-03  49.1%
Clock                5.035842e-04 2.034176e-04 4.498724e-10 7.070022e-04  28.4%
Macro                0.000000e+00 0.000000e+00 0.000000e+00 0.000000e+00   0.0%
Pad                  0.000000e+00 0.000000e+00 0.000000e+00 0.000000e+00   0.0%
------------------------------------------------------------------------
Total                1.599668e-03 8.860123e-04 5.468930e-09 2.485686e-03 100.0%
                            64.4%        35.6%         0.0%
Writing metric power__internal__total: 0.0015996681759133935
Writing metric power__switching__total: 0.0008860122761689126
Writing metric power__leakage__total: 5.468929753504881e-9
Writing metric power__total: 0.0024856857489794493

