
===========================================================================
 report_power
============================================================================
======================= min_tt_025C_1v80 Corner ===================================

Group                    Internal    Switching      Leakage        Total
                            Power        Power        Power        Power (Watts)
------------------------------------------------------------------------
Sequential           5.474079e-04 1.153434e-05 5.479264e-10 5.589427e-04  25.0%
Combinational        4.504471e-04 5.967882e-04 4.124081e-09 1.047239e-03  46.8%
Clock                4.089611e-04 2.218421e-04 2.047553e-09 6.308053e-04  28.2%
Macro                0.000000e+00 0.000000e+00 0.000000e+00 0.000000e+00   0.0%
Pad                  0.000000e+00 0.000000e+00 0.000000e+00 0.000000e+00   0.0%
------------------------------------------------------------------------
Total                1.406816e-03 8.301648e-04 6.719558e-09 2.236987e-03 100.0%
                            62.9%        37.1%         0.0%

