
===========================================================================
 report_power
============================================================================
======================= nom_tt_025C_1v80 Corner ===================================

Group                    Internal    Switching      Leakage        Total
                            Power        Power        Power        Power (Watts)
------------------------------------------------------------------------
Sequential           5.481167e-04 1.017391e-05 5.474519e-10 5.582912e-04  23.1%
Combinational        5.477687e-04 6.228102e-04 4.471604e-09 1.170583e-03  48.4%
Clock                5.028872e-04 1.880852e-04 4.498724e-10 6.909729e-04  28.6%
Macro                0.000000e+00 0.000000e+00 0.000000e+00 0.000000e+00   0.0%
Pad                  0.000000e+00 0.000000e+00 0.000000e+00 0.000000e+00   0.0%
------------------------------------------------------------------------
Total                1.598773e-03 8.210689e-04 5.468930e-09 2.419848e-03 100.0%
                            66.1%        33.9%         0.0%
Writing metric power__internal__total: 0.0015987732913345098
Writing metric power__switching__total: 0.0008210689411498606
Writing metric power__leakage__total: 5.468929753504881e-9
Writing metric power__total: 0.0024198475293815136

