
===========================================================================
 report_power
============================================================================
======================= min_tt_025C_1v80 Corner ===================================

Group                    Internal    Switching      Leakage        Total
                            Power        Power        Power        Power (Watts)
------------------------------------------------------------------------
Sequential           5.510491e-04 2.985162e-05 5.752235e-10 5.809013e-04  40.9%
Combinational        3.690828e-04 4.714162e-04 2.530172e-09 8.405016e-04  59.1%
Clock                0.000000e+00 0.000000e+00 0.000000e+00 0.000000e+00   0.0%
Macro                0.000000e+00 0.000000e+00 0.000000e+00 0.000000e+00   0.0%
Pad                  0.000000e+00 0.000000e+00 0.000000e+00 0.000000e+00   0.0%
------------------------------------------------------------------------
Total                9.201319e-04 5.012678e-04 3.105395e-09 1.421403e-03 100.0%
                            64.7%        35.3%         0.0%

