
===========================================================================
report_checks -unconstrained
===========================================================================
======================= max_ss_100C_1v60 Corner ===================================

Startpoint: b_in[2] (input port clocked by clk)
Endpoint: _1431_ (rising edge-triggered flip-flop clocked by clk)
Path Group: clk
Path Type: max

Fanout         Cap        Slew       Delay        Time   Description
---------------------------------------------------------------------------------------------
                                  0.000000    0.000000   clock clk (rise edge)
                                  0.000000    0.000000   clock network delay (propagated)
                                  0.000000    0.000000 ^ input external delay
     1    0.003119    0.034358    0.017525    0.017525 ^ b_in[2] (in)
                                                         b_in[2] (net)
                      0.034359    0.000000    0.017525 ^ input11/A (sky130_fd_sc_hd__buf_1)
     2    0.012476    0.245936    0.259918    0.277443 ^ input11/X (sky130_fd_sc_hd__buf_1)
                                                         net11 (net)
                      0.245940    0.000762    0.278205 ^ fanout127/A (sky130_fd_sc_hd__buf_4)
    10    0.076806    0.342161    0.486444    0.764649 ^ fanout127/X (sky130_fd_sc_hd__buf_4)
                                                         net127 (net)
                      0.342396    0.005459    0.770108 ^ fanout126/A (sky130_fd_sc_hd__buf_6)
    10    0.065824    0.217969    0.396218    1.166326 ^ fanout126/X (sky130_fd_sc_hd__buf_6)
                                                         net126 (net)
                      0.218653    0.009956    1.176281 ^ _0694_/A (sky130_fd_sc_hd__clkinv_4)
     7    0.069785    0.249233    0.294363    1.470644 v _0694_/Y (sky130_fd_sc_hd__clkinv_4)
                                                         _0074_ (net)
                      0.249467    0.006360    1.477005 v _1072_/A1 (sky130_fd_sc_hd__o22ai_4)
     3    0.019237    0.340258    0.451382    1.928387 ^ _1072_/Y (sky130_fd_sc_hd__o22ai_4)
                                                         _0402_ (net)
                      0.340259    0.001346    1.929733 ^ _1076_/C1 (sky130_fd_sc_hd__o211ai_4)
     4    0.024507    0.224897    0.313980    2.243712 v _1076_/Y (sky130_fd_sc_hd__o211ai_4)
                                                         _0406_ (net)
                      0.224906    0.001601    2.245313 v rebuffer82/A (sky130_fd_sc_hd__buf_6)
     1    0.010494    0.044408    0.284264    2.529577 v rebuffer82/X (sky130_fd_sc_hd__buf_6)
                                                         net214 (net)
                      0.044408    0.000806    2.530383 v _1091_/B1 (sky130_fd_sc_hd__o211ai_4)
     2    0.020353    0.353967    0.163600    2.693983 ^ _1091_/Y (sky130_fd_sc_hd__o211ai_4)
                                                         _0421_ (net)
                      0.353969    0.001361    2.695344 ^ _1100_/D1 (sky130_fd_sc_hd__o2111ai_4)
     4    0.030474    0.388741    0.457682    3.153026 v _1100_/Y (sky130_fd_sc_hd__o2111ai_4)
                                                         _0430_ (net)
                      0.388750    0.002428    3.155454 v rebuffer104/A (sky130_fd_sc_hd__buf_6)
     2    0.014212    0.052095    0.364829    3.520283 v rebuffer104/X (sky130_fd_sc_hd__buf_6)
                                                         net236 (net)
                      0.052100    0.000806    3.521089 v _1103_/B1 (sky130_fd_sc_hd__o211ai_2)
     2    0.012931    0.334936    0.151907    3.672997 ^ _1103_/Y (sky130_fd_sc_hd__o211ai_2)
                                                         _0433_ (net)
                      0.334936    0.000997    3.673993 ^ _1107_/A (sky130_fd_sc_hd__nand3_4)
     5    0.035341    0.286427    0.349562    4.023556 v _1107_/Y (sky130_fd_sc_hd__nand3_4)
                                                         _0437_ (net)
                      0.286453    0.002197    4.025753 v _1110_/A1_N (sky130_fd_sc_hd__o2bb2ai_4)
     4    0.023511    0.150241    0.399643    4.425396 v _1110_/Y (sky130_fd_sc_hd__o2bb2ai_4)
                                                         _0440_ (net)
                      0.150254    0.001451    4.426847 v _1114_/B1 (sky130_fd_sc_hd__o21a_1)
     1    0.004989    0.084781    0.247553    4.674400 v _1114_/X (sky130_fd_sc_hd__o21a_1)
                                                         _0444_ (net)
                      0.084827    0.000365    4.674765 v _1186_/A2 (sky130_fd_sc_hd__o21ai_2)
     3    0.021246    0.438964    0.408983    5.083748 ^ _1186_/Y (sky130_fd_sc_hd__o21ai_2)
                                                         _0515_ (net)
                      0.438986    0.002574    5.086322 ^ _1328_/A2 (sky130_fd_sc_hd__o21ai_4)
     4    0.021908    0.141896    0.259305    5.345627 v _1328_/Y (sky130_fd_sc_hd__o21ai_4)
                                                         _0653_ (net)
                      0.141921    0.001853    5.347480 v rebuffer112/A (sky130_fd_sc_hd__clkbuf_1)
     1    0.005496    0.077809    0.218027    5.565507 v rebuffer112/X (sky130_fd_sc_hd__clkbuf_1)
                                                         net244 (net)
                      0.077809    0.000395    5.565903 v _1350_/A (sky130_fd_sc_hd__nand3_2)
     2    0.008800    0.115789    0.120522    5.686425 ^ _1350_/Y (sky130_fd_sc_hd__nand3_2)
                                                         _0673_ (net)
                      0.115789    0.000465    5.686890 ^ _1359_/A (sky130_fd_sc_hd__nand3_1)
     1    0.005194    0.183208    0.195587    5.882477 v _1359_/Y (sky130_fd_sc_hd__nand3_1)
                                                         _0682_ (net)
                      0.183208    0.000403    5.882881 v _1361_/C1 (sky130_fd_sc_hd__o211ai_2)
     1    0.009715    0.283590    0.179089    6.061969 ^ _1361_/Y (sky130_fd_sc_hd__o211ai_2)
                                                         _0684_ (net)
                      0.283591    0.000837    6.062807 ^ _1362_/B1 (sky130_fd_sc_hd__o41ai_1)
     1    0.002136    0.112708    0.206656    6.269462 v _1362_/Y (sky130_fd_sc_hd__o41ai_1)
                                                         _0057_ (net)
                      0.112708    0.000148    6.269610 v _1431_/D (sky130_fd_sc_hd__dfxtp_1)
                                              6.269610   data arrival time

                                  4.000000    4.000000   clock clk (rise edge)
                                  0.000000    4.000000   clock source latency
     1    0.025164    0.186100    0.128373    4.128373 ^ clk (in)
                                                         clk (net)
                      0.186123    0.000000    4.128373 ^ clkbuf_0_clk/A (sky130_fd_sc_hd__clkbuf_16)
     8    0.085242    0.156041    0.349263    4.477636 ^ clkbuf_0_clk/X (sky130_fd_sc_hd__clkbuf_16)
                                                         clknet_0_clk (net)
                      0.156553    0.006383    4.484019 ^ clkbuf_3_3__f_clk/A (sky130_fd_sc_hd__clkbuf_16)
    11    0.034754    0.087174    0.281275    4.765293 ^ clkbuf_3_3__f_clk/X (sky130_fd_sc_hd__clkbuf_16)
                                                         clknet_3_3__leaf_clk (net)
                      0.087266    0.002499    4.767793 ^ _1431_/CLK (sky130_fd_sc_hd__dfxtp_1)
                                 -0.250000    4.517793   clock uncertainty
                                  0.000000    4.517793   clock reconvergence pessimism
                                 -0.282076    4.235717   library setup time
                                              4.235717   data required time
---------------------------------------------------------------------------------------------
                                              4.235717   data required time
                                             -6.269610   data arrival time
---------------------------------------------------------------------------------------------
                                             -2.033894   slack (VIOLATED)




===========================================================================
report_checks --slack_max -0.01
============================================================================
======================= max_ss_100C_1v60 Corner ===================================

Startpoint: b_in[2] (input port clocked by clk)
Endpoint: _1431_ (rising edge-triggered flip-flop clocked by clk)
Path Group: clk
Path Type: max

Fanout         Cap        Slew       Delay        Time   Description
---------------------------------------------------------------------------------------------
                                  0.000000    0.000000   clock clk (rise edge)
                                  0.000000    0.000000   clock network delay (propagated)
                                  0.000000    0.000000 ^ input external delay
     1    0.003119    0.034358    0.017525    0.017525 ^ b_in[2] (in)
                                                         b_in[2] (net)
                      0.034359    0.000000    0.017525 ^ input11/A (sky130_fd_sc_hd__buf_1)
     2    0.012476    0.245936    0.259918    0.277443 ^ input11/X (sky130_fd_sc_hd__buf_1)
                                                         net11 (net)
                      0.245940    0.000762    0.278205 ^ fanout127/A (sky130_fd_sc_hd__buf_4)
    10    0.076806    0.342161    0.486444    0.764649 ^ fanout127/X (sky130_fd_sc_hd__buf_4)
                                                         net127 (net)
                      0.342396    0.005459    0.770108 ^ fanout126/A (sky130_fd_sc_hd__buf_6)
    10    0.065824    0.217969    0.396218    1.166326 ^ fanout126/X (sky130_fd_sc_hd__buf_6)
                                                         net126 (net)
                      0.218653    0.009956    1.176281 ^ _0694_/A (sky130_fd_sc_hd__clkinv_4)
     7    0.069785    0.249233    0.294363    1.470644 v _0694_/Y (sky130_fd_sc_hd__clkinv_4)
                                                         _0074_ (net)
                      0.249467    0.006360    1.477005 v _1072_/A1 (sky130_fd_sc_hd__o22ai_4)
     3    0.019237    0.340258    0.451382    1.928387 ^ _1072_/Y (sky130_fd_sc_hd__o22ai_4)
                                                         _0402_ (net)
                      0.340259    0.001346    1.929733 ^ _1076_/C1 (sky130_fd_sc_hd__o211ai_4)
     4    0.024507    0.224897    0.313980    2.243712 v _1076_/Y (sky130_fd_sc_hd__o211ai_4)
                                                         _0406_ (net)
                      0.224906    0.001601    2.245313 v rebuffer82/A (sky130_fd_sc_hd__buf_6)
     1    0.010494    0.044408    0.284264    2.529577 v rebuffer82/X (sky130_fd_sc_hd__buf_6)
                                                         net214 (net)
                      0.044408    0.000806    2.530383 v _1091_/B1 (sky130_fd_sc_hd__o211ai_4)
     2    0.020353    0.353967    0.163600    2.693983 ^ _1091_/Y (sky130_fd_sc_hd__o211ai_4)
                                                         _0421_ (net)
                      0.353969    0.001361    2.695344 ^ _1100_/D1 (sky130_fd_sc_hd__o2111ai_4)
     4    0.030474    0.388741    0.457682    3.153026 v _1100_/Y (sky130_fd_sc_hd__o2111ai_4)
                                                         _0430_ (net)
                      0.388750    0.002428    3.155454 v rebuffer104/A (sky130_fd_sc_hd__buf_6)
     2    0.014212    0.052095    0.364829    3.520283 v rebuffer104/X (sky130_fd_sc_hd__buf_6)
                                                         net236 (net)
                      0.052100    0.000806    3.521089 v _1103_/B1 (sky130_fd_sc_hd__o211ai_2)
     2    0.012931    0.334936    0.151907    3.672997 ^ _1103_/Y (sky130_fd_sc_hd__o211ai_2)
                                                         _0433_ (net)
                      0.334936    0.000997    3.673993 ^ _1107_/A (sky130_fd_sc_hd__nand3_4)
     5    0.035341    0.286427    0.349562    4.023556 v _1107_/Y (sky130_fd_sc_hd__nand3_4)
                                                         _0437_ (net)
                      0.286453    0.002197    4.025753 v _1110_/A1_N (sky130_fd_sc_hd__o2bb2ai_4)
     4    0.023511    0.150241    0.399643    4.425396 v _1110_/Y (sky130_fd_sc_hd__o2bb2ai_4)
                                                         _0440_ (net)
                      0.150254    0.001451    4.426847 v _1114_/B1 (sky130_fd_sc_hd__o21a_1)
     1    0.004989    0.084781    0.247553    4.674400 v _1114_/X (sky130_fd_sc_hd__o21a_1)
                                                         _0444_ (net)
                      0.084827    0.000365    4.674765 v _1186_/A2 (sky130_fd_sc_hd__o21ai_2)
     3    0.021246    0.438964    0.408983    5.083748 ^ _1186_/Y (sky130_fd_sc_hd__o21ai_2)
                                                         _0515_ (net)
                      0.438986    0.002574    5.086322 ^ _1328_/A2 (sky130_fd_sc_hd__o21ai_4)
     4    0.021908    0.141896    0.259305    5.345627 v _1328_/Y (sky130_fd_sc_hd__o21ai_4)
                                                         _0653_ (net)
                      0.141921    0.001853    5.347480 v rebuffer112/A (sky130_fd_sc_hd__clkbuf_1)
     1    0.005496    0.077809    0.218027    5.565507 v rebuffer112/X (sky130_fd_sc_hd__clkbuf_1)
                                                         net244 (net)
                      0.077809    0.000395    5.565903 v _1350_/A (sky130_fd_sc_hd__nand3_2)
     2    0.008800    0.115789    0.120522    5.686425 ^ _1350_/Y (sky130_fd_sc_hd__nand3_2)
                                                         _0673_ (net)
                      0.115789    0.000465    5.686890 ^ _1359_/A (sky130_fd_sc_hd__nand3_1)
     1    0.005194    0.183208    0.195587    5.882477 v _1359_/Y (sky130_fd_sc_hd__nand3_1)
                                                         _0682_ (net)
                      0.183208    0.000403    5.882881 v _1361_/C1 (sky130_fd_sc_hd__o211ai_2)
     1    0.009715    0.283590    0.179089    6.061969 ^ _1361_/Y (sky130_fd_sc_hd__o211ai_2)
                                                         _0684_ (net)
                      0.283591    0.000837    6.062807 ^ _1362_/B1 (sky130_fd_sc_hd__o41ai_1)
     1    0.002136    0.112708    0.206656    6.269462 v _1362_/Y (sky130_fd_sc_hd__o41ai_1)
                                                         _0057_ (net)
                      0.112708    0.000148    6.269610 v _1431_/D (sky130_fd_sc_hd__dfxtp_1)
                                              6.269610   data arrival time

                                  4.000000    4.000000   clock clk (rise edge)
                                  0.000000    4.000000   clock source latency
     1    0.025164    0.186100    0.128373    4.128373 ^ clk (in)
                                                         clk (net)
                      0.186123    0.000000    4.128373 ^ clkbuf_0_clk/A (sky130_fd_sc_hd__clkbuf_16)
     8    0.085242    0.156041    0.349263    4.477636 ^ clkbuf_0_clk/X (sky130_fd_sc_hd__clkbuf_16)
                                                         clknet_0_clk (net)
                      0.156553    0.006383    4.484019 ^ clkbuf_3_3__f_clk/A (sky130_fd_sc_hd__clkbuf_16)
    11    0.034754    0.087174    0.281275    4.765293 ^ clkbuf_3_3__f_clk/X (sky130_fd_sc_hd__clkbuf_16)
                                                         clknet_3_3__leaf_clk (net)
                      0.087266    0.002499    4.767793 ^ _1431_/CLK (sky130_fd_sc_hd__dfxtp_1)
                                 -0.250000    4.517793   clock uncertainty
                                  0.000000    4.517793   clock reconvergence pessimism
                                 -0.282076    4.235717   library setup time
                                              4.235717   data required time
---------------------------------------------------------------------------------------------
                                              4.235717   data required time
                                             -6.269610   data arrival time
---------------------------------------------------------------------------------------------
                                             -2.033894   slack (VIOLATED)




===========================================================================
 report_check_types -max_slew -max_cap -max_fanout -violators
============================================================================
======================= max_ss_100C_1v60 Corner ===================================

max slew

Pin                                        Limit        Slew       Slack
------------------------------------------------------------------------
_1357_/Y                                0.750000    0.790804   -0.040804 (VIOLATED)
_1360_/B1                               0.750000    0.790804   -0.040804 (VIOLATED)
max_cap73/A                             0.750000    0.790804   -0.040804 (VIOLATED)

max fanout

Pin                                   Limit Fanout  Slack
---------------------------------------------------------
clkbuf_3_2__f_clk/X                      10     11        (VIOLATED)
clkbuf_3_3__f_clk/X                      10     11        (VIOLATED)
clkbuf_3_7__f_clk/X                      10     11        (VIOLATED)



===========================================================================
report_parasitic_annotation -report_unannotated
============================================================================
Found 6 unannotated drivers.
 clkload0/X
 clkload1/Y
 clkload2/Y
 clkload3/Y
 clkload4/Y
 clkload5/X
Found 0 partially unannotated drivers.

===========================================================================
max slew violation count 3
max fanout violation count 3
max cap violation count 0
============================================================================

===========================================================================
check_setup -verbose -unconstrained_endpoints -multiple_clock -no_clock -no_input_delay -loops -generated_clocks
===========================================================================
