Clock: clk
Sources: clk 
Generated: no
Virtual: yes
Propagated: no
Period: 4.000000

===========================================================================
report_clock_properties
============================================================================
Clock                   Period          Waveform
----------------------------------------------------
clk                   4.000000    0.000000  2.000000

===========================================================================
report_clock_latency
============================================================================
Clock clk
rise -> rise
    min     max
0.000000 0.000000 source latency
0.756229         network latency _1422_/CLK
        0.778147 network latency _1380_/CLK
---------------
0.756229 0.778147 latency
        0.021919 skew

fall -> fall
    min     max
0.000000 0.000000 source latency
0.692417         network latency _1422_/CLK
        0.711744 network latency _1380_/CLK
---------------
0.692417 0.711744 latency
        0.019327 skew



===========================================================================
report_clock_min_period
============================================================================
clk period_min = 5.91 fmax = 169.32
