┏━━━━━━━━━━━━━━━━━━━━━━┳━━━━━━━━━━┳━━━━━━━━━━┳━━━━━━━━━━┳━━━━━━━━━━┳━━━━━━━━━━━┳━━━━━━━━━━┳━━━━━━━━━━━┳━━━━━━━━━━┳━━━━━━━━━━━┳━━━━━━━━━━┳━━━━━━━━━━━┳━━━━━━━━━━┓
┃                      ┃ Hold     ┃ Reg to   ┃          ┃          ┃ of which  ┃ Setup    ┃           ┃          ┃           ┃ of which ┃           ┃          ┃
┃                      ┃ Worst    ┃ Reg      ┃          ┃ Hold Vio ┃ reg to    ┃ Worst    ┃ Reg to    ┃ Setup    ┃ Setup Vio ┃ reg to   ┃ Max Cap   ┃ Max Slew ┃
┃ Corner/Group         ┃ Slack    ┃ Paths    ┃ Hold TNS ┃ Count    ┃ reg       ┃ Slack    ┃ Reg Paths ┃ TNS      ┃ Count     ┃ reg      ┃ Violatio… ┃ Violati… ┃
┡━━━━━━━━━━━━━━━━━━━━━━╇━━━━━━━━━━╇━━━━━━━━━━╇━━━━━━━━━━╇━━━━━━━━━━╇━━━━━━━━━━━╇━━━━━━━━━━╇━━━━━━━━━━━╇━━━━━━━━━━╇━━━━━━━━━━━╇━━━━━━━━━━╇━━━━━━━━━━━╇━━━━━━━━━━┩
│ Overall              │ -0.1546  │ 0.1232   │ -1.1819  │ 26       │ 0         │ -2.0622  │ -1.8101   │ -52.5857 │ 37        │ 25       │ 1         │ 141      │
│ nom_tt_025C_1v80     │ -0.1145  │ 0.3086   │ -0.3599  │ 5        │ 0         │ 0.7958   │ 0.8773    │ 0.0000   │ 0         │ 0        │ 0         │ 46       │
│ nom_ss_100C_1v60     │ 0.0192   │ 0.8234   │ 0.0000   │ 0        │ 0         │ -2.0622  │ -1.8101   │ -52.5857 │ 37        │ 25       │ 1         │ 141      │
│ nom_ff_n40C_1v95     │ -0.1546  │ 0.1232   │ -1.1819  │ 21       │ 0         │ 1.9727   │ 2.0428    │ 0.0000   │ 0         │ 0        │ 0         │ 46       │
└──────────────────────┴──────────┴──────────┴──────────┴──────────┴───────────┴──────────┴───────────┴──────────┴───────────┴──────────┴───────────┴──────────┘
