
===========================================================================
 report_power
============================================================================
======================= nom_tt_025C_1v80 Corner ===================================

Group                    Internal    Switching      Leakage        Total
                            Power        Power        Power        Power (Watts)
------------------------------------------------------------------------
Sequential           5.481433e-04 1.013933e-05 5.479264e-10 5.582831e-04  26.0%
Combinational        4.501784e-04 5.407149e-04 4.124084e-09 9.908974e-04  46.1%
Clock                4.080105e-04 1.914352e-04 4.890808e-10 5.994462e-04  27.9%
Macro                0.000000e+00 0.000000e+00 0.000000e+00 0.000000e+00   0.0%
Pad                  0.000000e+00 0.000000e+00 0.000000e+00 0.000000e+00   0.0%
------------------------------------------------------------------------
Total                1.406332e-03 7.422896e-04 5.161093e-09 2.148627e-03 100.0%
                            65.5%        34.5%         0.0%
Writing metric power__internal__total: 0.0014063321286812425
Writing metric power__switching__total: 0.0007422895869240165
Writing metric power__leakage__total: 5.1610928863965455e-9
Writing metric power__total: 0.0021486268378794193

