
===========================================================================
report_checks -unconstrained
===========================================================================
======================= nom_tt_025C_1v80 Corner ===================================

Startpoint: a_in[4] (input port clocked by clk)
Endpoint: _1427_ (rising edge-triggered flip-flop clocked by clk)
Path Group: clk
Path Type: max

Fanout         Cap        Slew       Delay        Time   Description
---------------------------------------------------------------------------------------------
                                  0.000000    0.000000   clock clk (rise edge)
                                  0.000000    0.000000   clock network delay (propagated)
                                  1.000000    1.000000 ^ input external delay
     1    0.002622    0.018973    0.009674    1.009674 ^ a_in[4] (in)
                                                         a_in[4] (net)
                      0.018973    0.000000    1.009674 ^ input5/A (sky130_fd_sc_hd__buf_2)
     5    0.033748    0.167794    0.186106    1.195780 ^ input5/X (sky130_fd_sc_hd__buf_2)
                                                         net5 (net)
                      0.167797    0.000544    1.196324 ^ fanout103/A (sky130_fd_sc_hd__clkbuf_8)
    10    0.064407    0.121229    0.228915    1.425239 ^ fanout103/X (sky130_fd_sc_hd__clkbuf_8)
                                                         net103 (net)
                      0.121229    0.000003    1.425243 ^ fanout102/A (sky130_fd_sc_hd__buf_4)
    10    0.055694    0.157673    0.224563    1.649805 ^ fanout102/X (sky130_fd_sc_hd__buf_4)
                                                         net102 (net)
                      0.157673    0.000157    1.649963 ^ _0995_/B (sky130_fd_sc_hd__nand2_1)
     4    0.011858    0.099441    0.127911    1.777874 v _0995_/Y (sky130_fd_sc_hd__nand2_1)
                                                         _0326_ (net)
                      0.099441    0.000023    1.777897 v _1004_/B1 (sky130_fd_sc_hd__a41o_1)
     2    0.011061    0.073876    0.259587    2.037484 v _1004_/X (sky130_fd_sc_hd__a41o_1)
                                                         _0335_ (net)
                      0.073876    0.000040    2.037524 v _1008_/A2 (sky130_fd_sc_hd__o221ai_4)
     2    0.011905    0.199618    0.206263    2.243788 ^ _1008_/Y (sky130_fd_sc_hd__o221ai_4)
                                                         _0339_ (net)
                      0.199618    0.000059    2.243846 ^ max_cap74/A (sky130_fd_sc_hd__buf_2)
     4    0.030492    0.153113    0.235356    2.479202 ^ max_cap74/X (sky130_fd_sc_hd__buf_2)
                                                         net74 (net)
                      0.153113    0.000126    2.479328 ^ _1022_/A2_N (sky130_fd_sc_hd__o2bb2ai_4)
     4    0.019516    0.171840    0.159649    2.638977 ^ _1022_/Y (sky130_fd_sc_hd__o2bb2ai_4)
                                                         _0353_ (net)
                      0.171840    0.000042    2.639019 ^ _1030_/C1 (sky130_fd_sc_hd__o211ai_4)
     4    0.016515    0.093130    0.118144    2.757164 v _1030_/Y (sky130_fd_sc_hd__o211ai_4)
                                                         _0361_ (net)
                      0.093130    0.000066    2.757229 v _1051_/B1 (sky130_fd_sc_hd__a32oi_4)
     4    0.028237    0.314541    0.291056    3.048285 ^ _1051_/Y (sky130_fd_sc_hd__a32oi_4)
                                                         _0381_ (net)
                      0.314541    0.000397    3.048682 ^ _1107_/B (sky130_fd_sc_hd__nand3_4)
     5    0.028191    0.133772    0.170786    3.219469 v _1107_/Y (sky130_fd_sc_hd__nand3_4)
                                                         _0437_ (net)
                      0.133772    0.000087    3.219556 v _1112_/B (sky130_fd_sc_hd__and4b_1)
     2    0.005706    0.052049    0.223297    3.442853 v _1112_/X (sky130_fd_sc_hd__and4b_1)
                                                         _0442_ (net)
                      0.052049    0.000038    3.442891 v _1185_/A1 (sky130_fd_sc_hd__o22ai_1)
     2    0.007250    0.212448    0.218997    3.661888 ^ _1185_/Y (sky130_fd_sc_hd__o22ai_1)
                                                         _0514_ (net)
                      0.212448    0.000047    3.661935 ^ _1240_/C (sky130_fd_sc_hd__nand4_1)
     3    0.008900    0.140355    0.175555    3.837490 v _1240_/Y (sky130_fd_sc_hd__nand4_1)
                                                         _0567_ (net)
                      0.140355    0.000066    3.837556 v _1275_/A1 (sky130_fd_sc_hd__a21oi_1)
     2    0.004791    0.145163    0.183709    4.021265 ^ _1275_/Y (sky130_fd_sc_hd__a21oi_1)
                                                         _0602_ (net)
                      0.145163    0.000009    4.021275 ^ _1278_/A1_N (sky130_fd_sc_hd__a2bb2o_1)
     1    0.002269    0.048750    0.292296    4.313570 v _1278_/X (sky130_fd_sc_hd__a2bb2o_1)
                                                         _0053_ (net)
                      0.048750    0.000006    4.313576 v _1427_/D (sky130_fd_sc_hd__dfxtp_1)
                                              4.313576   data arrival time

                                  5.000000    5.000000   clock clk (rise edge)
                                  0.000000    5.000000   clock source latency
     1    0.013735    0.067783    0.046062    5.046062 ^ clk (in)
                                                         clk (net)
                      0.067784    0.000000    5.046062 ^ clkbuf_0_clk/A (sky130_fd_sc_hd__clkbuf_16)
     8    0.075989    0.093021    0.177069    5.223132 ^ clkbuf_0_clk/X (sky130_fd_sc_hd__clkbuf_16)
                                                         clknet_0_clk (net)
                      0.093021    0.000316    5.223448 ^ clkbuf_3_1__f_clk/A (sky130_fd_sc_hd__clkbuf_16)
     6    0.026578    0.047743    0.149392    5.372839 ^ clkbuf_3_1__f_clk/X (sky130_fd_sc_hd__clkbuf_16)
                                                         clknet_3_1__leaf_clk (net)
                      0.047743    0.000040    5.372879 ^ _1427_/CLK (sky130_fd_sc_hd__dfxtp_1)
                                 -0.250000    5.122879   clock uncertainty
                                  0.000000    5.122879   clock reconvergence pessimism
                                 -0.111536    5.011343   library setup time
                                              5.011343   data required time
---------------------------------------------------------------------------------------------
                                              5.011343   data required time
                                             -4.313576   data arrival time
---------------------------------------------------------------------------------------------
                                              0.697767   slack (MET)




===========================================================================
report_checks --slack_max -0.01
============================================================================
======================= nom_tt_025C_1v80 Corner ===================================

No paths found.


===========================================================================
 report_check_types -max_slew -max_cap -max_fanout -violators
============================================================================
======================= nom_tt_025C_1v80 Corner ===================================

max fanout

Pin                                   Limit Fanout  Slack
---------------------------------------------------------
clkbuf_3_5__f_clk/X                      10     12     -2 (VIOLATED)
clkbuf_3_7__f_clk/X                      10     12     -2 (VIOLATED)



===========================================================================
report_parasitic_annotation -report_unannotated
============================================================================
Found 6 unannotated drivers.
 clkload0/Y
 clkload1/Y
 clkload2/Y
 clkload3/Y
 clkload4/Y
 clkload5/Y
Found 0 partially unannotated drivers.

===========================================================================
max slew violation count 0
Writing metric design__max_slew_violation__count__corner:nom_tt_025C_1v80: 0
max fanout violation count 2
Writing metric design__max_fanout_violation__count__corner:nom_tt_025C_1v80: 2
max cap violation count 0
Writing metric design__max_cap_violation__count__corner:nom_tt_025C_1v80: 0
============================================================================

===========================================================================
check_setup -verbose -unconstrained_endpoints -multiple_clock -no_clock -no_input_delay -loops -generated_clocks
===========================================================================
