
===========================================================================
 report_power
============================================================================
======================= nom_tt_025C_1v80 Corner ===================================

Group                    Internal    Switching      Leakage        Total
                            Power        Power        Power        Power (Watts)
------------------------------------------------------------------------
Sequential           5.482830e-04 9.363253e-06 5.449077e-10 5.576468e-04  27.6%
Combinational        3.468339e-04 4.774811e-04 3.118054e-09 8.243182e-04  40.8%
Clock                4.337321e-04 2.029369e-04 4.953255e-10 6.366695e-04  31.5%
Macro                0.000000e+00 0.000000e+00 0.000000e+00 0.000000e+00   0.0%
Pad                  0.000000e+00 0.000000e+00 0.000000e+00 0.000000e+00   0.0%
------------------------------------------------------------------------
Total                1.328849e-03 6.897814e-04 4.158288e-09 2.018635e-03 100.0%
                            65.8%        34.2%         0.0%
Writing metric power__internal__total: 0.0013288491172716022
Writing metric power__switching__total: 0.0006897813873365521
Writing metric power__leakage__total: 4.158288380295971e-9
Writing metric power__total: 0.00201863469555974

