
===========================================================================
 report_power
============================================================================
======================= min_tt_025C_1v80 Corner ===================================

Group                    Internal    Switching      Leakage        Total
                            Power        Power        Power        Power (Watts)
------------------------------------------------------------------------
Sequential           5.460493e-04 1.119311e-05 5.480445e-10 5.572430e-04  23.4%
Combinational        5.098765e-04 6.437793e-04 4.338993e-09 1.153660e-03  48.4%
Clock                4.346317e-04 2.380251e-04 1.888565e-09 6.726587e-04  28.2%
Macro                0.000000e+00 0.000000e+00 0.000000e+00 0.000000e+00   0.0%
Pad                  0.000000e+00 0.000000e+00 0.000000e+00 0.000000e+00   0.0%
------------------------------------------------------------------------
Total                1.490557e-03 8.929975e-04 6.775602e-09 2.383562e-03 100.0%
                            62.5%        37.5%         0.0%

