
===========================================================================
report_checks -unconstrained
===========================================================================
======================= nom_ss_100C_1v60 Corner ===================================

Startpoint: b_in[2] (input port clocked by clk)
Endpoint: _1426_ (rising edge-triggered flip-flop clocked by clk)
Path Group: clk
Path Type: max

Fanout         Cap        Slew       Delay        Time   Description
---------------------------------------------------------------------------------------------
                                  0.000000    0.000000   clock clk (rise edge)
                                  0.000000    0.000000   clock network delay (propagated)
                                  0.000000    0.000000 ^ input external delay
     1    0.003053    0.033924    0.017132    0.017132 ^ b_in[2] (in)
                                                         b_in[2] (net)
                      0.033924    0.000000    0.017132 ^ input11/A (sky130_fd_sc_hd__buf_1)
     2    0.011665    0.231122    0.249532    0.266664 ^ input11/X (sky130_fd_sc_hd__buf_1)
                                                         net11 (net)
                      0.231122    0.000307    0.266971 ^ fanout127/A (sky130_fd_sc_hd__buf_4)
    10    0.073290    0.327052    0.471782    0.738753 ^ fanout127/X (sky130_fd_sc_hd__buf_4)
                                                         net127 (net)
                      0.327074    0.002915    0.741668 ^ fanout126/A (sky130_fd_sc_hd__buf_6)
    10    0.063975    0.211175    0.390359    1.132027 ^ fanout126/X (sky130_fd_sc_hd__buf_6)
                                                         net126 (net)
                      0.211281    0.004445    1.136472 ^ _0694_/A (sky130_fd_sc_hd__clkinv_4)
     7    0.067206    0.240043    0.286553    1.423025 v _0694_/Y (sky130_fd_sc_hd__clkinv_4)
                                                         _0074_ (net)
                      0.240177    0.003381    1.426406 v _1072_/A1 (sky130_fd_sc_hd__o22ai_4)
     3    0.018884    0.336978    0.445361    1.871767 ^ _1072_/Y (sky130_fd_sc_hd__o22ai_4)
                                                         _0402_ (net)
                      0.336978    0.000574    1.872341 ^ _1076_/C1 (sky130_fd_sc_hd__o211ai_4)
     4    0.023668    0.220166    0.309303    2.181644 v _1076_/Y (sky130_fd_sc_hd__o211ai_4)
                                                         _0406_ (net)
                      0.220166    0.000788    2.182432 v rebuffer82/A (sky130_fd_sc_hd__buf_6)
     1    0.010272    0.043868    0.281767    2.464200 v rebuffer82/X (sky130_fd_sc_hd__buf_6)
                                                         net214 (net)
                      0.044076    0.000350    2.464550 v _1091_/B1 (sky130_fd_sc_hd__o211ai_4)
     2    0.020029    0.350948    0.162521    2.627071 ^ _1091_/Y (sky130_fd_sc_hd__o211ai_4)
                                                         _0421_ (net)
                      0.350948    0.000609    2.627680 ^ _1100_/D1 (sky130_fd_sc_hd__o2111ai_4)
     4    0.029765    0.382887    0.452365    3.080045 v _1100_/Y (sky130_fd_sc_hd__o2111ai_4)
                                                         _0430_ (net)
                      0.382887    0.001388    3.081433 v rebuffer104/A (sky130_fd_sc_hd__buf_6)
     2    0.014021    0.051689    0.362052    3.443485 v rebuffer104/X (sky130_fd_sc_hd__buf_6)
                                                         net236 (net)
                      0.051689    0.000330    3.443815 v _1103_/B1 (sky130_fd_sc_hd__o211ai_2)
     2    0.012686    0.331070    0.150506    3.594321 ^ _1103_/Y (sky130_fd_sc_hd__o211ai_2)
                                                         _0433_ (net)
                      0.331070    0.000441    3.594762 ^ _1107_/A (sky130_fd_sc_hd__nand3_4)
     5    0.034796    0.282340    0.346247    3.941009 v _1107_/Y (sky130_fd_sc_hd__nand3_4)
                                                         _0437_ (net)
                      0.282340    0.000917    3.941926 v _1110_/A1_N (sky130_fd_sc_hd__o2bb2ai_4)
     4    0.023014    0.148189    0.396505    4.338431 v _1110_/Y (sky130_fd_sc_hd__o2bb2ai_4)
                                                         _0440_ (net)
                      0.148189    0.000645    4.339077 v _1114_/B1 (sky130_fd_sc_hd__o21a_1)
     1    0.004925    0.084249    0.246118    4.585195 v _1114_/X (sky130_fd_sc_hd__o21a_1)
                                                         _0444_ (net)
                      0.084249    0.000153    4.585347 v _1186_/A2 (sky130_fd_sc_hd__o21ai_2)
     3    0.020671    0.429083    0.402124    4.987471 ^ _1186_/Y (sky130_fd_sc_hd__o21ai_2)
                                                         _0515_ (net)
                      0.429085    0.000818    4.988288 ^ _1235_/A2 (sky130_fd_sc_hd__o21a_1)
     2    0.006195    0.117741    0.361024    5.349312 ^ _1235_/X (sky130_fd_sc_hd__o21a_1)
                                                         _0563_ (net)
                      0.117741    0.000099    5.349411 ^ rebuffer81/A (sky130_fd_sc_hd__clkbuf_2)
     1    0.002965    0.048293    0.189031    5.538442 ^ rebuffer81/X (sky130_fd_sc_hd__clkbuf_2)
                                                         net213 (net)
                      0.048293    0.000086    5.538528 ^ _1236_/B1 (sky130_fd_sc_hd__o21ai_1)
     1    0.003608    0.122419    0.119443    5.657971 v _1236_/Y (sky130_fd_sc_hd__o21ai_1)
                                                         _0564_ (net)
                      0.122419    0.000079    5.658050 v _1237_/C1 (sky130_fd_sc_hd__o311a_1)
     1    0.004255    0.107684    0.229251    5.887301 v _1237_/X (sky130_fd_sc_hd__o311a_1)
                                                         _0565_ (net)
                      0.107684    0.000134    5.887435 v _1238_/B1 (sky130_fd_sc_hd__a21o_1)
     1    0.002108    0.054128    0.281664    6.169100 v _1238_/X (sky130_fd_sc_hd__a21o_1)
                                                         _0052_ (net)
                      0.054128    0.000061    6.169160 v _1426_/D (sky130_fd_sc_hd__dfxtp_2)
                                              6.169160   data arrival time

                                  4.000000    4.000000   clock clk (rise edge)
                                  0.000000    4.000000   clock source latency
     1    0.023770    0.176303    0.121177    4.121177 ^ clk (in)
                                                         clk (net)
                      0.176315    0.000000    4.121177 ^ clkbuf_0_clk/A (sky130_fd_sc_hd__clkbuf_16)
     8    0.082917    0.152125    0.344035    4.465213 ^ clkbuf_0_clk/X (sky130_fd_sc_hd__clkbuf_16)
                                                         clknet_0_clk (net)
                      0.152216    0.003435    4.468648 ^ clkbuf_3_3__f_clk/A (sky130_fd_sc_hd__clkbuf_16)
    11    0.033241    0.084891    0.277768    4.746416 ^ clkbuf_3_3__f_clk/X (sky130_fd_sc_hd__clkbuf_16)
                                                         clknet_3_3__leaf_clk (net)
                      0.084907    0.001134    4.747550 ^ _1426_/CLK (sky130_fd_sc_hd__dfxtp_2)
                                 -0.250000    4.497550   clock uncertainty
                                  0.000000    4.497550   clock reconvergence pessimism
                                 -0.263753    4.233798   library setup time
                                              4.233798   data required time
---------------------------------------------------------------------------------------------
                                              4.233798   data required time
                                             -6.169160   data arrival time
---------------------------------------------------------------------------------------------
                                             -1.935363   slack (VIOLATED)




===========================================================================
report_checks --slack_max -0.01
============================================================================
======================= nom_ss_100C_1v60 Corner ===================================

Startpoint: b_in[2] (input port clocked by clk)
Endpoint: _1426_ (rising edge-triggered flip-flop clocked by clk)
Path Group: clk
Path Type: max

Fanout         Cap        Slew       Delay        Time   Description
---------------------------------------------------------------------------------------------
                                  0.000000    0.000000   clock clk (rise edge)
                                  0.000000    0.000000   clock network delay (propagated)
                                  0.000000    0.000000 ^ input external delay
     1    0.003053    0.033924    0.017132    0.017132 ^ b_in[2] (in)
                                                         b_in[2] (net)
                      0.033924    0.000000    0.017132 ^ input11/A (sky130_fd_sc_hd__buf_1)
     2    0.011665    0.231122    0.249532    0.266664 ^ input11/X (sky130_fd_sc_hd__buf_1)
                                                         net11 (net)
                      0.231122    0.000307    0.266971 ^ fanout127/A (sky130_fd_sc_hd__buf_4)
    10    0.073290    0.327052    0.471782    0.738753 ^ fanout127/X (sky130_fd_sc_hd__buf_4)
                                                         net127 (net)
                      0.327074    0.002915    0.741668 ^ fanout126/A (sky130_fd_sc_hd__buf_6)
    10    0.063975    0.211175    0.390359    1.132027 ^ fanout126/X (sky130_fd_sc_hd__buf_6)
                                                         net126 (net)
                      0.211281    0.004445    1.136472 ^ _0694_/A (sky130_fd_sc_hd__clkinv_4)
     7    0.067206    0.240043    0.286553    1.423025 v _0694_/Y (sky130_fd_sc_hd__clkinv_4)
                                                         _0074_ (net)
                      0.240177    0.003381    1.426406 v _1072_/A1 (sky130_fd_sc_hd__o22ai_4)
     3    0.018884    0.336978    0.445361    1.871767 ^ _1072_/Y (sky130_fd_sc_hd__o22ai_4)
                                                         _0402_ (net)
                      0.336978    0.000574    1.872341 ^ _1076_/C1 (sky130_fd_sc_hd__o211ai_4)
     4    0.023668    0.220166    0.309303    2.181644 v _1076_/Y (sky130_fd_sc_hd__o211ai_4)
                                                         _0406_ (net)
                      0.220166    0.000788    2.182432 v rebuffer82/A (sky130_fd_sc_hd__buf_6)
     1    0.010272    0.043868    0.281767    2.464200 v rebuffer82/X (sky130_fd_sc_hd__buf_6)
                                                         net214 (net)
                      0.044076    0.000350    2.464550 v _1091_/B1 (sky130_fd_sc_hd__o211ai_4)
     2    0.020029    0.350948    0.162521    2.627071 ^ _1091_/Y (sky130_fd_sc_hd__o211ai_4)
                                                         _0421_ (net)
                      0.350948    0.000609    2.627680 ^ _1100_/D1 (sky130_fd_sc_hd__o2111ai_4)
     4    0.029765    0.382887    0.452365    3.080045 v _1100_/Y (sky130_fd_sc_hd__o2111ai_4)
                                                         _0430_ (net)
                      0.382887    0.001388    3.081433 v rebuffer104/A (sky130_fd_sc_hd__buf_6)
     2    0.014021    0.051689    0.362052    3.443485 v rebuffer104/X (sky130_fd_sc_hd__buf_6)
                                                         net236 (net)
                      0.051689    0.000330    3.443815 v _1103_/B1 (sky130_fd_sc_hd__o211ai_2)
     2    0.012686    0.331070    0.150506    3.594321 ^ _1103_/Y (sky130_fd_sc_hd__o211ai_2)
                                                         _0433_ (net)
                      0.331070    0.000441    3.594762 ^ _1107_/A (sky130_fd_sc_hd__nand3_4)
     5    0.034796    0.282340    0.346247    3.941009 v _1107_/Y (sky130_fd_sc_hd__nand3_4)
                                                         _0437_ (net)
                      0.282340    0.000917    3.941926 v _1110_/A1_N (sky130_fd_sc_hd__o2bb2ai_4)
     4    0.023014    0.148189    0.396505    4.338431 v _1110_/Y (sky130_fd_sc_hd__o2bb2ai_4)
                                                         _0440_ (net)
                      0.148189    0.000645    4.339077 v _1114_/B1 (sky130_fd_sc_hd__o21a_1)
     1    0.004925    0.084249    0.246118    4.585195 v _1114_/X (sky130_fd_sc_hd__o21a_1)
                                                         _0444_ (net)
                      0.084249    0.000153    4.585347 v _1186_/A2 (sky130_fd_sc_hd__o21ai_2)
     3    0.020671    0.429083    0.402124    4.987471 ^ _1186_/Y (sky130_fd_sc_hd__o21ai_2)
                                                         _0515_ (net)
                      0.429085    0.000818    4.988288 ^ _1235_/A2 (sky130_fd_sc_hd__o21a_1)
     2    0.006195    0.117741    0.361024    5.349312 ^ _1235_/X (sky130_fd_sc_hd__o21a_1)
                                                         _0563_ (net)
                      0.117741    0.000099    5.349411 ^ rebuffer81/A (sky130_fd_sc_hd__clkbuf_2)
     1    0.002965    0.048293    0.189031    5.538442 ^ rebuffer81/X (sky130_fd_sc_hd__clkbuf_2)
                                                         net213 (net)
                      0.048293    0.000086    5.538528 ^ _1236_/B1 (sky130_fd_sc_hd__o21ai_1)
     1    0.003608    0.122419    0.119443    5.657971 v _1236_/Y (sky130_fd_sc_hd__o21ai_1)
                                                         _0564_ (net)
                      0.122419    0.000079    5.658050 v _1237_/C1 (sky130_fd_sc_hd__o311a_1)
     1    0.004255    0.107684    0.229251    5.887301 v _1237_/X (sky130_fd_sc_hd__o311a_1)
                                                         _0565_ (net)
                      0.107684    0.000134    5.887435 v _1238_/B1 (sky130_fd_sc_hd__a21o_1)
     1    0.002108    0.054128    0.281664    6.169100 v _1238_/X (sky130_fd_sc_hd__a21o_1)
                                                         _0052_ (net)
                      0.054128    0.000061    6.169160 v _1426_/D (sky130_fd_sc_hd__dfxtp_2)
                                              6.169160   data arrival time

                                  4.000000    4.000000   clock clk (rise edge)
                                  0.000000    4.000000   clock source latency
     1    0.023770    0.176303    0.121177    4.121177 ^ clk (in)
                                                         clk (net)
                      0.176315    0.000000    4.121177 ^ clkbuf_0_clk/A (sky130_fd_sc_hd__clkbuf_16)
     8    0.082917    0.152125    0.344035    4.465213 ^ clkbuf_0_clk/X (sky130_fd_sc_hd__clkbuf_16)
                                                         clknet_0_clk (net)
                      0.152216    0.003435    4.468648 ^ clkbuf_3_3__f_clk/A (sky130_fd_sc_hd__clkbuf_16)
    11    0.033241    0.084891    0.277768    4.746416 ^ clkbuf_3_3__f_clk/X (sky130_fd_sc_hd__clkbuf_16)
                                                         clknet_3_3__leaf_clk (net)
                      0.084907    0.001134    4.747550 ^ _1426_/CLK (sky130_fd_sc_hd__dfxtp_2)
                                 -0.250000    4.497550   clock uncertainty
                                  0.000000    4.497550   clock reconvergence pessimism
                                 -0.263753    4.233798   library setup time
                                              4.233798   data required time
---------------------------------------------------------------------------------------------
                                              4.233798   data required time
                                             -6.169160   data arrival time
---------------------------------------------------------------------------------------------
                                             -1.935363   slack (VIOLATED)




===========================================================================
 report_check_types -max_slew -max_cap -max_fanout -violators
============================================================================
======================= nom_ss_100C_1v60 Corner ===================================

max slew

Pin                                        Limit        Slew       Slack
------------------------------------------------------------------------
_1357_/Y                                0.750000    0.801905   -0.051905 (VIOLATED)
_1360_/B1                               0.750000    0.801905   -0.051905 (VIOLATED)
max_cap73/A                             0.750000    0.801905   -0.051905 (VIOLATED)

max fanout

Pin                                   Limit Fanout  Slack
---------------------------------------------------------
clkbuf_3_2__f_clk/X                      10     11        (VIOLATED)
clkbuf_3_3__f_clk/X                      10     11        (VIOLATED)
clkbuf_3_7__f_clk/X                      10     11        (VIOLATED)



===========================================================================
report_parasitic_annotation -report_unannotated
============================================================================
Found 6 unannotated drivers.
 clkload0/X
 clkload1/Y
 clkload2/Y
 clkload3/Y
 clkload4/Y
 clkload5/X
Found 0 partially unannotated drivers.

===========================================================================
max slew violation count 3
max fanout violation count 3
max cap violation count 0
============================================================================

===========================================================================
check_setup -verbose -unconstrained_endpoints -multiple_clock -no_clock -no_input_delay -loops -generated_clocks
===========================================================================
