
===========================================================================
 report_power
============================================================================
======================= nom_ss_100C_1v60 Corner ===================================

Group                    Internal    Switching      Leakage        Total
                            Power        Power        Power        Power (Watts)
------------------------------------------------------------------------
Sequential           5.310341e-04 1.180366e-05 9.333123e-07 5.437711e-04  22.9%
Combinational        5.368678e-04 6.607297e-04 5.182246e-06 1.202780e-03  50.6%
Clock                4.100751e-04 2.186135e-04 2.261286e-07 6.289146e-04  26.5%
Macro                0.000000e+00 0.000000e+00 0.000000e+00 0.000000e+00   0.0%
Pad                  0.000000e+00 0.000000e+00 0.000000e+00 0.000000e+00   0.0%
------------------------------------------------------------------------
Total                1.477976e-03 8.911468e-04 6.341693e-06 2.375465e-03 100.0%
                            62.2%        37.5%         0.3%

