
===========================================================================
 report_power
============================================================================
======================= max_tt_025C_1v80 Corner ===================================

Group                    Internal    Switching      Leakage        Total
                            Power        Power        Power        Power (Watts)
------------------------------------------------------------------------
Sequential           5.458632e-04 1.183511e-05 5.480445e-10 5.576989e-04  22.9%
Combinational        5.099798e-04 6.749005e-04 4.338993e-09 1.184885e-03  48.7%
Clock                4.350237e-04 2.551660e-04 1.888565e-09 6.901915e-04  28.4%
Macro                0.000000e+00 0.000000e+00 0.000000e+00 0.000000e+00   0.0%
Pad                  0.000000e+00 0.000000e+00 0.000000e+00 0.000000e+00   0.0%
------------------------------------------------------------------------
Total                1.490867e-03 9.419017e-04 6.775602e-09 2.432775e-03 100.0%
                            61.3%        38.7%         0.0%

