
===========================================================================
 report_power
============================================================================
======================= min_ff_n40C_1v95 Corner ===================================

Group                    Internal    Switching      Leakage        Total
                            Power        Power        Power        Power (Watts)
------------------------------------------------------------------------
Sequential           6.365687e-04 1.394089e-05 1.028209e-09 6.505107e-04  22.5%
Combinational        5.752775e-04 8.277469e-04 1.154569e-08 1.403036e-03  48.5%
Clock                5.759652e-04 2.610233e-04 1.787243e-09 8.369902e-04  29.0%
Macro                0.000000e+00 0.000000e+00 0.000000e+00 0.000000e+00   0.0%
Pad                  0.000000e+00 0.000000e+00 0.000000e+00 0.000000e+00   0.0%
------------------------------------------------------------------------
Total                1.787812e-03 1.102711e-03 1.436114e-08 2.890537e-03 100.0%
                            61.9%        38.1%         0.0%

