
===========================================================================
 report_power
============================================================================
======================= nom_ff_n40C_1v95 Corner ===================================

Group                    Internal    Switching      Leakage        Total
                            Power        Power        Power        Power (Watts)
------------------------------------------------------------------------
Sequential           5.395882e-04 2.845786e-05 1.362392e-09 5.680473e-04  45.1%
Combinational        3.184071e-04 3.743854e-04 8.494844e-09 6.928009e-04  54.9%
Clock                0.000000e+00 0.000000e+00 0.000000e+00 0.000000e+00   0.0%
Macro                0.000000e+00 0.000000e+00 0.000000e+00 0.000000e+00   0.0%
Pad                  0.000000e+00 0.000000e+00 0.000000e+00 0.000000e+00   0.0%
------------------------------------------------------------------------
Total                8.579952e-04 4.028433e-04 9.857239e-09 1.260848e-03 100.0%
                            68.0%        32.0%         0.0%

