
===========================================================================
 report_power
============================================================================
======================= nom_tt_025C_1v80 Corner ===================================

Group                    Internal    Switching      Leakage        Total
                            Power        Power        Power        Power (Watts)
------------------------------------------------------------------------
Sequential           5.472926e-04 1.189484e-05 5.479264e-10 5.591880e-04  24.7%
Combinational        4.504700e-04 6.115130e-04 4.124081e-09 1.061987e-03  47.0%
Clock                4.091473e-04 2.295337e-04 2.047553e-09 6.386830e-04  28.3%
Macro                0.000000e+00 0.000000e+00 0.000000e+00 0.000000e+00   0.0%
Pad                  0.000000e+00 0.000000e+00 0.000000e+00 0.000000e+00   0.0%
------------------------------------------------------------------------
Total                1.406910e-03 8.529416e-04 6.719558e-09 2.259858e-03 100.0%
                            62.3%        37.7%         0.0%

