┏━━━━━━━━━━━━━━━━━━━━━━┳━━━━━━━━━━┳━━━━━━━━━━┳━━━━━━━━━━┳━━━━━━━━━━┳━━━━━━━━━━━┳━━━━━━━━━━┳━━━━━━━━━━━┳━━━━━━━━━━┳━━━━━━━━━━━┳━━━━━━━━━━┳━━━━━━━━━━━┳━━━━━━━━━━┓
┃                      ┃ Hold     ┃ Reg to   ┃          ┃          ┃ of which  ┃ Setup    ┃           ┃          ┃           ┃ of which ┃           ┃          ┃
┃                      ┃ Worst    ┃ Reg      ┃          ┃ Hold Vio ┃ reg to    ┃ Worst    ┃ Reg to    ┃ Setup    ┃ Setup Vio ┃ reg to   ┃ Max Cap   ┃ Max Slew ┃
┃ Corner/Group         ┃ Slack    ┃ Paths    ┃ Hold TNS ┃ Count    ┃ reg       ┃ Slack    ┃ Reg Paths ┃ TNS      ┃ Count     ┃ reg      ┃ Violatio… ┃ Violati… ┃
┡━━━━━━━━━━━━━━━━━━━━━━╇━━━━━━━━━━╇━━━━━━━━━━╇━━━━━━━━━━╇━━━━━━━━━━╇━━━━━━━━━━━╇━━━━━━━━━━╇━━━━━━━━━━━╇━━━━━━━━━━╇━━━━━━━━━━━╇━━━━━━━━━━╇━━━━━━━━━━━╇━━━━━━━━━━┩
│ Overall              │ 0.0704   │ 0.0704   │ 0.0000   │ 0        │ 0         │ -2.7244  │ -1.2054   │ -42.3277 │ 104       │ 68       │ 1         │ 156      │
│ nom_tt_025C_1v80     │ 0.2562   │ 0.2562   │ 0.0000   │ 0        │ 0         │ 0.5931   │ 1.7723    │ 0.0000   │ 0         │ 0        │ 0         │ 46       │
│ nom_ss_100C_1v60     │ 0.7330   │ 0.7330   │ 0.0000   │ 0        │ 0         │ -2.6299  │ -1.1317   │ -39.7956 │ 35        │ 23       │ 1         │ 150      │
│ nom_ff_n40C_1v95     │ 0.0708   │ 0.0708   │ 0.0000   │ 0        │ 0         │ 1.7937   │ 2.9628    │ 0.0000   │ 0         │ 0        │ 0         │ 46       │
│ min_tt_025C_1v80     │ 0.2554   │ 0.2554   │ 0.0000   │ 0        │ 0         │ 0.6174   │ 1.7840    │ 0.0000   │ 0         │ 0        │ 0         │ 46       │
│ min_ss_100C_1v60     │ 0.7254   │ 0.7254   │ 0.0000   │ 0        │ 0         │ -2.5472  │ -1.0941   │ -38.5437 │ 34        │ 22       │ 1         │ 150      │
│ min_ff_n40C_1v95     │ 0.0704   │ 0.0704   │ 0.0000   │ 0        │ 0         │ 1.8244   │ 2.9732    │ 0.0000   │ 0         │ 0        │ 0         │ 46       │
│ max_tt_025C_1v80     │ 0.2566   │ 0.2566   │ 0.0000   │ 0        │ 0         │ 0.5628   │ 1.7283    │ 0.0000   │ 0         │ 0        │ 0         │ 46       │
│ max_ss_100C_1v60     │ 0.7396   │ 0.7396   │ 0.0000   │ 0        │ 0         │ -2.7244  │ -1.2054   │ -42.3277 │ 35        │ 23       │ 1         │ 156      │
│ max_ff_n40C_1v95     │ 0.0713   │ 0.0713   │ 0.0000   │ 0        │ 0         │ 1.7558   │ 2.9327    │ 0.0000   │ 0         │ 0        │ 0         │ 46       │
└──────────────────────┴──────────┴──────────┴──────────┴──────────┴───────────┴──────────┴───────────┴──────────┴───────────┴──────────┴───────────┴──────────┘
