
===========================================================================
report_checks -unconstrained
===========================================================================
======================= nom_tt_025C_1v80 Corner ===================================

Startpoint: b_in[1] (input port clocked by clk)
Endpoint: _1426_ (rising edge-triggered flip-flop clocked by clk)
Path Group: clk
Path Type: max

Fanout         Cap        Slew       Delay        Time   Description
---------------------------------------------------------------------------------------------
                                  0.000000    0.000000   clock clk (rise edge)
                                  0.000000    0.000000   clock network delay (propagated)
                                  1.000000    1.000000 ^ input external delay
    32    0.132767    0.596993    0.412584    1.412584 ^ b_in[1] (in)
                                                         b_in[1] (net)
                      0.597002    0.000000    1.412584 ^ _1000_/B (sky130_fd_sc_hd__nand4_2)
     4    0.015653    0.217104    0.265397    1.677981 v _1000_/Y (sky130_fd_sc_hd__nand4_2)
                                                         _0331_ (net)
                      0.217104    0.000022    1.678004 v _1003_/B2 (sky130_fd_sc_hd__a22o_2)
     2    0.012796    0.066607    0.323017    2.001021 v _1003_/X (sky130_fd_sc_hd__a22o_2)
                                                         _0334_ (net)
                      0.066607    0.000010    2.001031 v _1008_/C1 (sky130_fd_sc_hd__o221ai_4)
     5    0.027515    0.293828    0.111743    2.112773 ^ _1008_/Y (sky130_fd_sc_hd__o221ai_4)
                                                         _0339_ (net)
                      0.293828    0.000167    2.112940 ^ _1022_/A2_N (sky130_fd_sc_hd__o2bb2ai_2)
     4    0.016797    0.227790    0.190853    2.303793 ^ _1022_/Y (sky130_fd_sc_hd__o2bb2ai_2)
                                                         _0353_ (net)
                      0.227790    0.000007    2.303800 ^ _1030_/C1 (sky130_fd_sc_hd__o211ai_2)
     4    0.018315    0.149242    0.186193    2.489993 v _1030_/Y (sky130_fd_sc_hd__o211ai_2)
                                                         _0361_ (net)
                      0.149242    0.000123    2.490117 v _1051_/B1 (sky130_fd_sc_hd__a32oi_4)
     4    0.022612    0.277970    0.283079    2.773195 ^ _1051_/Y (sky130_fd_sc_hd__a32oi_4)
                                                         _0381_ (net)
                      0.277970    0.000235    2.773430 ^ _1107_/B (sky130_fd_sc_hd__nand3_4)
     5    0.025459    0.121832    0.158544    2.931974 v _1107_/Y (sky130_fd_sc_hd__nand3_4)
                                                         _0437_ (net)
                      0.121832    0.000137    2.932112 v _1113_/B (sky130_fd_sc_hd__nand3b_2)
     2    0.010074    0.101836    0.126118    3.058229 ^ _1113_/Y (sky130_fd_sc_hd__nand3b_2)
                                                         _0443_ (net)
                      0.101836    0.000017    3.058246 ^ _1117_/B (sky130_fd_sc_hd__nand3_2)
     1    0.004426    0.079554    0.081581    3.139827 v _1117_/Y (sky130_fd_sc_hd__nand3_2)
                                                         _0447_ (net)
                      0.079554    0.000004    3.139832 v _1184_/B1 (sky130_fd_sc_hd__o21ai_2)
     1    0.004815    0.105412    0.070445    3.210277 ^ _1184_/Y (sky130_fd_sc_hd__o21ai_2)
                                                         _0513_ (net)
                      0.105412    0.000007    3.210284 ^ _1186_/B1 (sky130_fd_sc_hd__o21ai_2)
     3    0.015447    0.076285    0.098440    3.308724 v _1186_/Y (sky130_fd_sc_hd__o21ai_2)
                                                         _0515_ (net)
                      0.076285    0.000094    3.308817 v _1235_/A2 (sky130_fd_sc_hd__o21a_2)
     2    0.006774    0.044667    0.213240    3.522058 v _1235_/X (sky130_fd_sc_hd__o21a_2)
                                                         _0563_ (net)
                      0.044667    0.000012    3.522069 v _1237_/A3 (sky130_fd_sc_hd__o311a_2)
     1    0.004466    0.061021    0.332310    3.854380 v _1237_/X (sky130_fd_sc_hd__o311a_2)
                                                         _0565_ (net)
                      0.061021    0.000011    3.854390 v _1238_/B1 (sky130_fd_sc_hd__a21o_4)
     1    0.001757    0.028763    0.174522    4.028912 v _1238_/X (sky130_fd_sc_hd__a21o_4)
                                                         _0052_ (net)
                      0.028763    0.000000    4.028913 v _1426_/D (sky130_fd_sc_hd__dfxtp_2)
                                              4.028913   data arrival time

                                  5.000000    5.000000   clock clk (rise edge)
                                  0.000000    5.000000   clock source latency
    67    0.171172    0.767086    0.530037    5.530037 ^ clk (in)
                                                         clk (net)
                      0.767099    0.000000    5.530037 ^ _1426_/CLK (sky130_fd_sc_hd__dfxtp_2)
                                 -0.250000    5.280037   clock uncertainty
                                  0.000000    5.280037   clock reconvergence pessimism
                                  0.023961    5.303998   library setup time
                                              5.303998   data required time
---------------------------------------------------------------------------------------------
                                              5.303998   data required time
                                             -4.028913   data arrival time
---------------------------------------------------------------------------------------------
                                              1.275085   slack (MET)




===========================================================================
report_checks --slack_max -0.01
============================================================================
======================= nom_tt_025C_1v80 Corner ===================================

No paths found.


===========================================================================
 report_check_types -max_slew -max_cap -max_fanout -violators
============================================================================
======================= nom_tt_025C_1v80 Corner ===================================

max slew

Pin                                        Limit        Slew       Slack
------------------------------------------------------------------------
_0888_/B                                0.750000    1.468769   -0.718769 (VIOLATED)
_0889_/B                                0.750000    1.468769   -0.718769 (VIOLATED)
_0901_/A2                               0.750000    1.468768   -0.718768 (VIOLATED)
_0909_/C                                0.750000    1.468768   -0.718768 (VIOLATED)
_0910_/A2                               0.750000    1.468768   -0.718768 (VIOLATED)
_0926_/C                                0.750000    1.468768   -0.718768 (VIOLATED)
_0927_/A2                               0.750000    1.468768   -0.718768 (VIOLATED)
_0953_/B1                               0.750000    1.468768   -0.718768 (VIOLATED)
_1366_/B                                0.750000    1.468768   -0.718768 (VIOLATED)
_1367_/B                                0.750000    1.468768   -0.718768 (VIOLATED)
_1369_/B                                0.750000    1.468769   -0.718769 (VIOLATED)
_1370_/B                                0.750000    1.468768   -0.718769 (VIOLATED)
_0735_/B1                               0.750000    1.468767   -0.718767 (VIOLATED)
_0743_/B1                               0.750000    1.468767   -0.718767 (VIOLATED)
_0718_/B1                               0.750000    1.468766   -0.718766 (VIOLATED)
_0727_/B1                               0.750000    1.468766   -0.718766 (VIOLATED)
_0702_/Y                                0.750000    1.468764   -0.718764 (VIOLATED)
_0706_/B                                0.750000    1.468764   -0.718764 (VIOLATED)
_0759_/B1                               0.750000    1.468764   -0.718764 (VIOLATED)
_0775_/C1                               0.750000    1.468764   -0.718764 (VIOLATED)
_0782_/C1                               0.750000    1.468764   -0.718764 (VIOLATED)
_0789_/B1                               0.750000    1.468764   -0.718764 (VIOLATED)
_0796_/C1                               0.750000    1.468764   -0.718764 (VIOLATED)
_0807_/B1                               0.750000    1.468764   -0.718764 (VIOLATED)
_0814_/B1                               0.750000    1.468764   -0.718764 (VIOLATED)
_0823_/B1                               0.750000    1.468764   -0.718764 (VIOLATED)
_0829_/C1                               0.750000    1.468764   -0.718764 (VIOLATED)
_0836_/B1                               0.750000    1.468764   -0.718764 (VIOLATED)
_0840_/C                                0.750000    1.468764   -0.718764 (VIOLATED)
_0843_/C                                0.750000    1.468764   -0.718764 (VIOLATED)
_0847_/C                                0.750000    1.468764   -0.718764 (VIOLATED)
_0852_/B1                               0.750000    1.468764   -0.718764 (VIOLATED)
_0858_/C                                0.750000    1.468764   -0.718764 (VIOLATED)
_0861_/C                                0.750000    1.468764   -0.718764 (VIOLATED)
_0865_/C                                0.750000    1.468764   -0.718764 (VIOLATED)
_0868_/C1                               0.750000    1.468764   -0.718764 (VIOLATED)
_0877_/C1                               0.750000    1.468764   -0.718764 (VIOLATED)
_0880_/B1                               0.750000    1.468764   -0.718764 (VIOLATED)
_0885_/B1                               0.750000    1.468764   -0.718764 (VIOLATED)
_0886_/B                                0.750000    1.468764   -0.718764 (VIOLATED)
_0893_/B                                0.750000    1.468764   -0.718764 (VIOLATED)
_0896_/C                                0.750000    1.468764   -0.718764 (VIOLATED)
_1188_/B1                               0.750000    1.468764   -0.718764 (VIOLATED)
_1304_/B1                               0.750000    1.468764   -0.718764 (VIOLATED)
_1347_/B1                               0.750000    1.468764   -0.718764 (VIOLATED)
_1364_/B1                               0.750000    1.468764   -0.718764 (VIOLATED)
_1412_/CLK                              0.750000    0.767113   -0.017113 (VIOLATED)
_1410_/CLK                              0.750000    0.767113   -0.017113 (VIOLATED)
_1411_/CLK                              0.750000    0.767113   -0.017113 (VIOLATED)
_1436_/CLK                              0.750000    0.767113   -0.017113 (VIOLATED)
_1435_/CLK                              0.750000    0.767112   -0.017112 (VIOLATED)
_1437_/CLK                              0.750000    0.767112   -0.017112 (VIOLATED)
_1434_/CLK                              0.750000    0.767112   -0.017112 (VIOLATED)
_1438_/CLK                              0.750000    0.767111   -0.017111 (VIOLATED)
_1433_/CLK                              0.750000    0.767111   -0.017111 (VIOLATED)
_1409_/CLK                              0.750000    0.767111   -0.017111 (VIOLATED)
_1440_/CLK                              0.750000    0.767109   -0.017109 (VIOLATED)
_1379_/CLK                              0.750000    0.767109   -0.017109 (VIOLATED)
_1421_/CLK                              0.750000    0.767109   -0.017109 (VIOLATED)
_1420_/CLK                              0.750000    0.767108   -0.017108 (VIOLATED)
_1419_/CLK                              0.750000    0.767107   -0.017107 (VIOLATED)
_1418_/CLK                              0.750000    0.767106   -0.017106 (VIOLATED)
_1380_/CLK                              0.750000    0.767106   -0.017106 (VIOLATED)
_1417_/CLK                              0.750000    0.767105   -0.017105 (VIOLATED)
_1422_/CLK                              0.750000    0.767105   -0.017105 (VIOLATED)
_1423_/CLK                              0.750000    0.767103   -0.017103 (VIOLATED)
_1424_/CLK                              0.750000    0.767102   -0.017102 (VIOLATED)
_1425_/CLK                              0.750000    0.767101   -0.017101 (VIOLATED)
_1374_/CLK                              0.750000    0.767101   -0.017101 (VIOLATED)
_1426_/CLK                              0.750000    0.767099   -0.017099 (VIOLATED)
_1413_/CLK                              0.750000    0.767098   -0.017098 (VIOLATED)
_1427_/CLK                              0.750000    0.767097   -0.017097 (VIOLATED)
_1428_/CLK                              0.750000    0.767095   -0.017095 (VIOLATED)
_1378_/CLK                              0.750000    0.767094   -0.017094 (VIOLATED)
_1377_/CLK                              0.750000    0.767094   -0.017094 (VIOLATED)
_1376_/CLK                              0.750000    0.767094   -0.017094 (VIOLATED)
_1431_/CLK                              0.750000    0.767094   -0.017094 (VIOLATED)
_1375_/CLK                              0.750000    0.767093   -0.017093 (VIOLATED)
_1381_/CLK                              0.750000    0.767093   -0.017093 (VIOLATED)
_1391_/CLK                              0.750000    0.767093   -0.017093 (VIOLATED)
_1393_/CLK                              0.750000    0.767093   -0.017093 (VIOLATED)
_1382_/CLK                              0.750000    0.767093   -0.017093 (VIOLATED)
_1392_/CLK                              0.750000    0.767093   -0.017093 (VIOLATED)
_1429_/CLK                              0.750000    0.767093   -0.017093 (VIOLATED)
_1394_/CLK                              0.750000    0.767092   -0.017092 (VIOLATED)
_1383_/CLK                              0.750000    0.767092   -0.017092 (VIOLATED)
_1384_/CLK                              0.750000    0.767092   -0.017092 (VIOLATED)
_1396_/CLK                              0.750000    0.767092   -0.017092 (VIOLATED)
_1395_/CLK                              0.750000    0.767092   -0.017092 (VIOLATED)
_1430_/CLK                              0.750000    0.767091   -0.017091 (VIOLATED)
_1397_/CLK                              0.750000    0.767091   -0.017091 (VIOLATED)
_1385_/CLK                              0.750000    0.767090   -0.017090 (VIOLATED)
_1399_/CLK                              0.750000    0.767090   -0.017090 (VIOLATED)
_1398_/CLK                              0.750000    0.767090   -0.017090 (VIOLATED)
_1400_/CLK                              0.750000    0.767089   -0.017089 (VIOLATED)
_1386_/CLK                              0.750000    0.767089   -0.017089 (VIOLATED)
_1387_/CLK                              0.750000    0.767089   -0.017089 (VIOLATED)
_1388_/CLK                              0.750000    0.767089   -0.017089 (VIOLATED)
_1402_/CLK                              0.750000    0.767089   -0.017089 (VIOLATED)
_1401_/CLK                              0.750000    0.767088   -0.017088 (VIOLATED)
_1414_/CLK                              0.750000    0.767087   -0.017087 (VIOLATED)
_1439_/CLK                              0.750000    0.767087   -0.017087 (VIOLATED)
_1415_/CLK                              0.750000    0.767087   -0.017087 (VIOLATED)
_1416_/CLK                              0.750000    0.767087   -0.017087 (VIOLATED)
_1403_/CLK                              0.750000    0.767087   -0.017087 (VIOLATED)
_1407_/CLK                              0.750000    0.767087   -0.017087 (VIOLATED)
_1408_/CLK                              0.750000    0.767087   -0.017087 (VIOLATED)
_1432_/CLK                              0.750000    0.767087   -0.017087 (VIOLATED)
_1404_/CLK                              0.750000    0.767087   -0.017087 (VIOLATED)
_1389_/CLK                              0.750000    0.767087   -0.017087 (VIOLATED)
clk                                     0.750000    0.767086   -0.017086 (VIOLATED)
_1390_/CLK                              0.750000    0.767086   -0.017086 (VIOLATED)
_1405_/CLK                              0.750000    0.767086   -0.017086 (VIOLATED)
_1406_/CLK                              0.750000    0.767086   -0.017086 (VIOLATED)

max fanout

Pin                                   Limit Fanout  Slack
---------------------------------------------------------
clk                                      10     67    -57 (VIOLATED)
_0702_/Y                                 10     45    -35 (VIOLATED)
b_in[1]                                  10     32    -22 (VIOLATED)
a_in[6]                                  10     30    -20 (VIOLATED)
_1374_/Q                                 10     30    -20 (VIOLATED)
b_in[4]                                  10     29    -19 (VIOLATED)
b_in[0]                                  10     28    -18 (VIOLATED)
a_in[1]                                  10     27    -17 (VIOLATED)
b_in[3]                                  10     27    -17 (VIOLATED)
a_in[2]                                  10     26    -16 (VIOLATED)
a_in[3]                                  10     26    -16 (VIOLATED)
a_in[5]                                  10     24    -14 (VIOLATED)
a_in[4]                                  10     23    -13 (VIOLATED)
b_in[5]                                  10     23    -13 (VIOLATED)
a_in[7]                                  10     20    -10 (VIOLATED)
b_in[2]                                  10     20    -10 (VIOLATED)
a_in[0]                                  10     19     -9 (VIOLATED)
b_in[6]                                  10     18     -8 (VIOLATED)
b_in[7]                                  10     18     -8 (VIOLATED)
_0835_/X                                 10     17     -7 (VIOLATED)
_0703_/X                                 10     15     -5 (VIOLATED)
_0854_/X                                 10     12     -2 (VIOLATED)
_0701_/Y                                 10     11        (VIOLATED)
_0704_/X                                 10     11        (VIOLATED)



===========================================================================
report_parasitic_annotation -report_unannotated
============================================================================
Found 0 unannotated drivers.
Found 0 partially unannotated drivers.

===========================================================================
max slew violation count 114
Writing metric design__max_slew_violation__count__corner:nom_tt_025C_1v80: 114
max fanout violation count 24
Writing metric design__max_fanout_violation__count__corner:nom_tt_025C_1v80: 24
max cap violation count 0
Writing metric design__max_cap_violation__count__corner:nom_tt_025C_1v80: 0
============================================================================

===========================================================================
check_setup -verbose -unconstrained_endpoints -multiple_clock -no_clock -no_input_delay -loops -generated_clocks
===========================================================================
