
===========================================================================
 report_power
============================================================================
======================= nom_tt_025C_1v80 Corner ===================================

Group                    Internal    Switching      Leakage        Total
                            Power        Power        Power        Power (Watts)
------------------------------------------------------------------------
Sequential           5.555520e-04 3.105572e-05 5.752235e-10 5.866083e-04  42.7%
Combinational        3.681879e-04 4.203797e-04 2.530172e-09 7.885701e-04  57.3%
Clock                0.000000e+00 0.000000e+00 2.786432e-10 2.786432e-10   0.0%
Macro                0.000000e+00 0.000000e+00 0.000000e+00 0.000000e+00   0.0%
Pad                  0.000000e+00 0.000000e+00 0.000000e+00 0.000000e+00   0.0%
------------------------------------------------------------------------
Total                9.237399e-04 4.514353e-04 3.384041e-09 1.375179e-03 100.0%
                            67.2%        32.8%         0.0%
Writing metric power__internal__total: 0.000923739920835942
Writing metric power__switching__total: 0.0004514353349804878
Writing metric power__leakage__total: 3.3840414914720895e-9
Writing metric power__total: 0.0013751786900684237

