
===========================================================================
 report_power
============================================================================
======================= nom_ff_n40C_1v95 Corner ===================================

Group                    Internal    Switching      Leakage        Total
                            Power        Power        Power        Power (Watts)
------------------------------------------------------------------------
Sequential           6.475154e-04 3.533858e-05 1.362392e-09 6.828553e-04  41.7%
Combinational        3.839550e-04 5.703504e-04 8.494844e-09 9.543139e-04  58.3%
Clock                0.000000e+00 0.000000e+00 0.000000e+00 0.000000e+00   0.0%
Macro                0.000000e+00 0.000000e+00 0.000000e+00 0.000000e+00   0.0%
Pad                  0.000000e+00 0.000000e+00 0.000000e+00 0.000000e+00   0.0%
------------------------------------------------------------------------
Total                1.031471e-03 6.056891e-04 9.857239e-09 1.637170e-03 100.0%
                            63.0%        37.0%         0.0%

