
===========================================================================
report_checks -unconstrained
===========================================================================
======================= nom_tt_025C_1v80 Corner ===================================

Startpoint: a_in[6] (input port clocked by clk)
Endpoint: _1432_ (rising edge-triggered flip-flop clocked by clk)
Path Group: clk
Path Type: max

Fanout         Cap        Slew       Delay        Time   Description
---------------------------------------------------------------------------------------------
                                  0.000000    0.000000   clock clk (rise edge)
                                  0.000000    0.000000   clock network delay (propagated)
                                  1.000000    1.000000 v input external delay
     1    0.002588    0.008134    0.004077    1.004077 v a_in[6] (in)
                                                         a_in[6] (net)
                      0.008134    0.000000    1.004077 v input7/A (sky130_fd_sc_hd__clkbuf_1)
     1    0.009151    0.059810    0.100950    1.105027 v input7/X (sky130_fd_sc_hd__clkbuf_1)
                                                         net7 (net)
                      0.059811    0.000363    1.105390 v fanout96/A (sky130_fd_sc_hd__buf_6)
     2    0.006922    0.023188    0.118268    1.223658 v fanout96/X (sky130_fd_sc_hd__buf_6)
                                                         net96 (net)
                      0.023188    0.000182    1.223840 v fanout95/A (sky130_fd_sc_hd__buf_6)
     6    0.048400    0.054861    0.137024    1.360863 v fanout95/X (sky130_fd_sc_hd__buf_6)
                                                         net95 (net)
                      0.054871    0.000772    1.361636 v fanout94/A (sky130_fd_sc_hd__buf_12)
     4    0.019796    0.028525    0.129272    1.490908 v fanout94/X (sky130_fd_sc_hd__buf_12)
                                                         net94 (net)
                      0.028525    0.000798    1.491706 v fanout93/A (sky130_fd_sc_hd__buf_12)
    10    0.060839    0.046123    0.139109    1.630815 v fanout93/X (sky130_fd_sc_hd__buf_12)
                                                         net93 (net)
                      0.046170    0.001274    1.632089 v _1067_/A2 (sky130_fd_sc_hd__a22o_4)
     5    0.029042    0.069667    0.290819    1.922907 v _1067_/X (sky130_fd_sc_hd__a22o_4)
                                                         _0397_ (net)
                      0.069681    0.000992    1.923900 v _1070_/B1 (sky130_fd_sc_hd__o211ai_2)
     1    0.011093    0.192942    0.103518    2.027417 ^ _1070_/Y (sky130_fd_sc_hd__o211ai_2)
                                                         _0400_ (net)
                      0.192942    0.000431    2.027848 ^ _1077_/A (sky130_fd_sc_hd__nand3_4)
     6    0.041781    0.162201    0.178434    2.206282 v _1077_/Y (sky130_fd_sc_hd__nand3_4)
                                                         _0407_ (net)
                      0.162228    0.001728    2.208010 v _1090_/A1_N (sky130_fd_sc_hd__o2bb2ai_4)
     2    0.018906    0.078686    0.207146    2.415156 v _1090_/Y (sky130_fd_sc_hd__o2bb2ai_4)
                                                         _0420_ (net)
                      0.078689    0.000532    2.415687 v _1097_/B2 (sky130_fd_sc_hd__a22oi_4)
     5    0.034736    0.303057    0.291258    2.706945 ^ _1097_/Y (sky130_fd_sc_hd__a22oi_4)
                                                         _0427_ (net)
                      0.303068    0.001436    2.708381 ^ rebuffer7/A (sky130_fd_sc_hd__clkbuf_2)
     1    0.010448    0.069128    0.193242    2.901623 ^ rebuffer7/X (sky130_fd_sc_hd__clkbuf_2)
                                                         net139 (net)
                      0.069128    0.000254    2.901877 ^ _1171_/A2 (sky130_fd_sc_hd__o2111ai_4)
     3    0.024042    0.173902    0.162186    3.064064 v _1171_/Y (sky130_fd_sc_hd__o2111ai_4)
                                                         _0500_ (net)
                      0.173902    0.000325    3.064388 v _1176_/A2_N (sky130_fd_sc_hd__o2bb2ai_2)
     1    0.010342    0.064615    0.188758    3.253146 v _1176_/Y (sky130_fd_sc_hd__o2bb2ai_2)
                                                         _0505_ (net)
                      0.064617    0.000390    3.253536 v _1182_/B1 (sky130_fd_sc_hd__o2111ai_4)
     5    0.024845    0.279789    0.149680    3.403216 ^ _1182_/Y (sky130_fd_sc_hd__o2111ai_4)
                                                         _0511_ (net)
                      0.279790    0.000814    3.404030 ^ _1239_/B (sky130_fd_sc_hd__nand4_4)
     1    0.009693    0.110923    0.143465    3.547495 v _1239_/Y (sky130_fd_sc_hd__nand4_4)
                                                         _0566_ (net)
                      0.110923    0.000312    3.547807 v _1328_/A1 (sky130_fd_sc_hd__o21ai_4)
     4    0.014936    0.158189    0.207052    3.754859 ^ _1328_/Y (sky130_fd_sc_hd__o21ai_4)
                                                         _0653_ (net)
                      0.158190    0.000604    3.755463 ^ _1350_/A (sky130_fd_sc_hd__nand3_1)
     2    0.006439    0.103596    0.117805    3.873268 v _1350_/Y (sky130_fd_sc_hd__nand3_1)
                                                         _0673_ (net)
                      0.103596    0.000173    3.873441 v _1360_/A2_N (sky130_fd_sc_hd__o2bb2ai_1)
     1    0.003674    0.087637    0.146324    4.019765 v _1360_/Y (sky130_fd_sc_hd__o2bb2ai_1)
                                                         _0683_ (net)
                      0.087637    0.000114    4.019880 v _1365_/A2 (sky130_fd_sc_hd__a31oi_1)
     1    0.002280    0.114444    0.162142    4.182022 ^ _1365_/Y (sky130_fd_sc_hd__a31oi_1)
                                                         _0058_ (net)
                      0.114444    0.000046    4.182068 ^ _1432_/D (sky130_fd_sc_hd__dfxtp_1)
                                              4.182068   data arrival time

                                  5.000000    5.000000   clock clk (rise edge)
                                  0.000000    5.000000   clock source latency
     1    0.022910    0.108712    0.075200    5.075200 ^ clk (in)
                                                         clk (net)
                      0.108729    0.000000    5.075200 ^ clkbuf_0_clk/A (sky130_fd_sc_hd__clkbuf_16)
     8    0.085333    0.102323    0.196743    5.271943 ^ clkbuf_0_clk/X (sky130_fd_sc_hd__clkbuf_16)
                                                         clknet_0_clk (net)
                      0.102664    0.004363    5.276306 ^ clkbuf_3_5__f_clk/A (sky130_fd_sc_hd__clkbuf_16)
     8    0.032794    0.053397    0.157338    5.433643 ^ clkbuf_3_5__f_clk/X (sky130_fd_sc_hd__clkbuf_16)
                                                         clknet_3_5__leaf_clk (net)
                      0.053402    0.000948    5.434592 ^ _1432_/CLK (sky130_fd_sc_hd__dfxtp_1)
                                 -0.250000    5.184592   clock uncertainty
                                  0.000000    5.184592   clock reconvergence pessimism
                                 -0.068816    5.115776   library setup time
                                              5.115776   data required time
---------------------------------------------------------------------------------------------
                                              5.115776   data required time
                                             -4.182068   data arrival time
---------------------------------------------------------------------------------------------
                                              0.933708   slack (MET)




===========================================================================
report_checks --slack_max -0.01
============================================================================
======================= nom_tt_025C_1v80 Corner ===================================

No paths found.


===========================================================================
 report_check_types -max_slew -max_cap -max_fanout -violators
============================================================================
======================= nom_tt_025C_1v80 Corner ===================================

max fanout

Pin                                   Limit Fanout  Slack
---------------------------------------------------------
clkbuf_3_2__f_clk/X                      10     11        (VIOLATED)
clkbuf_3_3__f_clk/X                      10     11        (VIOLATED)
clkbuf_3_7__f_clk/X                      10     11        (VIOLATED)



===========================================================================
report_parasitic_annotation -report_unannotated
============================================================================
Found 7 unannotated drivers.
 clkload0/X
 clkload1/Y
 clkload2/X
 clkload3/Y
 clkload4/Y
 clkload5/Y
 clkload6/X
Found 0 partially unannotated drivers.

===========================================================================
max slew violation count 0
max fanout violation count 3
max cap violation count 0
============================================================================

===========================================================================
check_setup -verbose -unconstrained_endpoints -multiple_clock -no_clock -no_input_delay -loops -generated_clocks
===========================================================================
