Clock: clk
Sources: clk 
Generated: no
Virtual: yes
Propagated: no
Period: 5.000000

===========================================================================
report_clock_properties
============================================================================
Clock                   Period          Waveform
----------------------------------------------------
clk                   5.000000    0.000000  2.500000

===========================================================================
report_clock_latency
============================================================================
Clock clk
rise -> rise
    min     max
0.000000 0.000000 source latency
0.430542         network latency _1423_/CLK
        0.441831 network latency _1382_/CLK
---------------
0.430542 0.441831 latency
        0.011290 skew

fall -> fall
    min     max
0.000000 0.000000 source latency
0.383240         network latency _1423_/CLK
        0.393029 network latency _1382_/CLK
---------------
0.383240 0.393029 latency
        0.009789 skew



===========================================================================
report_clock_min_period
============================================================================
clk period_min = 3.23 fmax = 309.42
