
===========================================================================
report_checks -unconstrained
===========================================================================
======================= nom_tt_025C_1v80 Corner ===================================

Startpoint: b_in[4] (input port clocked by clk)
Endpoint: _1426_ (rising edge-triggered flip-flop clocked by clk)
Path Group: clk
Path Type: max

Fanout         Cap        Slew       Delay        Time   Description
---------------------------------------------------------------------------------------------
                                  0.000000    0.000000   clock clk (rise edge)
                                  0.000000    0.000000   clock network delay (propagated)
                                  1.000000    1.000000 v input external delay
     1    0.004479    0.012498    0.007243    1.007243 v b_in[4] (in)
                                                         b_in[4] (net)
                      0.012498    0.000000    1.007243 v input13/A (sky130_fd_sc_hd__clkbuf_1)
     1    0.005594    0.041084    0.086879    1.094122 v input13/X (sky130_fd_sc_hd__clkbuf_1)
                                                         net13 (net)
                      0.041084    0.000031    1.094152 v fanout124/A (sky130_fd_sc_hd__buf_6)
     2    0.012636    0.027355    0.116295    1.210447 v fanout124/X (sky130_fd_sc_hd__buf_6)
                                                         net124 (net)
                      0.027355    0.000091    1.210537 v fanout122/A (sky130_fd_sc_hd__buf_12)
     7    0.047822    0.042041    0.133459    1.343997 v fanout122/X (sky130_fd_sc_hd__buf_12)
                                                         net122 (net)
                      0.042042    0.000274    1.344271 v fanout121/A (sky130_fd_sc_hd__buf_12)
    10    0.053935    0.043395    0.143050    1.487320 v fanout121/X (sky130_fd_sc_hd__buf_12)
                                                         net121 (net)
                      0.043395    0.000182    1.487502 v _1124_/A2 (sky130_fd_sc_hd__a22o_4)
     3    0.012314    0.049456    0.263887    1.751389 v _1124_/X (sky130_fd_sc_hd__a22o_4)
                                                         _0453_ (net)
                      0.049456    0.000029    1.751418 v _1126_/B2 (sky130_fd_sc_hd__a22oi_4)
     3    0.008332    0.147164    0.157555    1.908972 ^ _1126_/Y (sky130_fd_sc_hd__a22oi_4)
                                                         _0455_ (net)
                      0.147164    0.000055    1.909028 ^ rebuffer48/A (sky130_fd_sc_hd__clkbuf_1)
     1    0.005601    0.078038    0.127772    2.036800 ^ rebuffer48/X (sky130_fd_sc_hd__clkbuf_1)
                                                         net183 (net)
                      0.078038    0.000019    2.036818 ^ rebuffer31/A (sky130_fd_sc_hd__buf_6)
     1    0.010120    0.033587    0.101825    2.138643 ^ rebuffer31/X (sky130_fd_sc_hd__buf_6)
                                                         net166 (net)
                      0.033587    0.000047    2.138690 ^ _1144_/A1_N (sky130_fd_sc_hd__a2bb2oi_4)
     1    0.010690    0.119286    0.148199    2.286889 ^ _1144_/Y (sky130_fd_sc_hd__a2bb2oi_4)
                                                         _0473_ (net)
                      0.119286    0.000050    2.286940 ^ _1148_/A1 (sky130_fd_sc_hd__o21ai_4)
     6    0.018488    0.076537    0.093532    2.380472 v _1148_/Y (sky130_fd_sc_hd__o21ai_4)
                                                         _0477_ (net)
                      0.076538    0.000228    2.380700 v rebuffer49/A (sky130_fd_sc_hd__buf_1)
     1    0.003275    0.029244    0.103929    2.484629 v rebuffer49/X (sky130_fd_sc_hd__buf_1)
                                                         net184 (net)
                      0.029244    0.000017    2.484645 v rebuffer22/A (sky130_fd_sc_hd__buf_2)
     1    0.008789    0.036571    0.123612    2.608257 v rebuffer22/X (sky130_fd_sc_hd__buf_2)
                                                         net157 (net)
                      0.036571    0.000022    2.608279 v _1166_/A1_N (sky130_fd_sc_hd__o2bb2ai_4)
     1    0.008748    0.063730    0.131856    2.740135 v _1166_/Y (sky130_fd_sc_hd__o2bb2ai_4)
                                                         _0495_ (net)
                      0.063730    0.000023    2.740158 v _1171_/C1 (sky130_fd_sc_hd__o2111ai_4)
     3    0.024590    0.278119    0.134129    2.874287 ^ _1171_/Y (sky130_fd_sc_hd__o2111ai_4)
                                                         _0500_ (net)
                      0.278119    0.000190    2.874477 ^ _1175_/A1 (sky130_fd_sc_hd__a21oi_4)
     3    0.019310    0.092577    0.120950    2.995427 v _1175_/Y (sky130_fd_sc_hd__a21oi_4)
                                                         _0504_ (net)
                      0.092577    0.000056    2.995483 v _1180_/B1 (sky130_fd_sc_hd__o221ai_4)
     4    0.026936    0.290321    0.278606    3.274089 ^ _1180_/Y (sky130_fd_sc_hd__o221ai_4)
                                                         _0509_ (net)
                      0.290321    0.000209    3.274298 ^ _1183_/B1 (sky130_fd_sc_hd__o21ai_2)
     2    0.005393    0.076889    0.100542    3.374840 v _1183_/Y (sky130_fd_sc_hd__o21ai_2)
                                                         _0512_ (net)
                      0.076889    0.000017    3.374857 v _1235_/A1 (sky130_fd_sc_hd__o21a_1)
     2    0.004703    0.045143    0.201075    3.575932 v _1235_/X (sky130_fd_sc_hd__o21a_1)
                                                         _0563_ (net)
                      0.045143    0.000010    3.575942 v _1237_/A3 (sky130_fd_sc_hd__o311a_1)
     1    0.003107    0.054586    0.283480    3.859422 v _1237_/X (sky130_fd_sc_hd__o311a_1)
                                                         _0565_ (net)
                      0.054586    0.000011    3.859433 v _1238_/B1 (sky130_fd_sc_hd__a21o_1)
     1    0.001988    0.030340    0.145727    4.005160 v _1238_/X (sky130_fd_sc_hd__a21o_1)
                                                         _0052_ (net)
                      0.030340    0.000003    4.005163 v _1426_/D (sky130_fd_sc_hd__dfxtp_1)
                                              4.005163   data arrival time

                                  5.000000    5.000000   clock clk (rise edge)
                                  0.000000    5.000000   clock source latency
     1    0.013735    0.067783    0.046062    5.046062 ^ clk (in)
                                                         clk (net)
                      0.067784    0.000000    5.046062 ^ clkbuf_0_clk/A (sky130_fd_sc_hd__clkbuf_16)
     8    0.075989    0.093021    0.177069    5.223132 ^ clkbuf_0_clk/X (sky130_fd_sc_hd__clkbuf_16)
                                                         clknet_0_clk (net)
                      0.093021    0.000316    5.223448 ^ clkbuf_3_1__f_clk/A (sky130_fd_sc_hd__clkbuf_16)
     6    0.026578    0.047743    0.149392    5.372839 ^ clkbuf_3_1__f_clk/X (sky130_fd_sc_hd__clkbuf_16)
                                                         clknet_3_1__leaf_clk (net)
                      0.047743    0.000039    5.372879 ^ _1426_/CLK (sky130_fd_sc_hd__dfxtp_1)
                                 -0.250000    5.122879   clock uncertainty
                                  0.000000    5.122879   clock reconvergence pessimism
                                 -0.103455    5.019423   library setup time
                                              5.019423   data required time
---------------------------------------------------------------------------------------------
                                              5.019423   data required time
                                             -4.005163   data arrival time
---------------------------------------------------------------------------------------------
                                              1.014261   slack (MET)




===========================================================================
report_checks --slack_max -0.01
============================================================================
======================= nom_tt_025C_1v80 Corner ===================================

No paths found.


===========================================================================
 report_check_types -max_slew -max_cap -max_fanout -violators
============================================================================
======================= nom_tt_025C_1v80 Corner ===================================

max fanout

Pin                                   Limit Fanout  Slack
---------------------------------------------------------
clkbuf_3_5__f_clk/X                      10     12     -2 (VIOLATED)
clkbuf_3_7__f_clk/X                      10     12     -2 (VIOLATED)



===========================================================================
report_parasitic_annotation -report_unannotated
============================================================================
Found 6 unannotated drivers.
 clkload0/Y
 clkload1/Y
 clkload2/Y
 clkload3/Y
 clkload4/Y
 clkload5/Y
Found 0 partially unannotated drivers.

===========================================================================
max slew violation count 0
Writing metric design__max_slew_violation__count__corner:nom_tt_025C_1v80: 0
max fanout violation count 2
Writing metric design__max_fanout_violation__count__corner:nom_tt_025C_1v80: 2
max cap violation count 0
Writing metric design__max_cap_violation__count__corner:nom_tt_025C_1v80: 0
============================================================================

===========================================================================
check_setup -verbose -unconstrained_endpoints -multiple_clock -no_clock -no_input_delay -loops -generated_clocks
===========================================================================
