┏━━━━━━━━━━━━━━━━━━━━━━┳━━━━━━━━━━┳━━━━━━━━━━┳━━━━━━━━━━┳━━━━━━━━━━┳━━━━━━━━━━━┳━━━━━━━━━━┳━━━━━━━━━━━┳━━━━━━━━━━┳━━━━━━━━━━━┳━━━━━━━━━━┳━━━━━━━━━━━┳━━━━━━━━━━┓
┃                      ┃ Hold     ┃ Reg to   ┃          ┃          ┃ of which  ┃ Setup    ┃           ┃          ┃           ┃ of which ┃           ┃          ┃
┃                      ┃ Worst    ┃ Reg      ┃          ┃ Hold Vio ┃ reg to    ┃ Worst    ┃ Reg to    ┃ Setup    ┃ Setup Vio ┃ reg to   ┃ Max Cap   ┃ Max Slew ┃
┃ Corner/Group         ┃ Slack    ┃ Paths    ┃ Hold TNS ┃ Count    ┃ reg       ┃ Slack    ┃ Reg Paths ┃ TNS      ┃ Count     ┃ reg      ┃ Violatio… ┃ Violati… ┃
┡━━━━━━━━━━━━━━━━━━━━━━╇━━━━━━━━━━╇━━━━━━━━━━╇━━━━━━━━━━╇━━━━━━━━━━╇━━━━━━━━━━━╇━━━━━━━━━━╇━━━━━━━━━━━╇━━━━━━━━━━╇━━━━━━━━━━━╇━━━━━━━━━━╇━━━━━━━━━━━╇━━━━━━━━━━┩
│ Overall              │ 0.1154   │ 0.1154   │ 0.0000   │ 0        │ 0         │ -1.9939  │ -0.8742   │ -26.6377 │ 92        │ 56       │ 0         │ 3        │
│ nom_tt_025C_1v80     │ 0.3312   │ 0.3312   │ 0.0000   │ 0        │ 0         │ 0.8340   │ 1.8517    │ 0.0000   │ 0         │ 0        │ 0         │ 0        │
│ nom_ss_100C_1v60     │ 0.5689   │ 0.9029   │ 0.0000   │ 0        │ 0         │ -1.9249  │ -0.8248   │ -25.0560 │ 30        │ 18       │ 0         │ 3        │
│ nom_ff_n40C_1v95     │ 0.1191   │ 0.1191   │ 0.0000   │ 0        │ 0         │ 1.9701   │ 2.9624    │ 0.0000   │ 0         │ 0        │ 0         │ 0        │
│ min_tt_025C_1v80     │ 0.3268   │ 0.3268   │ 0.0000   │ 0        │ 0         │ 0.8846   │ 1.8813    │ 0.0000   │ 0         │ 0        │ 0         │ 0        │
│ min_ss_100C_1v60     │ 0.5762   │ 0.8949   │ 0.0000   │ 0        │ 0         │ -1.8212  │ -0.7723   │ -23.3594 │ 30        │ 18       │ 0         │ 3        │
│ min_ff_n40C_1v95     │ 0.1154   │ 0.1154   │ 0.0000   │ 0        │ 0         │ 1.9994   │ 2.9821    │ 0.0000   │ 0         │ 0        │ 0         │ 0        │
│ max_tt_025C_1v80     │ 0.3367   │ 0.3367   │ 0.0000   │ 0        │ 0         │ 0.7940   │ 1.8220    │ 0.0000   │ 0         │ 0        │ 0         │ 0        │
│ max_ss_100C_1v60     │ 0.5661   │ 0.9128   │ 0.0000   │ 0        │ 0         │ -1.9939  │ -0.8742   │ -26.6377 │ 32        │ 20       │ 0         │ 3        │
│ max_ff_n40C_1v95     │ 0.1222   │ 0.1222   │ 0.0000   │ 0        │ 0         │ 1.9372   │ 2.9403    │ 0.0000   │ 0         │ 0        │ 0         │ 0        │
└──────────────────────┴──────────┴──────────┴──────────┴──────────┴───────────┴──────────┴───────────┴──────────┴───────────┴──────────┴───────────┴──────────┘
