
===========================================================================
report_checks -unconstrained
===========================================================================
======================= max_ff_n40C_1v95 Corner ===================================

Startpoint: b_in[2] (input port clocked by clk)
Endpoint: _1432_ (rising edge-triggered flip-flop clocked by clk)
Path Group: clk
Path Type: max

Fanout         Cap        Slew       Delay        Time   Description
---------------------------------------------------------------------------------------------
                                  0.000000    0.000000   clock clk (rise edge)
                                  0.000000    0.000000   clock network delay (propagated)
                                  1.000000    1.000000 ^ input external delay
     1    0.003163    0.015218    0.008232    1.008232 ^ b_in[2] (in)
                                                         b_in[2] (net)
                      0.015219    0.000000    1.008232 ^ input11/A (sky130_fd_sc_hd__clkbuf_1)
     2    0.021180    0.187995    0.154176    1.162407 ^ input11/X (sky130_fd_sc_hd__clkbuf_1)
                                                         net11 (net)
                      0.188040    0.002410    1.164817 ^ fanout129/A (sky130_fd_sc_hd__buf_4)
    10    0.059326    0.126981    0.165372    1.330189 ^ fanout129/X (sky130_fd_sc_hd__buf_4)
                                                         net129 (net)
                      0.127331    0.005437    1.335626 ^ _0694_/A (sky130_fd_sc_hd__clkinv_4)
     7    0.068860    0.109376    0.104534    1.440160 v _0694_/Y (sky130_fd_sc_hd__clkinv_4)
                                                         _0074_ (net)
                      0.111773    0.012964    1.453125 v _1070_/A1 (sky130_fd_sc_hd__o211ai_4)
     1    0.009611    0.123715    0.161924    1.615048 ^ _1070_/Y (sky130_fd_sc_hd__o211ai_4)
                                                         _0400_ (net)
                      0.123715    0.000464    1.615512 ^ _1077_/B (sky130_fd_sc_hd__nand3_4)
     6    0.037557    0.095753    0.096269    1.711781 v _1077_/Y (sky130_fd_sc_hd__nand3_4)
                                                         _0407_ (net)
                      0.095796    0.001622    1.713403 v _1147_/A2 (sky130_fd_sc_hd__a21oi_4)
     4    0.024406    0.157828    0.183045    1.896448 ^ _1147_/Y (sky130_fd_sc_hd__a21oi_4)
                                                         _0476_ (net)
                      0.157910    0.001574    1.898021 ^ _1148_/B1 (sky130_fd_sc_hd__o21ai_4)
     6    0.025514    0.062274    0.054225    1.952246 v _1148_/Y (sky130_fd_sc_hd__o21ai_4)
                                                         _0477_ (net)
                      0.062366    0.001942    1.954188 v rebuffer49/A (sky130_fd_sc_hd__buf_1)
     1    0.006507    0.032068    0.080587    2.034775 v rebuffer49/X (sky130_fd_sc_hd__buf_1)
                                                         net184 (net)
                      0.032080    0.000578    2.035354 v rebuffer22/A (sky130_fd_sc_hd__buf_2)
     1    0.009506    0.027315    0.084236    2.119590 v rebuffer22/X (sky130_fd_sc_hd__buf_2)
                                                         net157 (net)
                      0.027340    0.000746    2.120336 v _1166_/A1_N (sky130_fd_sc_hd__o2bb2ai_4)
     1    0.009068    0.045611    0.076406    2.196742 v _1166_/Y (sky130_fd_sc_hd__o2bb2ai_4)
                                                         _0495_ (net)
                      0.045612    0.000443    2.197185 v _1171_/C1 (sky130_fd_sc_hd__o2111ai_4)
     3    0.027097    0.224838    0.099695    2.296880 ^ _1171_/Y (sky130_fd_sc_hd__o2111ai_4)
                                                         _0500_ (net)
                      0.224841    0.001771    2.298651 ^ _1175_/A1 (sky130_fd_sc_hd__a21oi_4)
     3    0.023585    0.075005    0.063776    2.362427 v _1175_/Y (sky130_fd_sc_hd__a21oi_4)
                                                         _0504_ (net)
                      0.075024    0.000928    2.363355 v _1180_/B1 (sky130_fd_sc_hd__o221ai_4)
     4    0.031410    0.217971    0.211089    2.574444 ^ _1180_/Y (sky130_fd_sc_hd__o221ai_4)
                                                         _0509_ (net)
                      0.218121    0.002519    2.576964 ^ _1239_/A (sky130_fd_sc_hd__nand4_4)
     1    0.009118    0.077794    0.062686    2.639649 v _1239_/Y (sky130_fd_sc_hd__nand4_4)
                                                         _0566_ (net)
                      0.077794    0.000439    2.640089 v _1328_/A1 (sky130_fd_sc_hd__o21ai_4)
     4    0.018638    0.134656    0.155124    2.795212 ^ _1328_/Y (sky130_fd_sc_hd__o21ai_4)
                                                         _0653_ (net)
                      0.134661    0.001506    2.796718 ^ _1350_/A (sky130_fd_sc_hd__nand3_1)
     2    0.008662    0.086391    0.077471    2.874189 v _1350_/Y (sky130_fd_sc_hd__nand3_1)
                                                         _0673_ (net)
                      0.086394    0.000463    2.874652 v _1360_/A2_N (sky130_fd_sc_hd__o2bb2ai_1)
     1    0.004122    0.068598    0.089335    2.963986 v _1360_/Y (sky130_fd_sc_hd__o2bb2ai_1)
                                                         _0683_ (net)
                      0.068599    0.000263    2.964249 v _1365_/A2 (sky130_fd_sc_hd__a31oi_1)
     1    0.002551    0.088802    0.116964    3.081214 ^ _1365_/Y (sky130_fd_sc_hd__a31oi_1)
                                                         _0058_ (net)
                      0.088803    0.000169    3.081383 ^ _1432_/D (sky130_fd_sc_hd__dfxtp_1)
                                              3.081383   data arrival time

                                  5.000000    5.000000   clock clk (rise edge)
                                  0.000000    5.000000   clock source latency
     1    0.020375    0.072748    0.050394    5.050395 ^ clk (in)
                                                         clk (net)
                      0.072800    0.000000    5.050395 ^ clkbuf_0_clk/A (sky130_fd_sc_hd__clkbuf_16)
     8    0.091134    0.082643    0.134290    5.184685 ^ clkbuf_0_clk/X (sky130_fd_sc_hd__clkbuf_16)
                                                         clknet_0_clk (net)
                      0.083204    0.005433    5.190118 ^ clkbuf_3_2__f_clk/A (sky130_fd_sc_hd__clkbuf_16)
    10    0.037543    0.043587    0.108989    5.299107 ^ clkbuf_3_2__f_clk/X (sky130_fd_sc_hd__clkbuf_16)
                                                         clknet_3_2__leaf_clk (net)
                      0.044007    0.003185    5.302292 ^ _1432_/CLK (sky130_fd_sc_hd__dfxtp_1)
                                 -0.250000    5.052291   clock uncertainty
                                  0.000000    5.052291   clock reconvergence pessimism
                                 -0.033730    5.018562   library setup time
                                              5.018562   data required time
---------------------------------------------------------------------------------------------
                                              5.018562   data required time
                                             -3.081383   data arrival time
---------------------------------------------------------------------------------------------
                                              1.937179   slack (MET)




===========================================================================
report_checks --slack_max -0.01
============================================================================
======================= max_ff_n40C_1v95 Corner ===================================

No paths found.


===========================================================================
 report_check_types -max_slew -max_cap -max_fanout -violators
============================================================================
======================= max_ff_n40C_1v95 Corner ===================================

max fanout

Pin                                   Limit Fanout  Slack
---------------------------------------------------------
clkbuf_3_5__f_clk/X                      10     12     -2 (VIOLATED)
clkbuf_3_7__f_clk/X                      10     12     -2 (VIOLATED)



===========================================================================
report_parasitic_annotation -report_unannotated
============================================================================
Found 6 unannotated drivers.
 clkload0/Y
 clkload1/Y
 clkload2/Y
 clkload3/Y
 clkload4/Y
 clkload5/Y
Found 0 partially unannotated drivers.

===========================================================================
max slew violation count 0
max fanout violation count 2
max cap violation count 0
============================================================================

===========================================================================
check_setup -verbose -unconstrained_endpoints -multiple_clock -no_clock -no_input_delay -loops -generated_clocks
===========================================================================
