
===========================================================================
 report_power
============================================================================
======================= nom_tt_025C_1v80 Corner ===================================

Group                    Internal    Switching      Leakage        Total
                            Power        Power        Power        Power (Watts)
------------------------------------------------------------------------
Sequential           6.947206e-04 3.936144e-05 5.752235e-10 7.340826e-04  42.4%
Combinational        4.603849e-04 5.362245e-04 2.530172e-09 9.966120e-04  57.6%
Clock                0.000000e+00 0.000000e+00 3.434442e-10 3.434442e-10   0.0%
Macro                0.000000e+00 0.000000e+00 0.000000e+00 0.000000e+00   0.0%
Pad                  0.000000e+00 0.000000e+00 0.000000e+00 0.000000e+00   0.0%
------------------------------------------------------------------------
Total                1.155105e-03 5.755860e-04 3.448843e-09 1.730695e-03 100.0%
                            66.7%        33.3%         0.0%
Writing metric power__internal__total: 0.0011551054194569588
Writing metric power__switching__total: 0.0005755860474891961
Writing metric power__leakage__total: 3.4488429889734107e-9
Writing metric power__total: 0.0017306949011981487

