
===========================================================================
Violator List
============================================================================
[hold in-reg] reset -> _1380_/D : -0.732757
[hold in-reg] reset -> _1431_/D : -0.711497
[hold in-reg] v_b_in -> _1408_/D : -0.695232
[hold in-reg] v_a_in -> _1407_/D : -0.693855
[hold in-reg] reset -> _1382_/D : -0.652288
[hold in-reg] v_b_in -> _1432_/D : -0.545482
[hold in-reg] v_b_in -> _1429_/D : -0.530602
[hold in-reg] v_b_in -> _1420_/D : -0.529034
[hold in-reg] v_b_in -> _1419_/D : -0.528246
[hold in-reg] v_b_in -> _1418_/D : -0.527937
[hold in-reg] v_b_in -> _1428_/D : -0.525475
[hold in-reg] a_in[0] -> _1409_/D : -0.516113
[hold in-reg] a_in[7] -> _1416_/D : -0.492433
[hold in-reg] b_in[7] -> _1440_/D : -0.478615
[hold in-reg] a_in[1] -> _1410_/D : -0.475246
[hold in-reg] a_in[2] -> _1411_/D : -0.474920
[hold in-reg] reset -> _1374_/D : -0.465551
[hold in-reg] b_in[0] -> _1433_/D : -0.452115
[hold in-reg] v_b_in -> _1427_/D : -0.449517
[hold in-reg] v_b_in -> _1417_/D : -0.448959
[hold in-reg] b_in[3] -> _1436_/D : -0.448661
[hold in-reg] v_b_in -> _1426_/D : -0.438304
[hold in-reg] a_in[3] -> _1412_/D : -0.431986
[hold in-reg] v_b_in -> _1423_/D : -0.427083
[hold in-reg] b_in[4] -> _1437_/D : -0.425861
[hold in-reg] b_in[2] -> _1435_/D : -0.424462
[hold in-reg] b_in[6] -> _1439_/D : -0.416793
[hold in-reg] v_b_in -> _1422_/D : -0.412134
[hold in-reg] a_in[4] -> _1413_/D : -0.411781
[hold in-reg] b_in[1] -> _1434_/D : -0.406950
[hold in-reg] v_b_in -> _1421_/D : -0.406940
[hold in-reg] a_in[5] -> _1414_/D : -0.401983
[hold in-reg] a_in[6] -> _1415_/D : -0.398906
[hold in-reg] v_b_in -> _1424_/D : -0.391696
[hold in-reg] v_b_in -> _1425_/D : -0.391461
[hold in-reg] v_b_in -> _1430_/D : -0.375221
[hold in-reg] b_in[5] -> _1438_/D : -0.364489
[hold in-reg] clear_acc -> _1391_/D : -0.336596
[hold in-reg] clear_acc -> _1386_/D : -0.304685
[hold in-reg] clear_acc -> _1401_/D : -0.303031
[hold in-reg] clear_acc -> _1403_/D : -0.302067
[hold in-reg] clear_acc -> _1384_/D : -0.301960
[hold in-reg] clear_acc -> _1390_/D : -0.298832
[hold in-reg] clear_acc -> _1383_/D : -0.292673
[hold in-reg] clear_acc -> _1402_/D : -0.286428
[hold in-reg] clear_acc -> _1404_/D : -0.278312
[hold in-reg] clear_acc -> _1388_/D : -0.278283
[hold in-reg] clear_acc -> _1389_/D : -0.278126
[hold in-reg] clear_acc -> _1396_/D : -0.278116
[hold in-reg] clear_acc -> _1385_/D : -0.277869
[hold in-reg] clear_acc -> _1387_/D : -0.277475
[hold in-reg] clear_acc -> _1406_/D : -0.276691
[hold in-reg] clear_acc -> _1381_/D : -0.276514
[hold in-reg] clear_acc -> _1379_/D : -0.276378
[hold in-reg] clear_acc -> _1376_/D : -0.275702
[hold in-reg] clear_acc -> _1378_/D : -0.275275
[hold in-reg] clear_acc -> _1377_/D : -0.275137
[hold in-reg] clear_acc -> _1397_/D : -0.253107
[hold in-reg] clear_acc -> _1405_/D : -0.252925
[hold in-reg] clear_acc -> _1395_/D : -0.251374
[hold in-reg] clear_acc -> _1399_/D : -0.196752
[hold in-reg] clear_acc -> _1400_/D : -0.196260
[hold in-reg] clear_acc -> _1393_/D : -0.195721
[hold in-reg] clear_acc -> _1398_/D : -0.195546
[hold in-reg] clear_acc -> _1392_/D : -0.195157
[hold in-reg] clear_acc -> _1394_/D : -0.194998
[hold in-reg] clear_acc -> _1375_/D : -0.116431
Writing metric timing__hold_vio__count__corner:nom_tt_025C_1v80: 67
Writing metric timing__hold_r2r__ws__corner:nom_tt_025C_1v80: 1e30
Writing metric timing__hold_r2r_vio__count__corner:nom_tt_025C_1v80: 0
Writing metric timing__setup_vio__count__corner:nom_tt_025C_1v80: 0
Writing metric timing__setup_r2r__ws__corner:nom_tt_025C_1v80: 0.684996
Writing metric timing__setup_r2r_vio__count__corner:nom_tt_025C_1v80: 0
