
===========================================================================
 report_power
============================================================================
======================= max_tt_025C_1v80 Corner ===================================

Group                    Internal    Switching      Leakage        Total
                            Power        Power        Power        Power (Watts)
------------------------------------------------------------------------
Sequential           4.566611e-04 9.279946e-06 5.473295e-10 4.659416e-04  25.0%
Combinational        3.505860e-04 5.069098e-04 3.621661e-09 8.574994e-04  46.1%
Clock                3.410709e-04 1.973708e-04 2.099394e-09 5.384438e-04  28.9%
Macro                0.000000e+00 0.000000e+00 0.000000e+00 0.000000e+00   0.0%
Pad                  0.000000e+00 0.000000e+00 0.000000e+00 0.000000e+00   0.0%
------------------------------------------------------------------------
Total                1.148318e-03 7.135605e-04 6.268382e-09 1.861884e-03 100.0%
                            61.7%        38.3%         0.0%

