
===========================================================================
 report_power
============================================================================
======================= min_ff_n40C_1v95 Corner ===================================

Group                    Internal    Switching      Leakage        Total
                            Power        Power        Power        Power (Watts)
------------------------------------------------------------------------
Sequential           7.955587e-04 1.745676e-05 1.034418e-09 8.130165e-04  24.1%
Combinational        6.961576e-04 9.666124e-04 1.228149e-08 1.662782e-03  49.2%
Clock                5.733615e-04 3.283703e-04 2.923105e-09 9.017347e-04  26.7%
Macro                0.000000e+00 0.000000e+00 0.000000e+00 0.000000e+00   0.0%
Pad                  0.000000e+00 0.000000e+00 0.000000e+00 0.000000e+00   0.0%
------------------------------------------------------------------------
Total                2.065076e-03 1.312440e-03 1.623900e-08 3.377533e-03 100.0%
                            61.1%        38.9%         0.0%

