                                                                       Cells by Function                                                                        
┏━━━━━━━━━━━━━━━━━━━━━━━━━━━━━━━━━━━━━━━━━━━━━━━━━━━━━━━━━━━━━━━━━━━━━━━━━━━━━━━━━━━━━━━━━━━━━━━━━━━━━━━━━━━━━━━━━━━━━━━━━━━━━━━━━┳━━━━━━━━━━━━━━━━━━━━━━━━━━━━┓
┃ Cell Function                                                                                                                   ┃ Count                      ┃
┡━━━━━━━━━━━━━━━━━━━━━━━━━━━━━━━━━━━━━━━━━━━━━━━━━━━━━━━━━━━━━━━━━━━━━━━━━━━━━━━━━━━━━━━━━━━━━━━━━━━━━━━━━━━━━━━━━━━━━━━━━━━━━━━━━╇━━━━━━━━━━━━━━━━━━━━━━━━━━━━┩
│ sky130_ef_sc_hd__decap                                                                                                          │ 430                        │
│ sky130_fd_sc_hd__a2111oi                                                                                                        │ 2                          │
│ sky130_fd_sc_hd__a211o                                                                                                          │ 4                          │
│ sky130_fd_sc_hd__a211oi                                                                                                         │ 2                          │
│ sky130_fd_sc_hd__a21boi                                                                                                         │ 1                          │
│ sky130_fd_sc_hd__a21o                                                                                                           │ 22                         │
│ sky130_fd_sc_hd__a21oi                                                                                                          │ 36                         │
│ sky130_fd_sc_hd__a221o                                                                                                          │ 1                          │
│ sky130_fd_sc_hd__a221oi                                                                                                         │ 1                          │
│ sky130_fd_sc_hd__a22o                                                                                                           │ 33                         │
│ sky130_fd_sc_hd__a22oi                                                                                                          │ 30                         │
│ sky130_fd_sc_hd__a2bb2o                                                                                                         │ 6                          │
│ sky130_fd_sc_hd__a2bb2oi                                                                                                        │ 4                          │
│ sky130_fd_sc_hd__a311o                                                                                                          │ 2                          │
│ sky130_fd_sc_hd__a311oi                                                                                                         │ 2                          │
│ sky130_fd_sc_hd__a31o                                                                                                           │ 21                         │
│ sky130_fd_sc_hd__a31oi                                                                                                          │ 6                          │
│ sky130_fd_sc_hd__a32o                                                                                                           │ 3                          │
│ sky130_fd_sc_hd__a32oi                                                                                                          │ 2                          │
│ sky130_fd_sc_hd__a41o                                                                                                           │ 8                          │
│ sky130_fd_sc_hd__a41oi                                                                                                          │ 3                          │
│ sky130_fd_sc_hd__and2                                                                                                           │ 18                         │
│ sky130_fd_sc_hd__and2b                                                                                                          │ 1                          │
│ sky130_fd_sc_hd__and3                                                                                                           │ 33                         │
│ sky130_fd_sc_hd__and4                                                                                                           │ 25                         │
│ sky130_fd_sc_hd__and4b                                                                                                          │ 4                          │
│ sky130_fd_sc_hd__buf                                                                                                            │ 111                        │
│ sky130_fd_sc_hd__bufinv                                                                                                         │ 1                          │
│ sky130_fd_sc_hd__clkbuf                                                                                                         │ 50                         │
│ sky130_fd_sc_hd__clkinv                                                                                                         │ 5                          │
│ sky130_fd_sc_hd__clkinvlp                                                                                                       │ 2                          │
│ sky130_fd_sc_hd__decap                                                                                                          │ 603                        │
│ sky130_fd_sc_hd__dfxtp                                                                                                          │ 67                         │
│ sky130_fd_sc_hd__dlygate4sd1                                                                                                    │ 7                          │
│ sky130_fd_sc_hd__dlygate4sd3                                                                                                    │ 35                         │
│ sky130_fd_sc_hd__dlymetal6s2s                                                                                                   │ 6                          │
│ sky130_fd_sc_hd__fill                                                                                                           │ 407                        │
│ sky130_fd_sc_hd__inv                                                                                                            │ 18                         │
│ sky130_fd_sc_hd__nand2                                                                                                          │ 63                         │
│ sky130_fd_sc_hd__nand2b                                                                                                         │ 2                          │
│ sky130_fd_sc_hd__nand3                                                                                                          │ 29                         │
│ sky130_fd_sc_hd__nand3b                                                                                                         │ 7                          │
│ sky130_fd_sc_hd__nand4                                                                                                          │ 43                         │
│ sky130_fd_sc_hd__nand4b                                                                                                         │ 1                          │
│ sky130_fd_sc_hd__nor2                                                                                                           │ 26                         │
│ sky130_fd_sc_hd__nor3                                                                                                           │ 1                          │
│ sky130_fd_sc_hd__nor3b                                                                                                          │ 1                          │
│ sky130_fd_sc_hd__nor4                                                                                                           │ 1                          │
│ sky130_fd_sc_hd__o2111a                                                                                                         │ 4                          │
│ sky130_fd_sc_hd__o2111ai                                                                                                        │ 10                         │
│ sky130_fd_sc_hd__o211a                                                                                                          │ 26                         │
│ sky130_fd_sc_hd__o211ai                                                                                                         │ 30                         │
│ sky130_fd_sc_hd__o21a                                                                                                           │ 13                         │
│ sky130_fd_sc_hd__o21ai                                                                                                          │ 45                         │
│ sky130_fd_sc_hd__o21bai                                                                                                         │ 8                          │
│ sky130_fd_sc_hd__o221a                                                                                                          │ 2                          │
│ sky130_fd_sc_hd__o221ai                                                                                                         │ 11                         │
│ sky130_fd_sc_hd__o22a                                                                                                           │ 2                          │
│ sky130_fd_sc_hd__o22ai                                                                                                          │ 10                         │
│ sky130_fd_sc_hd__o2bb2a                                                                                                         │ 3                          │
│ sky130_fd_sc_hd__o2bb2ai                                                                                                        │ 16                         │
│ sky130_fd_sc_hd__o311a                                                                                                          │ 4                          │
│ sky130_fd_sc_hd__o31a                                                                                                           │ 3                          │
│ sky130_fd_sc_hd__o31ai                                                                                                          │ 1                          │
│ sky130_fd_sc_hd__o32ai                                                                                                          │ 1                          │
│ sky130_fd_sc_hd__o41ai                                                                                                          │ 2                          │
│ sky130_fd_sc_hd__or2                                                                                                            │ 22                         │
│ sky130_fd_sc_hd__or3                                                                                                            │ 3                          │
│ sky130_fd_sc_hd__or4                                                                                                            │ 1                          │
│ sky130_fd_sc_hd__or4b                                                                                                           │ 1                          │
│ sky130_fd_sc_hd__tapvpwrvgnd                                                                                                    │ 302                        │
│ sky130_fd_sc_hd__xnor2                                                                                                          │ 2                          │
│ sky130_fd_sc_hd__xor2                                                                                                           │ 1                          │
└─────────────────────────────────────────────────────────────────────────────────────────────────────────────────────────────────┴────────────────────────────┘
