
===========================================================================
report_checks -unconstrained
===========================================================================
======================= min_ss_100C_1v60 Corner ===================================

Startpoint: b_in[5] (input port clocked by clk)
Endpoint: _1426_ (rising edge-triggered flip-flop clocked by clk)
Path Group: clk
Path Type: max

Fanout         Cap        Slew       Delay        Time   Description
---------------------------------------------------------------------------------------------
                                  0.000000    0.000000   clock clk (rise edge)
                                  0.000000    0.000000   clock network delay (propagated)
                                  1.000000    1.000000 ^ input external delay
     1    0.009076    0.074807    0.047803    1.047803 ^ b_in[5] (in)
                                                         b_in[5] (net)
                      0.074807    0.000000    1.047803 ^ input14/A (sky130_fd_sc_hd__clkbuf_1)
     1    0.011270    0.224280    0.263155    1.310959 ^ input14/X (sky130_fd_sc_hd__clkbuf_1)
                                                         net14 (net)
                      0.224280    0.000153    1.311112 ^ fanout120/A (sky130_fd_sc_hd__clkbuf_2)
     5    0.043959    0.373291    0.479306    1.790418 ^ fanout120/X (sky130_fd_sc_hd__clkbuf_2)
                                                         net120 (net)
                      0.373292    0.001488    1.791907 ^ fanout119/A (sky130_fd_sc_hd__clkbuf_4)
    10    0.061804    0.300790    0.553146    2.345052 ^ fanout119/X (sky130_fd_sc_hd__clkbuf_4)
                                                         net119 (net)
                      0.300792    0.001480    2.346532 ^ _1078_/B (sky130_fd_sc_hd__nand2_2)
     5    0.032887    0.296262    0.356387    2.702919 v _1078_/Y (sky130_fd_sc_hd__nand2_2)
                                                         _0408_ (net)
                      0.296263    0.001132    2.704051 v _1086_/B1_N (sky130_fd_sc_hd__o21bai_1)
     2    0.014433    0.286082    0.572728    3.276779 v _1086_/Y (sky130_fd_sc_hd__o21bai_1)
                                                         _0416_ (net)
                      0.286082    0.000473    3.277251 v _1089_/B (sky130_fd_sc_hd__nand2_1)
     1    0.013222    0.218986    0.305798    3.583049 ^ _1089_/Y (sky130_fd_sc_hd__nand2_1)
                                                         _0419_ (net)
                      0.218986    0.000366    3.583416 ^ _1147_/A1 (sky130_fd_sc_hd__a21oi_4)
     4    0.021303    0.127421    0.201297    3.784713 v _1147_/Y (sky130_fd_sc_hd__a21oi_4)
                                                         _0476_ (net)
                      0.127422    0.000567    3.785279 v rebuffer7/A (sky130_fd_sc_hd__dlygate4sd1_1)
     1    0.010818    0.126965    0.566818    4.352097 v rebuffer7/X (sky130_fd_sc_hd__dlygate4sd1_1)
                                                         net143 (net)
                      0.126965    0.000134    4.352231 v _1164_/B1 (sky130_fd_sc_hd__o221ai_4)
     1    0.010368    0.301776    0.323686    4.675917 ^ _1164_/Y (sky130_fd_sc_hd__o221ai_4)
                                                         _0493_ (net)
                      0.301776    0.000158    4.676075 ^ _1169_/B (sky130_fd_sc_hd__nand3_4)
     3    0.017057    0.168499    0.264194    4.940269 v _1169_/Y (sky130_fd_sc_hd__nand3_4)
                                                         _0498_ (net)
                      0.168499    0.000180    4.940449 v rebuffer16/A (sky130_fd_sc_hd__buf_8)
     2    0.017937    0.049395    0.266398    5.206847 v rebuffer16/X (sky130_fd_sc_hd__buf_8)
                                                         net152 (net)
                      0.049395    0.000124    5.206972 v _1175_/A2 (sky130_fd_sc_hd__a21oi_4)
     2    0.015969    0.248055    0.297350    5.504322 ^ _1175_/Y (sky130_fd_sc_hd__a21oi_4)
                                                         _0504_ (net)
                      0.248055    0.000192    5.504513 ^ _1180_/B1 (sky130_fd_sc_hd__o221ai_4)
     4    0.019998    0.232106    0.348063    5.852577 v _1180_/Y (sky130_fd_sc_hd__o221ai_4)
                                                         _0509_ (net)
                      0.232106    0.000192    5.852768 v _1183_/B1 (sky130_fd_sc_hd__o21ai_2)
     2    0.009019    0.243654    0.191588    6.044356 ^ _1183_/Y (sky130_fd_sc_hd__o21ai_2)
                                                         _0512_ (net)
                      0.243654    0.000082    6.044438 ^ _1235_/A2 (sky130_fd_sc_hd__o21a_1)
     2    0.008776    0.155814    0.332373    6.376811 ^ _1235_/X (sky130_fd_sc_hd__o21a_1)
                                                         _0563_ (net)
                      0.155814    0.000201    6.377012 ^ rebuffer93/A (sky130_fd_sc_hd__buf_1)
     1    0.004704    0.105869    0.211690    6.588702 ^ rebuffer93/X (sky130_fd_sc_hd__buf_1)
                                                         net229 (net)
                      0.105869    0.000083    6.588786 ^ _1236_/B1 (sky130_fd_sc_hd__o21ai_1)
     1    0.004783    0.134155    0.158369    6.747155 v _1236_/Y (sky130_fd_sc_hd__o21ai_1)
                                                         _0564_ (net)
                      0.134155    0.000074    6.747229 v _1237_/C1 (sky130_fd_sc_hd__o311a_1)
     1    0.003137    0.095163    0.223195    6.970424 v _1237_/X (sky130_fd_sc_hd__o311a_1)
                                                         _0565_ (net)
                      0.095163    0.000034    6.970458 v _1238_/B1 (sky130_fd_sc_hd__a21o_1)
     1    0.001891    0.052611    0.274331    7.244789 v _1238_/X (sky130_fd_sc_hd__a21o_1)
                                                         _0052_ (net)
                      0.052611    0.000016    7.244804 v _1426_/D (sky130_fd_sc_hd__dfxtp_1)
                                              7.244804   data arrival time

                                  5.000000    5.000000   clock clk (rise edge)
                                  0.000000    5.000000   clock source latency
     1    0.020832    0.155791    0.106521    5.106521 ^ clk (in)
                                                         clk (net)
                      0.155802    0.000000    5.106521 ^ clkbuf_0_clk/A (sky130_fd_sc_hd__clkbuf_16)
     8    0.086378    0.157165    0.340155    5.446677 ^ clkbuf_0_clk/X (sky130_fd_sc_hd__clkbuf_16)
                                                         clknet_0_clk (net)
                      0.157166    0.000837    5.447513 ^ clkbuf_3_3__f_clk/A (sky130_fd_sc_hd__clkbuf_16)
     8    0.029697    0.079980    0.275350    5.722863 ^ clkbuf_3_3__f_clk/X (sky130_fd_sc_hd__clkbuf_16)
                                                         clknet_3_3__leaf_clk (net)
                      0.079980    0.000208    5.723071 ^ _1426_/CLK (sky130_fd_sc_hd__dfxtp_1)
                                 -0.250000    5.473071   clock uncertainty
                                  0.000000    5.473071   clock reconvergence pessimism
                                 -0.259065    5.214006   library setup time
                                              5.214006   data required time
---------------------------------------------------------------------------------------------
                                              5.214006   data required time
                                             -7.244804   data arrival time
---------------------------------------------------------------------------------------------
                                             -2.030798   slack (VIOLATED)




===========================================================================
report_checks --slack_max -0.01
============================================================================
======================= min_ss_100C_1v60 Corner ===================================

Startpoint: b_in[5] (input port clocked by clk)
Endpoint: _1426_ (rising edge-triggered flip-flop clocked by clk)
Path Group: clk
Path Type: max

Fanout         Cap        Slew       Delay        Time   Description
---------------------------------------------------------------------------------------------
                                  0.000000    0.000000   clock clk (rise edge)
                                  0.000000    0.000000   clock network delay (propagated)
                                  1.000000    1.000000 ^ input external delay
     1    0.009076    0.074807    0.047803    1.047803 ^ b_in[5] (in)
                                                         b_in[5] (net)
                      0.074807    0.000000    1.047803 ^ input14/A (sky130_fd_sc_hd__clkbuf_1)
     1    0.011270    0.224280    0.263155    1.310959 ^ input14/X (sky130_fd_sc_hd__clkbuf_1)
                                                         net14 (net)
                      0.224280    0.000153    1.311112 ^ fanout120/A (sky130_fd_sc_hd__clkbuf_2)
     5    0.043959    0.373291    0.479306    1.790418 ^ fanout120/X (sky130_fd_sc_hd__clkbuf_2)
                                                         net120 (net)
                      0.373292    0.001488    1.791907 ^ fanout119/A (sky130_fd_sc_hd__clkbuf_4)
    10    0.061804    0.300790    0.553146    2.345052 ^ fanout119/X (sky130_fd_sc_hd__clkbuf_4)
                                                         net119 (net)
                      0.300792    0.001480    2.346532 ^ _1078_/B (sky130_fd_sc_hd__nand2_2)
     5    0.032887    0.296262    0.356387    2.702919 v _1078_/Y (sky130_fd_sc_hd__nand2_2)
                                                         _0408_ (net)
                      0.296263    0.001132    2.704051 v _1086_/B1_N (sky130_fd_sc_hd__o21bai_1)
     2    0.014433    0.286082    0.572728    3.276779 v _1086_/Y (sky130_fd_sc_hd__o21bai_1)
                                                         _0416_ (net)
                      0.286082    0.000473    3.277251 v _1089_/B (sky130_fd_sc_hd__nand2_1)
     1    0.013222    0.218986    0.305798    3.583049 ^ _1089_/Y (sky130_fd_sc_hd__nand2_1)
                                                         _0419_ (net)
                      0.218986    0.000366    3.583416 ^ _1147_/A1 (sky130_fd_sc_hd__a21oi_4)
     4    0.021303    0.127421    0.201297    3.784713 v _1147_/Y (sky130_fd_sc_hd__a21oi_4)
                                                         _0476_ (net)
                      0.127422    0.000567    3.785279 v rebuffer7/A (sky130_fd_sc_hd__dlygate4sd1_1)
     1    0.010818    0.126965    0.566818    4.352097 v rebuffer7/X (sky130_fd_sc_hd__dlygate4sd1_1)
                                                         net143 (net)
                      0.126965    0.000134    4.352231 v _1164_/B1 (sky130_fd_sc_hd__o221ai_4)
     1    0.010368    0.301776    0.323686    4.675917 ^ _1164_/Y (sky130_fd_sc_hd__o221ai_4)
                                                         _0493_ (net)
                      0.301776    0.000158    4.676075 ^ _1169_/B (sky130_fd_sc_hd__nand3_4)
     3    0.017057    0.168499    0.264194    4.940269 v _1169_/Y (sky130_fd_sc_hd__nand3_4)
                                                         _0498_ (net)
                      0.168499    0.000180    4.940449 v rebuffer16/A (sky130_fd_sc_hd__buf_8)
     2    0.017937    0.049395    0.266398    5.206847 v rebuffer16/X (sky130_fd_sc_hd__buf_8)
                                                         net152 (net)
                      0.049395    0.000124    5.206972 v _1175_/A2 (sky130_fd_sc_hd__a21oi_4)
     2    0.015969    0.248055    0.297350    5.504322 ^ _1175_/Y (sky130_fd_sc_hd__a21oi_4)
                                                         _0504_ (net)
                      0.248055    0.000192    5.504513 ^ _1180_/B1 (sky130_fd_sc_hd__o221ai_4)
     4    0.019998    0.232106    0.348063    5.852577 v _1180_/Y (sky130_fd_sc_hd__o221ai_4)
                                                         _0509_ (net)
                      0.232106    0.000192    5.852768 v _1183_/B1 (sky130_fd_sc_hd__o21ai_2)
     2    0.009019    0.243654    0.191588    6.044356 ^ _1183_/Y (sky130_fd_sc_hd__o21ai_2)
                                                         _0512_ (net)
                      0.243654    0.000082    6.044438 ^ _1235_/A2 (sky130_fd_sc_hd__o21a_1)
     2    0.008776    0.155814    0.332373    6.376811 ^ _1235_/X (sky130_fd_sc_hd__o21a_1)
                                                         _0563_ (net)
                      0.155814    0.000201    6.377012 ^ rebuffer93/A (sky130_fd_sc_hd__buf_1)
     1    0.004704    0.105869    0.211690    6.588702 ^ rebuffer93/X (sky130_fd_sc_hd__buf_1)
                                                         net229 (net)
                      0.105869    0.000083    6.588786 ^ _1236_/B1 (sky130_fd_sc_hd__o21ai_1)
     1    0.004783    0.134155    0.158369    6.747155 v _1236_/Y (sky130_fd_sc_hd__o21ai_1)
                                                         _0564_ (net)
                      0.134155    0.000074    6.747229 v _1237_/C1 (sky130_fd_sc_hd__o311a_1)
     1    0.003137    0.095163    0.223195    6.970424 v _1237_/X (sky130_fd_sc_hd__o311a_1)
                                                         _0565_ (net)
                      0.095163    0.000034    6.970458 v _1238_/B1 (sky130_fd_sc_hd__a21o_1)
     1    0.001891    0.052611    0.274331    7.244789 v _1238_/X (sky130_fd_sc_hd__a21o_1)
                                                         _0052_ (net)
                      0.052611    0.000016    7.244804 v _1426_/D (sky130_fd_sc_hd__dfxtp_1)
                                              7.244804   data arrival time

                                  5.000000    5.000000   clock clk (rise edge)
                                  0.000000    5.000000   clock source latency
     1    0.020832    0.155791    0.106521    5.106521 ^ clk (in)
                                                         clk (net)
                      0.155802    0.000000    5.106521 ^ clkbuf_0_clk/A (sky130_fd_sc_hd__clkbuf_16)
     8    0.086378    0.157165    0.340155    5.446677 ^ clkbuf_0_clk/X (sky130_fd_sc_hd__clkbuf_16)
                                                         clknet_0_clk (net)
                      0.157166    0.000837    5.447513 ^ clkbuf_3_3__f_clk/A (sky130_fd_sc_hd__clkbuf_16)
     8    0.029697    0.079980    0.275350    5.722863 ^ clkbuf_3_3__f_clk/X (sky130_fd_sc_hd__clkbuf_16)
                                                         clknet_3_3__leaf_clk (net)
                      0.079980    0.000208    5.723071 ^ _1426_/CLK (sky130_fd_sc_hd__dfxtp_1)
                                 -0.250000    5.473071   clock uncertainty
                                  0.000000    5.473071   clock reconvergence pessimism
                                 -0.259065    5.214006   library setup time
                                              5.214006   data required time
---------------------------------------------------------------------------------------------
                                              5.214006   data required time
                                             -7.244804   data arrival time
---------------------------------------------------------------------------------------------
                                             -2.030798   slack (VIOLATED)




===========================================================================
 report_check_types -max_slew -max_cap -max_fanout -violators
============================================================================
======================= min_ss_100C_1v60 Corner ===================================

max slew

Pin                                        Limit        Slew       Slack
------------------------------------------------------------------------
_1357_/Y                                0.750000    0.949580   -0.199580 (VIOLATED)
_1360_/B1                               0.750000    0.949580   -0.199580 (VIOLATED)
max_cap73/A                             0.750000    0.949580   -0.199580 (VIOLATED)
_1322_/Y                                0.750000    0.801827   -0.051827 (VIOLATED)
_1325_/A                                0.750000    0.801827   -0.051827 (VIOLATED)
_1331_/B2                               0.750000    0.801827   -0.051827 (VIOLATED)
_1349_/D                                0.750000    0.801827   -0.051827 (VIOLATED)

max fanout

Pin                                   Limit Fanout  Slack
---------------------------------------------------------
clkbuf_3_2__f_clk/X                      10     11        (VIOLATED)
clkbuf_3_5__f_clk/X                      10     11        (VIOLATED)
clkbuf_3_6__f_clk/X                      10     11        (VIOLATED)
clkbuf_3_7__f_clk/X                      10     11        (VIOLATED)



===========================================================================
report_parasitic_annotation -report_unannotated
============================================================================
Found 7 unannotated drivers.
 clkload0/Y
 clkload1/Y
 clkload2/X
 clkload3/Y
 clkload4/Y
 clkload5/X
 clkload6/X
Found 0 partially unannotated drivers.

===========================================================================
max slew violation count 7
max fanout violation count 4
max cap violation count 0
============================================================================

===========================================================================
check_setup -verbose -unconstrained_endpoints -multiple_clock -no_clock -no_input_delay -loops -generated_clocks
===========================================================================
