
===========================================================================
 report_power
============================================================================
======================= min_ss_100C_1v60 Corner ===================================

Group                    Internal    Switching      Leakage        Total
                            Power        Power        Power        Power (Watts)
------------------------------------------------------------------------
Sequential           4.252447e-04 9.130794e-06 9.320081e-07 4.353076e-04  21.6%
Combinational        4.449543e-04 5.524806e-04 5.135472e-06 1.002570e-03  49.7%
Clock                4.111827e-04 1.676881e-04 2.718064e-07 5.791427e-04  28.7%
Macro                0.000000e+00 0.000000e+00 0.000000e+00 0.000000e+00   0.0%
Pad                  0.000000e+00 0.000000e+00 0.000000e+00 0.000000e+00   0.0%
------------------------------------------------------------------------
Total                1.281382e-03 7.293000e-04 6.339293e-06 2.017021e-03 100.0%
                            63.5%        36.2%         0.3%

