
===========================================================================
report_checks -unconstrained
===========================================================================
======================= min_tt_025C_1v80 Corner ===================================

Startpoint: b_in[2] (input port clocked by clk)
Endpoint: _1432_ (rising edge-triggered flip-flop clocked by clk)
Path Group: clk
Path Type: max

Fanout         Cap        Slew       Delay        Time   Description
---------------------------------------------------------------------------------------------
                                  0.000000    0.000000   clock clk (rise edge)
                                  0.000000    0.000000   clock network delay (propagated)
                                  1.000000    1.000000 ^ input external delay
     1    0.003760    0.023898    0.013668    1.013668 ^ b_in[2] (in)
                                                         b_in[2] (net)
                      0.023898    0.000000    1.013668 ^ input11/A (sky130_fd_sc_hd__buf_1)
     2    0.010350    0.128614    0.133177    1.146845 ^ input11/X (sky130_fd_sc_hd__buf_1)
                                                         net11 (net)
                      0.128614    0.000097    1.146943 ^ fanout126/A (sky130_fd_sc_hd__buf_4)
    10    0.070145    0.196162    0.252761    1.399704 ^ fanout126/X (sky130_fd_sc_hd__buf_4)
                                                         net126 (net)
                      0.196243    0.001539    1.401242 ^ fanout125/A (sky130_fd_sc_hd__buf_4)
    10    0.061989    0.174786    0.255696    1.656938 ^ fanout125/X (sky130_fd_sc_hd__buf_4)
                                                         net125 (net)
                      0.174896    0.002417    1.659355 ^ _0694_/A (sky130_fd_sc_hd__clkinv_4)
     7    0.067398    0.140208    0.171368    1.830723 v _0694_/Y (sky130_fd_sc_hd__clkinv_4)
                                                         _0074_ (net)
                      0.140329    0.003395    1.834118 v _1070_/A1 (sky130_fd_sc_hd__o211ai_4)
     1    0.010784    0.170600    0.232845    2.066963 ^ _1070_/Y (sky130_fd_sc_hd__o211ai_4)
                                                         _0400_ (net)
                      0.170600    0.000191    2.067154 ^ _1077_/A (sky130_fd_sc_hd__nand3_4)
     6    0.040864    0.156058    0.169770    2.236924 v _1077_/Y (sky130_fd_sc_hd__nand3_4)
                                                         _0407_ (net)
                      0.156067    0.000939    2.237864 v _1090_/A1_N (sky130_fd_sc_hd__o2bb2ai_4)
     2    0.018377    0.077502    0.203644    2.441508 v _1090_/Y (sky130_fd_sc_hd__o2bb2ai_4)
                                                         _0420_ (net)
                      0.077503    0.000232    2.441740 v _1097_/B2 (sky130_fd_sc_hd__a22oi_4)
     5    0.033813    0.297534    0.286758    2.728498 ^ _1097_/Y (sky130_fd_sc_hd__a22oi_4)
                                                         _0427_ (net)
                      0.297540    0.001058    2.729556 ^ rebuffer7/A (sky130_fd_sc_hd__dlymetal6s2s_1)
     1    0.009460    0.118606    0.200769    2.930326 ^ rebuffer7/X (sky130_fd_sc_hd__dlymetal6s2s_1)
                                                         net139 (net)
                      0.118606    0.000092    2.930418 ^ _1171_/A2 (sky130_fd_sc_hd__o2111ai_4)
     3    0.023687    0.172370    0.171034    3.101452 v _1171_/Y (sky130_fd_sc_hd__o2111ai_4)
                                                         _0500_ (net)
                      0.172370    0.000238    3.101690 v _1229_/B1 (sky130_fd_sc_hd__o21ai_4)
     4    0.018327    0.178558    0.135470    3.237160 ^ _1229_/Y (sky130_fd_sc_hd__o21ai_4)
                                                         _0557_ (net)
                      0.178562    0.000355    3.237515 ^ _1231_/B1 (sky130_fd_sc_hd__a22o_1)
     2    0.015571    0.158527    0.237635    3.475150 ^ _1231_/X (sky130_fd_sc_hd__a22o_1)
                                                         _0559_ (net)
                      0.158527    0.000187    3.475337 ^ _1239_/C (sky130_fd_sc_hd__nand4_4)
     1    0.009236    0.108845    0.121212    3.596549 v _1239_/Y (sky130_fd_sc_hd__nand4_4)
                                                         _0566_ (net)
                      0.108845    0.000089    3.596637 v _1328_/A1 (sky130_fd_sc_hd__o21ai_4)
     4    0.016009    0.164541    0.211254    3.807892 ^ _1328_/Y (sky130_fd_sc_hd__o21ai_4)
                                                         _0653_ (net)
                      0.164541    0.000462    3.808354 ^ _1350_/A (sky130_fd_sc_hd__nand3_1)
     2    0.006275    0.105063    0.118162    3.926516 v _1350_/Y (sky130_fd_sc_hd__nand3_1)
                                                         _0673_ (net)
                      0.105063    0.000056    3.926572 v _1360_/A2_N (sky130_fd_sc_hd__o2bb2ai_1)
     1    0.003535    0.087611    0.146198    4.072770 v _1360_/Y (sky130_fd_sc_hd__o2bb2ai_1)
                                                         _0683_ (net)
                      0.087611    0.000043    4.072813 v _1365_/A2 (sky130_fd_sc_hd__a31oi_1)
     1    0.002217    0.114811    0.161118    4.233931 ^ _1365_/Y (sky130_fd_sc_hd__a31oi_1)
                                                         _0058_ (net)
                      0.114811    0.000012    4.233943 ^ _1432_/D (sky130_fd_sc_hd__dfxtp_1)
                                              4.233943   data arrival time

                                  6.000000    6.000000   clock clk (rise edge)
                                  0.000000    6.000000   clock source latency
     1    0.022929    0.108769    0.075087    6.075087 ^ clk (in)
                                                         clk (net)
                      0.108778    0.000000    6.075087 ^ clkbuf_0_clk/A (sky130_fd_sc_hd__clkbuf_16)
     8    0.081926    0.098548    0.195288    6.270375 ^ clkbuf_0_clk/X (sky130_fd_sc_hd__clkbuf_16)
                                                         clknet_0_clk (net)
                      0.098627    0.002528    6.272903 ^ clkbuf_3_5__f_clk/A (sky130_fd_sc_hd__clkbuf_16)
     8    0.032004    0.052785    0.155485    6.428388 ^ clkbuf_3_5__f_clk/X (sky130_fd_sc_hd__clkbuf_16)
                                                         clknet_3_5__leaf_clk (net)
                      0.052786    0.000505    6.428893 ^ _1432_/CLK (sky130_fd_sc_hd__dfxtp_1)
                                 -0.250000    6.178893   clock uncertainty
                                  0.000000    6.178893   clock reconvergence pessimism
                                 -0.068990    6.109903   library setup time
                                              6.109903   data required time
---------------------------------------------------------------------------------------------
                                              6.109903   data required time
                                             -4.233943   data arrival time
---------------------------------------------------------------------------------------------
                                              1.875959   slack (MET)




===========================================================================
report_checks --slack_max -0.01
============================================================================
======================= min_tt_025C_1v80 Corner ===================================

No paths found.


===========================================================================
 report_check_types -max_slew -max_cap -max_fanout -violators
============================================================================
======================= min_tt_025C_1v80 Corner ===================================

max fanout

Pin                                   Limit Fanout  Slack
---------------------------------------------------------
clkbuf_3_2__f_clk/X                      10     11        (VIOLATED)
clkbuf_3_3__f_clk/X                      10     11        (VIOLATED)
clkbuf_3_7__f_clk/X                      10     11        (VIOLATED)



===========================================================================
report_parasitic_annotation -report_unannotated
============================================================================
Found 7 unannotated drivers.
 clkload0/X
 clkload1/Y
 clkload2/X
 clkload3/Y
 clkload4/Y
 clkload5/Y
 clkload6/X
Found 0 partially unannotated drivers.

===========================================================================
max slew violation count 0
max fanout violation count 3
max cap violation count 0
============================================================================

===========================================================================
check_setup -verbose -unconstrained_endpoints -multiple_clock -no_clock -no_input_delay -loops -generated_clocks
===========================================================================
