
===========================================================================
report_checks -unconstrained
===========================================================================
======================= nom_ss_100C_1v60 Corner ===================================

Startpoint: b_in[4] (input port clocked by clk)
Endpoint: _1427_ (rising edge-triggered flip-flop clocked by clk)
Path Group: clk
Path Type: max

Fanout         Cap        Slew       Delay        Time   Description
---------------------------------------------------------------------------------------------
                                  0.000000    0.000000   clock clk (rise edge)
                                  0.000000    0.000000   clock network delay (propagated)
                                  1.000000    1.000000 v input external delay
     1    0.003105    0.019629    0.010200    1.010200 v b_in[4] (in)
                                                         b_in[4] (net)
                      0.019629    0.000000    1.010200 v input13/A (sky130_fd_sc_hd__clkbuf_1)
     1    0.006251    0.085490    0.167726    1.177926 v input13/X (sky130_fd_sc_hd__clkbuf_1)
                                                         net13 (net)
                      0.085490    0.000266    1.178192 v fanout121/A (sky130_fd_sc_hd__clkbuf_2)
     5    0.037120    0.259871    0.357226    1.535419 v fanout121/X (sky130_fd_sc_hd__clkbuf_2)
                                                         net121 (net)
                      0.259871    0.000464    1.535883 v fanout119/A (sky130_fd_sc_hd__clkbuf_8)
    10    0.079463    0.162184    0.433659    1.969542 v fanout119/X (sky130_fd_sc_hd__clkbuf_8)
                                                         net119 (net)
                      0.162191    0.001311    1.970854 v _1081_/D (sky130_fd_sc_hd__and4_1)
     3    0.009677    0.128274    0.507509    2.478362 v _1081_/X (sky130_fd_sc_hd__and4_1)
                                                         _0411_ (net)
                      0.128274    0.000201    2.478563 v _1087_/B2 (sky130_fd_sc_hd__o2bb2a_1)
     2    0.013291    0.195786    0.750524    3.229088 v _1087_/X (sky130_fd_sc_hd__o2bb2a_1)
                                                         _0417_ (net)
                      0.195786    0.000225    3.229312 v _1091_/A2 (sky130_fd_sc_hd__o211ai_4)
     2    0.021217    0.362301    0.419856    3.649169 ^ _1091_/Y (sky130_fd_sc_hd__o211ai_4)
                                                         _0421_ (net)
                      0.362301    0.000740    3.649909 ^ _1100_/C1 (sky130_fd_sc_hd__o2111ai_4)
     5    0.034311    0.418256    0.522238    4.172146 v _1100_/Y (sky130_fd_sc_hd__o2111ai_4)
                                                         _0430_ (net)
                      0.418256    0.001099    4.173245 v _1103_/C1 (sky130_fd_sc_hd__o211ai_2)
     2    0.012540    0.328760    0.295949    4.469194 ^ _1103_/Y (sky130_fd_sc_hd__o211ai_2)
                                                         _0433_ (net)
                      0.328760    0.000376    4.469570 ^ _1107_/C (sky130_fd_sc_hd__nand3_4)
     5    0.031697    0.262928    0.347413    4.816982 v _1107_/Y (sky130_fd_sc_hd__nand3_4)
                                                         _0437_ (net)
                      0.262928    0.000970    4.817953 v _1112_/B (sky130_fd_sc_hd__and4b_1)
     2    0.008377    0.120678    0.502620    5.320572 v _1112_/X (sky130_fd_sc_hd__and4b_1)
                                                         _0442_ (net)
                      0.120678    0.000269    5.320841 v _1185_/A1 (sky130_fd_sc_hd__o22ai_2)
     2    0.010036    0.291640    0.361515    5.682356 ^ _1185_/Y (sky130_fd_sc_hd__o22ai_2)
                                                         _0514_ (net)
                      0.291640    0.000377    5.682733 ^ _1240_/C (sky130_fd_sc_hd__nand4_2)
     3    0.012508    0.291235    0.384700    6.067433 v _1240_/Y (sky130_fd_sc_hd__nand4_2)
                                                         _0567_ (net)
                      0.291235    0.000398    6.067831 v _1275_/A1 (sky130_fd_sc_hd__a21oi_2)
     2    0.005211    0.168226    0.304193    6.372024 ^ _1275_/Y (sky130_fd_sc_hd__a21oi_2)
                                                         _0602_ (net)
                      0.168226    0.000082    6.372106 ^ _1278_/A1_N (sky130_fd_sc_hd__a2bb2o_1)
     1    0.002640    0.097423    0.628190    7.000295 v _1278_/X (sky130_fd_sc_hd__a2bb2o_1)
                                                         _0053_ (net)
                      0.097423    0.000078    7.000373 v _1427_/D (sky130_fd_sc_hd__dfxtp_1)
                                              7.000373   data arrival time

                                  5.000000    5.000000   clock clk (rise edge)
                                  0.000000    5.000000   clock source latency
     1    0.022910    0.170282    0.116910    5.116910 ^ clk (in)
                                                         clk (net)
                      0.170293    0.000000    5.116910 ^ clkbuf_0_clk/A (sky130_fd_sc_hd__clkbuf_16)
     8    0.085333    0.156049    0.343756    5.460665 ^ clkbuf_0_clk/X (sky130_fd_sc_hd__clkbuf_16)
                                                         clknet_0_clk (net)
                      0.156195    0.004275    5.464940 ^ clkbuf_3_4__f_clk/A (sky130_fd_sc_hd__clkbuf_16)
     7    0.030046    0.080446    0.275243    5.740183 ^ clkbuf_3_4__f_clk/X (sky130_fd_sc_hd__clkbuf_16)
                                                         clknet_3_4__leaf_clk (net)
                      0.080454    0.000822    5.741005 ^ _1427_/CLK (sky130_fd_sc_hd__dfxtp_1)
                                 -0.250000    5.491005   clock uncertainty
                                  0.000000    5.491005   clock reconvergence pessimism
                                 -0.277560    5.213445   library setup time
                                              5.213445   data required time
---------------------------------------------------------------------------------------------
                                              5.213445   data required time
                                             -7.000373   data arrival time
---------------------------------------------------------------------------------------------
                                             -1.786928   slack (VIOLATED)




===========================================================================
report_checks --slack_max -0.01
============================================================================
======================= nom_ss_100C_1v60 Corner ===================================

Startpoint: b_in[4] (input port clocked by clk)
Endpoint: _1427_ (rising edge-triggered flip-flop clocked by clk)
Path Group: clk
Path Type: max

Fanout         Cap        Slew       Delay        Time   Description
---------------------------------------------------------------------------------------------
                                  0.000000    0.000000   clock clk (rise edge)
                                  0.000000    0.000000   clock network delay (propagated)
                                  1.000000    1.000000 v input external delay
     1    0.003105    0.019629    0.010200    1.010200 v b_in[4] (in)
                                                         b_in[4] (net)
                      0.019629    0.000000    1.010200 v input13/A (sky130_fd_sc_hd__clkbuf_1)
     1    0.006251    0.085490    0.167726    1.177926 v input13/X (sky130_fd_sc_hd__clkbuf_1)
                                                         net13 (net)
                      0.085490    0.000266    1.178192 v fanout121/A (sky130_fd_sc_hd__clkbuf_2)
     5    0.037120    0.259871    0.357226    1.535419 v fanout121/X (sky130_fd_sc_hd__clkbuf_2)
                                                         net121 (net)
                      0.259871    0.000464    1.535883 v fanout119/A (sky130_fd_sc_hd__clkbuf_8)
    10    0.079463    0.162184    0.433659    1.969542 v fanout119/X (sky130_fd_sc_hd__clkbuf_8)
                                                         net119 (net)
                      0.162191    0.001311    1.970854 v _1081_/D (sky130_fd_sc_hd__and4_1)
     3    0.009677    0.128274    0.507509    2.478362 v _1081_/X (sky130_fd_sc_hd__and4_1)
                                                         _0411_ (net)
                      0.128274    0.000201    2.478563 v _1087_/B2 (sky130_fd_sc_hd__o2bb2a_1)
     2    0.013291    0.195786    0.750524    3.229088 v _1087_/X (sky130_fd_sc_hd__o2bb2a_1)
                                                         _0417_ (net)
                      0.195786    0.000225    3.229312 v _1091_/A2 (sky130_fd_sc_hd__o211ai_4)
     2    0.021217    0.362301    0.419856    3.649169 ^ _1091_/Y (sky130_fd_sc_hd__o211ai_4)
                                                         _0421_ (net)
                      0.362301    0.000740    3.649909 ^ _1100_/C1 (sky130_fd_sc_hd__o2111ai_4)
     5    0.034311    0.418256    0.522238    4.172146 v _1100_/Y (sky130_fd_sc_hd__o2111ai_4)
                                                         _0430_ (net)
                      0.418256    0.001099    4.173245 v _1103_/C1 (sky130_fd_sc_hd__o211ai_2)
     2    0.012540    0.328760    0.295949    4.469194 ^ _1103_/Y (sky130_fd_sc_hd__o211ai_2)
                                                         _0433_ (net)
                      0.328760    0.000376    4.469570 ^ _1107_/C (sky130_fd_sc_hd__nand3_4)
     5    0.031697    0.262928    0.347413    4.816982 v _1107_/Y (sky130_fd_sc_hd__nand3_4)
                                                         _0437_ (net)
                      0.262928    0.000970    4.817953 v _1112_/B (sky130_fd_sc_hd__and4b_1)
     2    0.008377    0.120678    0.502620    5.320572 v _1112_/X (sky130_fd_sc_hd__and4b_1)
                                                         _0442_ (net)
                      0.120678    0.000269    5.320841 v _1185_/A1 (sky130_fd_sc_hd__o22ai_2)
     2    0.010036    0.291640    0.361515    5.682356 ^ _1185_/Y (sky130_fd_sc_hd__o22ai_2)
                                                         _0514_ (net)
                      0.291640    0.000377    5.682733 ^ _1240_/C (sky130_fd_sc_hd__nand4_2)
     3    0.012508    0.291235    0.384700    6.067433 v _1240_/Y (sky130_fd_sc_hd__nand4_2)
                                                         _0567_ (net)
                      0.291235    0.000398    6.067831 v _1275_/A1 (sky130_fd_sc_hd__a21oi_2)
     2    0.005211    0.168226    0.304193    6.372024 ^ _1275_/Y (sky130_fd_sc_hd__a21oi_2)
                                                         _0602_ (net)
                      0.168226    0.000082    6.372106 ^ _1278_/A1_N (sky130_fd_sc_hd__a2bb2o_1)
     1    0.002640    0.097423    0.628190    7.000295 v _1278_/X (sky130_fd_sc_hd__a2bb2o_1)
                                                         _0053_ (net)
                      0.097423    0.000078    7.000373 v _1427_/D (sky130_fd_sc_hd__dfxtp_1)
                                              7.000373   data arrival time

                                  5.000000    5.000000   clock clk (rise edge)
                                  0.000000    5.000000   clock source latency
     1    0.022910    0.170282    0.116910    5.116910 ^ clk (in)
                                                         clk (net)
                      0.170293    0.000000    5.116910 ^ clkbuf_0_clk/A (sky130_fd_sc_hd__clkbuf_16)
     8    0.085333    0.156049    0.343756    5.460665 ^ clkbuf_0_clk/X (sky130_fd_sc_hd__clkbuf_16)
                                                         clknet_0_clk (net)
                      0.156195    0.004275    5.464940 ^ clkbuf_3_4__f_clk/A (sky130_fd_sc_hd__clkbuf_16)
     7    0.030046    0.080446    0.275243    5.740183 ^ clkbuf_3_4__f_clk/X (sky130_fd_sc_hd__clkbuf_16)
                                                         clknet_3_4__leaf_clk (net)
                      0.080454    0.000822    5.741005 ^ _1427_/CLK (sky130_fd_sc_hd__dfxtp_1)
                                 -0.250000    5.491005   clock uncertainty
                                  0.000000    5.491005   clock reconvergence pessimism
                                 -0.277560    5.213445   library setup time
                                              5.213445   data required time
---------------------------------------------------------------------------------------------
                                              5.213445   data required time
                                             -7.000373   data arrival time
---------------------------------------------------------------------------------------------
                                             -1.786928   slack (VIOLATED)




===========================================================================
 report_check_types -max_slew -max_cap -max_fanout -violators
============================================================================
======================= nom_ss_100C_1v60 Corner ===================================

max slew

Pin                                        Limit        Slew       Slack
------------------------------------------------------------------------
_1357_/Y                                0.750000    0.766259   -0.016259 (VIOLATED)
_1360_/B1                               0.750000    0.766259   -0.016259 (VIOLATED)
max_cap73/A                             0.750000    0.766259   -0.016259 (VIOLATED)

max fanout

Pin                                   Limit Fanout  Slack
---------------------------------------------------------
clkbuf_3_2__f_clk/X                      10     11        (VIOLATED)
clkbuf_3_3__f_clk/X                      10     11        (VIOLATED)
clkbuf_3_7__f_clk/X                      10     11        (VIOLATED)



===========================================================================
report_parasitic_annotation -report_unannotated
============================================================================
Found 7 unannotated drivers.
 clkload0/X
 clkload1/Y
 clkload2/X
 clkload3/Y
 clkload4/Y
 clkload5/Y
 clkload6/X
Found 0 partially unannotated drivers.

===========================================================================
max slew violation count 3
max fanout violation count 3
max cap violation count 0
============================================================================

===========================================================================
check_setup -verbose -unconstrained_endpoints -multiple_clock -no_clock -no_input_delay -loops -generated_clocks
===========================================================================
