┏━━━━━━━━━━━━━━━━━━━━━━┳━━━━━━━━━━┳━━━━━━━━━━┳━━━━━━━━━━┳━━━━━━━━━━┳━━━━━━━━━━━┳━━━━━━━━━━┳━━━━━━━━━━━┳━━━━━━━━━━┳━━━━━━━━━━━┳━━━━━━━━━━┳━━━━━━━━━━━┳━━━━━━━━━━┓
┃                      ┃ Hold     ┃ Reg to   ┃          ┃          ┃ of which  ┃ Setup    ┃           ┃          ┃           ┃ of which ┃           ┃          ┃
┃                      ┃ Worst    ┃ Reg      ┃          ┃ Hold Vio ┃ reg to    ┃ Worst    ┃ Reg to    ┃ Setup    ┃ Setup Vio ┃ reg to   ┃ Max Cap   ┃ Max Slew ┃
┃ Corner/Group         ┃ Slack    ┃ Paths    ┃ Hold TNS ┃ Count    ┃ reg       ┃ Slack    ┃ Reg Paths ┃ TNS      ┃ Count     ┃ reg      ┃ Violatio… ┃ Violati… ┃
┡━━━━━━━━━━━━━━━━━━━━━━╇━━━━━━━━━━╇━━━━━━━━━━╇━━━━━━━━━━╇━━━━━━━━━━╇━━━━━━━━━━━╇━━━━━━━━━━╇━━━━━━━━━━━╇━━━━━━━━━━╇━━━━━━━━━━━╇━━━━━━━━━━╇━━━━━━━━━━━╇━━━━━━━━━━┩
│ Overall              │ 0.0548   │ 0.1169   │ 0.0000   │ 0        │ 0         │ -2.0339  │ -1.9060   │ -57.2032 │ 122       │ 83       │ 0         │ 3        │
│ nom_tt_025C_1v80     │ 0.2511   │ 0.3187   │ 0.0000   │ 0        │ 0         │ 0.7877   │ 0.8511    │ 0.0000   │ 0         │ 0        │ 0         │ 0        │
│ nom_ss_100C_1v60     │ 0.8394   │ 0.8477   │ 0.0000   │ 0        │ 0         │ -1.9354  │ -1.8353   │ -54.8241 │ 41        │ 28       │ 0         │ 3        │
│ nom_ff_n40C_1v95     │ 0.0584   │ 0.1206   │ 0.0000   │ 0        │ 0         │ 1.8988   │ 1.9559    │ 0.0000   │ 0         │ 0        │ 0         │ 0        │
│ min_tt_025C_1v80     │ 0.2451   │ 0.3150   │ 0.0000   │ 0        │ 0         │ 0.8378   │ 0.8836    │ 0.0000   │ 0         │ 0        │ 0         │ 0        │
│ min_ss_100C_1v60     │ 0.8296   │ 0.8407   │ 0.0000   │ 0        │ 0         │ -1.8515  │ -1.7765   │ -52.7338 │ 40        │ 27       │ 0         │ 3        │
│ min_ff_n40C_1v95     │ 0.0548   │ 0.1169   │ 0.0000   │ 0        │ 0         │ 1.9317   │ 1.9772    │ 0.0000   │ 0         │ 0        │ 0         │ 0        │
│ max_tt_025C_1v80     │ 0.2534   │ 0.3213   │ 0.0000   │ 0        │ 0         │ 0.7306   │ 0.8110    │ 0.0000   │ 0         │ 0        │ 0         │ 0        │
│ max_ss_100C_1v60     │ 0.8462   │ 0.8522   │ 0.0000   │ 0        │ 0         │ -2.0339  │ -1.9060   │ -57.2032 │ 41        │ 28       │ 0         │ 3        │
│ max_ff_n40C_1v95     │ 0.0597   │ 0.1243   │ 0.0000   │ 0        │ 0         │ 1.8593   │ 1.9284    │ 0.0000   │ 0         │ 0        │ 0         │ 0        │
└──────────────────────┴──────────┴──────────┴──────────┴──────────┴───────────┴──────────┴───────────┴──────────┴───────────┴──────────┴───────────┴──────────┘
