
===========================================================================
 report_power
============================================================================
======================= nom_tt_025C_1v80 Corner ===================================

Group                    Internal    Switching      Leakage        Total
                            Power        Power        Power        Power (Watts)
------------------------------------------------------------------------
Sequential           4.574578e-04 7.694248e-06 5.473295e-10 4.651526e-04  26.6%
Combinational        3.504262e-04 4.367734e-04 3.621661e-09 7.872032e-04  44.9%
Clock                3.400069e-04 1.594642e-04 4.890808e-10 4.994716e-04  28.5%
Macro                0.000000e+00 0.000000e+00 0.000000e+00 0.000000e+00   0.0%
Pad                  0.000000e+00 0.000000e+00 0.000000e+00 0.000000e+00   0.0%
------------------------------------------------------------------------
Total                1.147892e-03 6.039316e-04 4.658076e-09 1.751828e-03 100.0%
                            65.5%        34.5%         0.0%
Writing metric power__internal__total: 0.001147891511209309
Writing metric power__switching__total: 0.00060393160674721
Writing metric power__leakage__total: 4.658075702934639e-9
Writing metric power__total: 0.0017518277745693922

