
===========================================================================
 report_power
============================================================================
======================= min_ff_n40C_1v95 Corner ===================================

Group                    Internal    Switching      Leakage        Total
                            Power        Power        Power        Power (Watts)
------------------------------------------------------------------------
Sequential           5.312767e-04 1.043881e-05 1.010254e-09 5.417165e-04  26.0%
Combinational        3.618848e-04 5.714082e-04 9.356970e-09 9.333024e-04  44.8%
Clock                3.894802e-04 2.195800e-04 3.042647e-09 6.090632e-04  29.2%
Macro                0.000000e+00 0.000000e+00 0.000000e+00 0.000000e+00   0.0%
Pad                  0.000000e+00 0.000000e+00 0.000000e+00 0.000000e+00   0.0%
------------------------------------------------------------------------
Total                1.282642e-03 8.014267e-04 1.340988e-08 2.084082e-03 100.0%
                            61.5%        38.5%         0.0%

