
===========================================================================
report_checks -unconstrained
===========================================================================
======================= min_ss_100C_1v60 Corner ===================================

Startpoint: b_in[2] (input port clocked by clk)
Endpoint: _1426_ (rising edge-triggered flip-flop clocked by clk)
Path Group: clk
Path Type: max

Fanout         Cap        Slew       Delay        Time   Description
---------------------------------------------------------------------------------------------
                                  0.000000    0.000000   clock clk (rise edge)
                                  0.000000    0.000000   clock network delay (propagated)
                                  0.000000    0.000000 ^ input external delay
     1    0.002989    0.033502    0.016769    0.016769 ^ b_in[2] (in)
                                                         b_in[2] (net)
                      0.033502    0.000000    0.016769 ^ input11/A (sky130_fd_sc_hd__buf_1)
     2    0.010995    0.223432    0.240855    0.257624 ^ input11/X (sky130_fd_sc_hd__buf_1)
                                                         net11 (net)
                      0.223432    0.000098    0.257721 ^ fanout127/A (sky130_fd_sc_hd__buf_4)
    10    0.070338    0.314536    0.460577    0.718299 ^ fanout127/X (sky130_fd_sc_hd__buf_4)
                                                         net127 (net)
                      0.314541    0.001716    0.720015 ^ fanout126/A (sky130_fd_sc_hd__buf_6)
    10    0.061887    0.205583    0.382650    1.102664 ^ fanout126/X (sky130_fd_sc_hd__buf_6)
                                                         net126 (net)
                      0.205612    0.002520    1.105185 ^ _0694_/A (sky130_fd_sc_hd__clkinv_4)
     7    0.064327    0.230419    0.277767    1.382952 v _0694_/Y (sky130_fd_sc_hd__clkinv_4)
                                                         _0074_ (net)
                      0.230431    0.001866    1.384817 v _1072_/A1 (sky130_fd_sc_hd__o22ai_4)
     3    0.018577    0.334073    0.439344    1.824162 ^ _1072_/Y (sky130_fd_sc_hd__o22ai_4)
                                                         _0402_ (net)
                      0.334073    0.000249    1.824411 ^ _1076_/C1 (sky130_fd_sc_hd__o211ai_4)
     4    0.022975    0.216227    0.305232    2.129643 v _1076_/Y (sky130_fd_sc_hd__o211ai_4)
                                                         _0406_ (net)
                      0.216227    0.000427    2.130069 v rebuffer82/A (sky130_fd_sc_hd__buf_6)
     1    0.010110    0.043780    0.279651    2.409721 v rebuffer82/X (sky130_fd_sc_hd__buf_6)
                                                         net214 (net)
                      0.043780    0.000133    2.409853 v _1091_/B1 (sky130_fd_sc_hd__o211ai_4)
     2    0.019771    0.348527    0.161546    2.571399 ^ _1091_/Y (sky130_fd_sc_hd__o211ai_4)
                                                         _0421_ (net)
                      0.348527    0.000282    2.571681 ^ _1100_/D1 (sky130_fd_sc_hd__o2111ai_4)
     4    0.028934    0.376110    0.446233    3.017914 v _1100_/Y (sky130_fd_sc_hd__o2111ai_4)
                                                         _0430_ (net)
                      0.376110    0.000864    3.018778 v rebuffer104/A (sky130_fd_sc_hd__buf_6)
     2    0.013863    0.051345    0.358792    3.377570 v rebuffer104/X (sky130_fd_sc_hd__buf_6)
                                                         net236 (net)
                      0.051345    0.000126    3.377696 v _1103_/B1 (sky130_fd_sc_hd__o211ai_2)
     2    0.012447    0.327298    0.149065    3.526761 ^ _1103_/Y (sky130_fd_sc_hd__o211ai_2)
                                                         _0433_ (net)
                      0.327298    0.000195    3.526955 ^ _1107_/A (sky130_fd_sc_hd__nand3_4)
     5    0.034156    0.277946    0.342030    3.868986 v _1107_/Y (sky130_fd_sc_hd__nand3_4)
                                                         _0437_ (net)
                      0.277946    0.000391    3.869377 v _1110_/A1_N (sky130_fd_sc_hd__o2bb2ai_4)
     4    0.022384    0.145544    0.392587    4.261964 v _1110_/Y (sky130_fd_sc_hd__o2bb2ai_4)
                                                         _0440_ (net)
                      0.145544    0.000304    4.262268 v _1114_/B1 (sky130_fd_sc_hd__o21a_1)
     1    0.004841    0.083583    0.244206    4.506474 v _1114_/X (sky130_fd_sc_hd__o21a_1)
                                                         _0444_ (net)
                      0.083583    0.000052    4.506525 v _1186_/A2 (sky130_fd_sc_hd__o21ai_2)
     3    0.019978    0.417309    0.393343    4.899868 ^ _1186_/Y (sky130_fd_sc_hd__o21ai_2)
                                                         _0515_ (net)
                      0.417309    0.000432    4.900300 ^ _1235_/A2 (sky130_fd_sc_hd__o21a_1)
     2    0.006052    0.119693    0.355928    5.256227 ^ _1235_/X (sky130_fd_sc_hd__o21a_1)
                                                         _0563_ (net)
                      0.119693    0.000028    5.256256 ^ rebuffer81/A (sky130_fd_sc_hd__clkbuf_2)
     1    0.002845    0.047466    0.189075    5.445331 ^ rebuffer81/X (sky130_fd_sc_hd__clkbuf_2)
                                                         net213 (net)
                      0.047466    0.000029    5.445360 ^ _1236_/B1 (sky130_fd_sc_hd__o21ai_1)
     1    0.003458    0.122703    0.117262    5.562622 v _1236_/Y (sky130_fd_sc_hd__o21ai_1)
                                                         _0564_ (net)
                      0.122703    0.000026    5.562647 v _1237_/C1 (sky130_fd_sc_hd__o311a_1)
     1    0.004011    0.104702    0.226894    5.789541 v _1237_/X (sky130_fd_sc_hd__o311a_1)
                                                         _0565_ (net)
                      0.104702    0.000051    5.789592 v _1238_/B1 (sky130_fd_sc_hd__a21o_1)
     1    0.002050    0.053683    0.279862    6.069454 v _1238_/X (sky130_fd_sc_hd__a21o_1)
                                                         _0052_ (net)
                      0.053683    0.000019    6.069473 v _1426_/D (sky130_fd_sc_hd__dfxtp_2)
                                              6.069473   data arrival time

                                  4.000000    4.000000   clock clk (rise edge)
                                  0.000000    4.000000   clock source latency
     1    0.022613    0.168181    0.115271    4.115271 ^ clk (in)
                                                         clk (net)
                      0.168187    0.000000    4.115271 ^ clkbuf_0_clk/A (sky130_fd_sc_hd__clkbuf_16)
     8    0.081094    0.149600    0.339206    4.454477 ^ clkbuf_0_clk/X (sky130_fd_sc_hd__clkbuf_16)
                                                         clknet_0_clk (net)
                      0.149629    0.002076    4.456553 ^ clkbuf_3_3__f_clk/A (sky130_fd_sc_hd__clkbuf_16)
    11    0.031869    0.082996    0.274870    4.731422 ^ clkbuf_3_3__f_clk/X (sky130_fd_sc_hd__clkbuf_16)
                                                         clknet_3_3__leaf_clk (net)
                      0.082999    0.000602    4.732025 ^ _1426_/CLK (sky130_fd_sc_hd__dfxtp_2)
                                 -0.250000    4.482025   clock uncertainty
                                  0.000000    4.482025   clock reconvergence pessimism
                                 -0.264084    4.217941   library setup time
                                              4.217941   data required time
---------------------------------------------------------------------------------------------
                                              4.217941   data required time
                                             -6.069473   data arrival time
---------------------------------------------------------------------------------------------
                                             -1.851532   slack (VIOLATED)




===========================================================================
report_checks --slack_max -0.01
============================================================================
======================= min_ss_100C_1v60 Corner ===================================

Startpoint: b_in[2] (input port clocked by clk)
Endpoint: _1426_ (rising edge-triggered flip-flop clocked by clk)
Path Group: clk
Path Type: max

Fanout         Cap        Slew       Delay        Time   Description
---------------------------------------------------------------------------------------------
                                  0.000000    0.000000   clock clk (rise edge)
                                  0.000000    0.000000   clock network delay (propagated)
                                  0.000000    0.000000 ^ input external delay
     1    0.002989    0.033502    0.016769    0.016769 ^ b_in[2] (in)
                                                         b_in[2] (net)
                      0.033502    0.000000    0.016769 ^ input11/A (sky130_fd_sc_hd__buf_1)
     2    0.010995    0.223432    0.240855    0.257624 ^ input11/X (sky130_fd_sc_hd__buf_1)
                                                         net11 (net)
                      0.223432    0.000098    0.257721 ^ fanout127/A (sky130_fd_sc_hd__buf_4)
    10    0.070338    0.314536    0.460577    0.718299 ^ fanout127/X (sky130_fd_sc_hd__buf_4)
                                                         net127 (net)
                      0.314541    0.001716    0.720015 ^ fanout126/A (sky130_fd_sc_hd__buf_6)
    10    0.061887    0.205583    0.382650    1.102664 ^ fanout126/X (sky130_fd_sc_hd__buf_6)
                                                         net126 (net)
                      0.205612    0.002520    1.105185 ^ _0694_/A (sky130_fd_sc_hd__clkinv_4)
     7    0.064327    0.230419    0.277767    1.382952 v _0694_/Y (sky130_fd_sc_hd__clkinv_4)
                                                         _0074_ (net)
                      0.230431    0.001866    1.384817 v _1072_/A1 (sky130_fd_sc_hd__o22ai_4)
     3    0.018577    0.334073    0.439344    1.824162 ^ _1072_/Y (sky130_fd_sc_hd__o22ai_4)
                                                         _0402_ (net)
                      0.334073    0.000249    1.824411 ^ _1076_/C1 (sky130_fd_sc_hd__o211ai_4)
     4    0.022975    0.216227    0.305232    2.129643 v _1076_/Y (sky130_fd_sc_hd__o211ai_4)
                                                         _0406_ (net)
                      0.216227    0.000427    2.130069 v rebuffer82/A (sky130_fd_sc_hd__buf_6)
     1    0.010110    0.043780    0.279651    2.409721 v rebuffer82/X (sky130_fd_sc_hd__buf_6)
                                                         net214 (net)
                      0.043780    0.000133    2.409853 v _1091_/B1 (sky130_fd_sc_hd__o211ai_4)
     2    0.019771    0.348527    0.161546    2.571399 ^ _1091_/Y (sky130_fd_sc_hd__o211ai_4)
                                                         _0421_ (net)
                      0.348527    0.000282    2.571681 ^ _1100_/D1 (sky130_fd_sc_hd__o2111ai_4)
     4    0.028934    0.376110    0.446233    3.017914 v _1100_/Y (sky130_fd_sc_hd__o2111ai_4)
                                                         _0430_ (net)
                      0.376110    0.000864    3.018778 v rebuffer104/A (sky130_fd_sc_hd__buf_6)
     2    0.013863    0.051345    0.358792    3.377570 v rebuffer104/X (sky130_fd_sc_hd__buf_6)
                                                         net236 (net)
                      0.051345    0.000126    3.377696 v _1103_/B1 (sky130_fd_sc_hd__o211ai_2)
     2    0.012447    0.327298    0.149065    3.526761 ^ _1103_/Y (sky130_fd_sc_hd__o211ai_2)
                                                         _0433_ (net)
                      0.327298    0.000195    3.526955 ^ _1107_/A (sky130_fd_sc_hd__nand3_4)
     5    0.034156    0.277946    0.342030    3.868986 v _1107_/Y (sky130_fd_sc_hd__nand3_4)
                                                         _0437_ (net)
                      0.277946    0.000391    3.869377 v _1110_/A1_N (sky130_fd_sc_hd__o2bb2ai_4)
     4    0.022384    0.145544    0.392587    4.261964 v _1110_/Y (sky130_fd_sc_hd__o2bb2ai_4)
                                                         _0440_ (net)
                      0.145544    0.000304    4.262268 v _1114_/B1 (sky130_fd_sc_hd__o21a_1)
     1    0.004841    0.083583    0.244206    4.506474 v _1114_/X (sky130_fd_sc_hd__o21a_1)
                                                         _0444_ (net)
                      0.083583    0.000052    4.506525 v _1186_/A2 (sky130_fd_sc_hd__o21ai_2)
     3    0.019978    0.417309    0.393343    4.899868 ^ _1186_/Y (sky130_fd_sc_hd__o21ai_2)
                                                         _0515_ (net)
                      0.417309    0.000432    4.900300 ^ _1235_/A2 (sky130_fd_sc_hd__o21a_1)
     2    0.006052    0.119693    0.355928    5.256227 ^ _1235_/X (sky130_fd_sc_hd__o21a_1)
                                                         _0563_ (net)
                      0.119693    0.000028    5.256256 ^ rebuffer81/A (sky130_fd_sc_hd__clkbuf_2)
     1    0.002845    0.047466    0.189075    5.445331 ^ rebuffer81/X (sky130_fd_sc_hd__clkbuf_2)
                                                         net213 (net)
                      0.047466    0.000029    5.445360 ^ _1236_/B1 (sky130_fd_sc_hd__o21ai_1)
     1    0.003458    0.122703    0.117262    5.562622 v _1236_/Y (sky130_fd_sc_hd__o21ai_1)
                                                         _0564_ (net)
                      0.122703    0.000026    5.562647 v _1237_/C1 (sky130_fd_sc_hd__o311a_1)
     1    0.004011    0.104702    0.226894    5.789541 v _1237_/X (sky130_fd_sc_hd__o311a_1)
                                                         _0565_ (net)
                      0.104702    0.000051    5.789592 v _1238_/B1 (sky130_fd_sc_hd__a21o_1)
     1    0.002050    0.053683    0.279862    6.069454 v _1238_/X (sky130_fd_sc_hd__a21o_1)
                                                         _0052_ (net)
                      0.053683    0.000019    6.069473 v _1426_/D (sky130_fd_sc_hd__dfxtp_2)
                                              6.069473   data arrival time

                                  4.000000    4.000000   clock clk (rise edge)
                                  0.000000    4.000000   clock source latency
     1    0.022613    0.168181    0.115271    4.115271 ^ clk (in)
                                                         clk (net)
                      0.168187    0.000000    4.115271 ^ clkbuf_0_clk/A (sky130_fd_sc_hd__clkbuf_16)
     8    0.081094    0.149600    0.339206    4.454477 ^ clkbuf_0_clk/X (sky130_fd_sc_hd__clkbuf_16)
                                                         clknet_0_clk (net)
                      0.149629    0.002076    4.456553 ^ clkbuf_3_3__f_clk/A (sky130_fd_sc_hd__clkbuf_16)
    11    0.031869    0.082996    0.274870    4.731422 ^ clkbuf_3_3__f_clk/X (sky130_fd_sc_hd__clkbuf_16)
                                                         clknet_3_3__leaf_clk (net)
                      0.082999    0.000602    4.732025 ^ _1426_/CLK (sky130_fd_sc_hd__dfxtp_2)
                                 -0.250000    4.482025   clock uncertainty
                                  0.000000    4.482025   clock reconvergence pessimism
                                 -0.264084    4.217941   library setup time
                                              4.217941   data required time
---------------------------------------------------------------------------------------------
                                              4.217941   data required time
                                             -6.069473   data arrival time
---------------------------------------------------------------------------------------------
                                             -1.851532   slack (VIOLATED)




===========================================================================
 report_check_types -max_slew -max_cap -max_fanout -violators
============================================================================
======================= min_ss_100C_1v60 Corner ===================================

max slew

Pin                                        Limit        Slew       Slack
------------------------------------------------------------------------
_1357_/Y                                0.750000    0.788342   -0.038342 (VIOLATED)
_1360_/B1                               0.750000    0.788342   -0.038342 (VIOLATED)
max_cap73/A                             0.750000    0.788342   -0.038342 (VIOLATED)

max fanout

Pin                                   Limit Fanout  Slack
---------------------------------------------------------
clkbuf_3_2__f_clk/X                      10     11        (VIOLATED)
clkbuf_3_3__f_clk/X                      10     11        (VIOLATED)
clkbuf_3_7__f_clk/X                      10     11        (VIOLATED)



===========================================================================
report_parasitic_annotation -report_unannotated
============================================================================
Found 6 unannotated drivers.
 clkload0/X
 clkload1/Y
 clkload2/Y
 clkload3/Y
 clkload4/Y
 clkload5/X
Found 0 partially unannotated drivers.

===========================================================================
max slew violation count 3
max fanout violation count 3
max cap violation count 0
============================================================================

===========================================================================
check_setup -verbose -unconstrained_endpoints -multiple_clock -no_clock -no_input_delay -loops -generated_clocks
===========================================================================
