
===========================================================================
 report_power
============================================================================
======================= min_ss_100C_1v60 Corner ===================================

Group                    Internal    Switching      Leakage        Total
                            Power        Power        Power        Power (Watts)
------------------------------------------------------------------------
Sequential           5.313296e-04 1.143625e-05 9.333123e-07 5.436991e-04  23.1%
Combinational        5.368220e-04 6.448690e-04 5.182246e-06 1.186873e-03  50.5%
Clock                4.095085e-04 2.108932e-04 2.261286e-07 6.206278e-04  26.4%
Macro                0.000000e+00 0.000000e+00 0.000000e+00 0.000000e+00   0.0%
Pad                  0.000000e+00 0.000000e+00 0.000000e+00 0.000000e+00   0.0%
------------------------------------------------------------------------
Total                1.477661e-03 8.671985e-04 6.341693e-06 2.351201e-03 100.0%
                            62.8%        36.9%         0.3%

