
===========================================================================
report_checks -unconstrained
===========================================================================
======================= nom_ss_100C_1v60 Corner ===================================

Startpoint: b_in[5] (input port clocked by clk)
Endpoint: _1426_ (rising edge-triggered flip-flop clocked by clk)
Path Group: clk
Path Type: max

Fanout         Cap        Slew       Delay        Time   Description
---------------------------------------------------------------------------------------------
                                  0.000000    0.000000   clock clk (rise edge)
                                  0.000000    0.000000   clock network delay (propagated)
                                  1.000000    1.000000 ^ input external delay
     1    0.009723    0.079243    0.051110    1.051111 ^ b_in[5] (in)
                                                         b_in[5] (net)
                      0.079244    0.000000    1.051111 ^ input14/A (sky130_fd_sc_hd__clkbuf_1)
     1    0.012355    0.244277    0.279220    1.330330 ^ input14/X (sky130_fd_sc_hd__clkbuf_1)
                                                         net14 (net)
                      0.244277    0.000434    1.330764 ^ fanout120/A (sky130_fd_sc_hd__clkbuf_2)
     5    0.047567    0.402780    0.506720    1.837484 ^ fanout120/X (sky130_fd_sc_hd__clkbuf_2)
                                                         net120 (net)
                      0.402795    0.002873    1.840358 ^ fanout119/A (sky130_fd_sc_hd__clkbuf_4)
    10    0.064482    0.312894    0.573543    2.413901 ^ fanout119/X (sky130_fd_sc_hd__clkbuf_4)
                                                         net119 (net)
                      0.312913    0.002745    2.416646 ^ _1078_/B (sky130_fd_sc_hd__nand2_2)
     5    0.034757    0.312462    0.371480    2.788126 v _1078_/Y (sky130_fd_sc_hd__nand2_2)
                                                         _0408_ (net)
                      0.312471    0.002022    2.790148 v _1086_/B1_N (sky130_fd_sc_hd__o21bai_1)
     2    0.015437    0.302298    0.592768    3.382916 v _1086_/Y (sky130_fd_sc_hd__o21bai_1)
                                                         _0416_ (net)
                      0.302298    0.000813    3.383729 v _1089_/B (sky130_fd_sc_hd__nand2_1)
     1    0.013826    0.229338    0.319130    3.702859 ^ _1089_/Y (sky130_fd_sc_hd__nand2_1)
                                                         _0419_ (net)
                      0.229338    0.000707    3.703566 ^ _1147_/A1 (sky130_fd_sc_hd__a21oi_4)
     4    0.022207    0.131526    0.207474    3.911039 v _1147_/Y (sky130_fd_sc_hd__a21oi_4)
                                                         _0476_ (net)
                      0.131536    0.001134    3.912173 v rebuffer7/A (sky130_fd_sc_hd__dlygate4sd1_1)
     1    0.011099    0.129461    0.570915    4.483088 v rebuffer7/X (sky130_fd_sc_hd__dlygate4sd1_1)
                                                         net143 (net)
                      0.129461    0.000314    4.483401 v _1164_/B1 (sky130_fd_sc_hd__o221ai_4)
     1    0.010516    0.303228    0.325897    4.809299 ^ _1164_/Y (sky130_fd_sc_hd__o221ai_4)
                                                         _0493_ (net)
                      0.303228    0.000381    4.809679 ^ _1169_/B (sky130_fd_sc_hd__nand3_4)
     3    0.017253    0.169800    0.265539    5.075218 v _1169_/Y (sky130_fd_sc_hd__nand3_4)
                                                         _0498_ (net)
                      0.169800    0.000441    5.075659 v rebuffer16/A (sky130_fd_sc_hd__buf_8)
     2    0.018007    0.049473    0.267022    5.342681 v rebuffer16/X (sky130_fd_sc_hd__buf_8)
                                                         net152 (net)
                      0.049473    0.000388    5.343070 v _1175_/A2 (sky130_fd_sc_hd__a21oi_4)
     2    0.016192    0.250124    0.298928    5.641998 ^ _1175_/Y (sky130_fd_sc_hd__a21oi_4)
                                                         _0504_ (net)
                      0.250124    0.000469    5.642467 ^ _1180_/B1 (sky130_fd_sc_hd__o221ai_4)
     4    0.020336    0.234248    0.350340    5.992806 v _1180_/Y (sky130_fd_sc_hd__o221ai_4)
                                                         _0509_ (net)
                      0.234248    0.000470    5.993277 v _1183_/B1 (sky130_fd_sc_hd__o21ai_2)
     2    0.009543    0.244611    0.195834    6.189111 ^ _1183_/Y (sky130_fd_sc_hd__o21ai_2)
                                                         _0512_ (net)
                      0.244611    0.000209    6.189320 ^ _1235_/A2 (sky130_fd_sc_hd__o21a_1)
     2    0.009272    0.162913    0.337941    6.527261 ^ _1235_/X (sky130_fd_sc_hd__o21a_1)
                                                         _0563_ (net)
                      0.162913    0.000381    6.527642 ^ rebuffer93/A (sky130_fd_sc_hd__buf_1)
     1    0.005052    0.112102    0.219107    6.746749 ^ rebuffer93/X (sky130_fd_sc_hd__buf_1)
                                                         net229 (net)
                      0.112102    0.000185    6.746934 ^ _1236_/B1 (sky130_fd_sc_hd__o21ai_1)
     1    0.005113    0.139572    0.165083    6.912017 v _1236_/Y (sky130_fd_sc_hd__o21ai_1)
                                                         _0564_ (net)
                      0.139572    0.000173    6.912189 v _1237_/C1 (sky130_fd_sc_hd__o311a_1)
     1    0.003236    0.096214    0.226718    7.138907 v _1237_/X (sky130_fd_sc_hd__o311a_1)
                                                         _0565_ (net)
                      0.096214    0.000097    7.139004 v _1238_/B1 (sky130_fd_sc_hd__a21o_1)
     1    0.001919    0.052821    0.275040    7.414044 v _1238_/X (sky130_fd_sc_hd__a21o_1)
                                                         _0052_ (net)
                      0.052821    0.000053    7.414097 v _1426_/D (sky130_fd_sc_hd__dfxtp_1)
                                              7.414097   data arrival time

                                  5.000000    5.000000   clock clk (rise edge)
                                  0.000000    5.000000   clock source latency
     1    0.022226    0.165607    0.113666    5.113667 ^ clk (in)
                                                         clk (net)
                      0.165632    0.000000    5.113667 ^ clkbuf_0_clk/A (sky130_fd_sc_hd__clkbuf_16)
     8    0.089230    0.160929    0.346926    5.460593 ^ clkbuf_0_clk/X (sky130_fd_sc_hd__clkbuf_16)
                                                         clknet_0_clk (net)
                      0.160961    0.002257    5.462850 ^ clkbuf_3_3__f_clk/A (sky130_fd_sc_hd__clkbuf_16)
     8    0.030905    0.081625    0.278610    5.741460 ^ clkbuf_3_3__f_clk/X (sky130_fd_sc_hd__clkbuf_16)
                                                         clknet_3_3__leaf_clk (net)
                      0.081627    0.000588    5.742047 ^ _1426_/CLK (sky130_fd_sc_hd__dfxtp_1)
                                 -0.250000    5.492047   clock uncertainty
                                  0.000000    5.492047   clock reconvergence pessimism
                                 -0.258708    5.233339   library setup time
                                              5.233339   data required time
---------------------------------------------------------------------------------------------
                                              5.233339   data required time
                                             -7.414097   data arrival time
---------------------------------------------------------------------------------------------
                                             -2.180758   slack (VIOLATED)




===========================================================================
report_checks --slack_max -0.01
============================================================================
======================= nom_ss_100C_1v60 Corner ===================================

Startpoint: b_in[5] (input port clocked by clk)
Endpoint: _1426_ (rising edge-triggered flip-flop clocked by clk)
Path Group: clk
Path Type: max

Fanout         Cap        Slew       Delay        Time   Description
---------------------------------------------------------------------------------------------
                                  0.000000    0.000000   clock clk (rise edge)
                                  0.000000    0.000000   clock network delay (propagated)
                                  1.000000    1.000000 ^ input external delay
     1    0.009723    0.079243    0.051110    1.051111 ^ b_in[5] (in)
                                                         b_in[5] (net)
                      0.079244    0.000000    1.051111 ^ input14/A (sky130_fd_sc_hd__clkbuf_1)
     1    0.012355    0.244277    0.279220    1.330330 ^ input14/X (sky130_fd_sc_hd__clkbuf_1)
                                                         net14 (net)
                      0.244277    0.000434    1.330764 ^ fanout120/A (sky130_fd_sc_hd__clkbuf_2)
     5    0.047567    0.402780    0.506720    1.837484 ^ fanout120/X (sky130_fd_sc_hd__clkbuf_2)
                                                         net120 (net)
                      0.402795    0.002873    1.840358 ^ fanout119/A (sky130_fd_sc_hd__clkbuf_4)
    10    0.064482    0.312894    0.573543    2.413901 ^ fanout119/X (sky130_fd_sc_hd__clkbuf_4)
                                                         net119 (net)
                      0.312913    0.002745    2.416646 ^ _1078_/B (sky130_fd_sc_hd__nand2_2)
     5    0.034757    0.312462    0.371480    2.788126 v _1078_/Y (sky130_fd_sc_hd__nand2_2)
                                                         _0408_ (net)
                      0.312471    0.002022    2.790148 v _1086_/B1_N (sky130_fd_sc_hd__o21bai_1)
     2    0.015437    0.302298    0.592768    3.382916 v _1086_/Y (sky130_fd_sc_hd__o21bai_1)
                                                         _0416_ (net)
                      0.302298    0.000813    3.383729 v _1089_/B (sky130_fd_sc_hd__nand2_1)
     1    0.013826    0.229338    0.319130    3.702859 ^ _1089_/Y (sky130_fd_sc_hd__nand2_1)
                                                         _0419_ (net)
                      0.229338    0.000707    3.703566 ^ _1147_/A1 (sky130_fd_sc_hd__a21oi_4)
     4    0.022207    0.131526    0.207474    3.911039 v _1147_/Y (sky130_fd_sc_hd__a21oi_4)
                                                         _0476_ (net)
                      0.131536    0.001134    3.912173 v rebuffer7/A (sky130_fd_sc_hd__dlygate4sd1_1)
     1    0.011099    0.129461    0.570915    4.483088 v rebuffer7/X (sky130_fd_sc_hd__dlygate4sd1_1)
                                                         net143 (net)
                      0.129461    0.000314    4.483401 v _1164_/B1 (sky130_fd_sc_hd__o221ai_4)
     1    0.010516    0.303228    0.325897    4.809299 ^ _1164_/Y (sky130_fd_sc_hd__o221ai_4)
                                                         _0493_ (net)
                      0.303228    0.000381    4.809679 ^ _1169_/B (sky130_fd_sc_hd__nand3_4)
     3    0.017253    0.169800    0.265539    5.075218 v _1169_/Y (sky130_fd_sc_hd__nand3_4)
                                                         _0498_ (net)
                      0.169800    0.000441    5.075659 v rebuffer16/A (sky130_fd_sc_hd__buf_8)
     2    0.018007    0.049473    0.267022    5.342681 v rebuffer16/X (sky130_fd_sc_hd__buf_8)
                                                         net152 (net)
                      0.049473    0.000388    5.343070 v _1175_/A2 (sky130_fd_sc_hd__a21oi_4)
     2    0.016192    0.250124    0.298928    5.641998 ^ _1175_/Y (sky130_fd_sc_hd__a21oi_4)
                                                         _0504_ (net)
                      0.250124    0.000469    5.642467 ^ _1180_/B1 (sky130_fd_sc_hd__o221ai_4)
     4    0.020336    0.234248    0.350340    5.992806 v _1180_/Y (sky130_fd_sc_hd__o221ai_4)
                                                         _0509_ (net)
                      0.234248    0.000470    5.993277 v _1183_/B1 (sky130_fd_sc_hd__o21ai_2)
     2    0.009543    0.244611    0.195834    6.189111 ^ _1183_/Y (sky130_fd_sc_hd__o21ai_2)
                                                         _0512_ (net)
                      0.244611    0.000209    6.189320 ^ _1235_/A2 (sky130_fd_sc_hd__o21a_1)
     2    0.009272    0.162913    0.337941    6.527261 ^ _1235_/X (sky130_fd_sc_hd__o21a_1)
                                                         _0563_ (net)
                      0.162913    0.000381    6.527642 ^ rebuffer93/A (sky130_fd_sc_hd__buf_1)
     1    0.005052    0.112102    0.219107    6.746749 ^ rebuffer93/X (sky130_fd_sc_hd__buf_1)
                                                         net229 (net)
                      0.112102    0.000185    6.746934 ^ _1236_/B1 (sky130_fd_sc_hd__o21ai_1)
     1    0.005113    0.139572    0.165083    6.912017 v _1236_/Y (sky130_fd_sc_hd__o21ai_1)
                                                         _0564_ (net)
                      0.139572    0.000173    6.912189 v _1237_/C1 (sky130_fd_sc_hd__o311a_1)
     1    0.003236    0.096214    0.226718    7.138907 v _1237_/X (sky130_fd_sc_hd__o311a_1)
                                                         _0565_ (net)
                      0.096214    0.000097    7.139004 v _1238_/B1 (sky130_fd_sc_hd__a21o_1)
     1    0.001919    0.052821    0.275040    7.414044 v _1238_/X (sky130_fd_sc_hd__a21o_1)
                                                         _0052_ (net)
                      0.052821    0.000053    7.414097 v _1426_/D (sky130_fd_sc_hd__dfxtp_1)
                                              7.414097   data arrival time

                                  5.000000    5.000000   clock clk (rise edge)
                                  0.000000    5.000000   clock source latency
     1    0.022226    0.165607    0.113666    5.113667 ^ clk (in)
                                                         clk (net)
                      0.165632    0.000000    5.113667 ^ clkbuf_0_clk/A (sky130_fd_sc_hd__clkbuf_16)
     8    0.089230    0.160929    0.346926    5.460593 ^ clkbuf_0_clk/X (sky130_fd_sc_hd__clkbuf_16)
                                                         clknet_0_clk (net)
                      0.160961    0.002257    5.462850 ^ clkbuf_3_3__f_clk/A (sky130_fd_sc_hd__clkbuf_16)
     8    0.030905    0.081625    0.278610    5.741460 ^ clkbuf_3_3__f_clk/X (sky130_fd_sc_hd__clkbuf_16)
                                                         clknet_3_3__leaf_clk (net)
                      0.081627    0.000588    5.742047 ^ _1426_/CLK (sky130_fd_sc_hd__dfxtp_1)
                                 -0.250000    5.492047   clock uncertainty
                                  0.000000    5.492047   clock reconvergence pessimism
                                 -0.258708    5.233339   library setup time
                                              5.233339   data required time
---------------------------------------------------------------------------------------------
                                              5.233339   data required time
                                             -7.414097   data arrival time
---------------------------------------------------------------------------------------------
                                             -2.180758   slack (VIOLATED)




===========================================================================
 report_check_types -max_slew -max_cap -max_fanout -violators
============================================================================
======================= nom_ss_100C_1v60 Corner ===================================

max slew

Pin                                        Limit        Slew       Slack
------------------------------------------------------------------------
_1357_/Y                                0.750000    0.961881   -0.211881 (VIOLATED)
_1360_/B1                               0.750000    0.961881   -0.211881 (VIOLATED)
max_cap73/A                             0.750000    0.961881   -0.211881 (VIOLATED)
_1322_/Y                                0.750000    0.821219   -0.071219 (VIOLATED)
_1325_/A                                0.750000    0.821219   -0.071219 (VIOLATED)
_1331_/B2                               0.750000    0.821219   -0.071219 (VIOLATED)
_1349_/D                                0.750000    0.821219   -0.071219 (VIOLATED)

max fanout

Pin                                   Limit Fanout  Slack
---------------------------------------------------------
clkbuf_3_2__f_clk/X                      10     11        (VIOLATED)
clkbuf_3_5__f_clk/X                      10     11        (VIOLATED)
clkbuf_3_6__f_clk/X                      10     11        (VIOLATED)
clkbuf_3_7__f_clk/X                      10     11        (VIOLATED)



===========================================================================
report_parasitic_annotation -report_unannotated
============================================================================
Found 7 unannotated drivers.
 clkload0/Y
 clkload1/Y
 clkload2/X
 clkload3/Y
 clkload4/Y
 clkload5/X
 clkload6/X
Found 0 partially unannotated drivers.

===========================================================================
max slew violation count 7
max fanout violation count 4
max cap violation count 0
============================================================================

===========================================================================
check_setup -verbose -unconstrained_endpoints -multiple_clock -no_clock -no_input_delay -loops -generated_clocks
===========================================================================
