Clock: clk
Sources: clk 
Generated: no
Virtual: yes
Propagated: no
Period: 4.000000

===========================================================================
report_clock_properties
============================================================================
Clock                   Period          Waveform
----------------------------------------------------
clk                   4.000000    0.000000  2.000000

===========================================================================
report_clock_latency
============================================================================
Clock clk
rise -> rise
    min     max
0.000000 0.000000 source latency
0.308342         network latency _1422_/CLK
        0.319198 network latency _1380_/CLK
---------------
0.308342 0.319198 latency
        0.010856 skew

fall -> fall
    min     max
0.000000 0.000000 source latency
0.269182         network latency _1422_/CLK
        0.278731 network latency _1380_/CLK
---------------
0.269182 0.278731 latency
        0.009549 skew



===========================================================================
report_clock_min_period
============================================================================
clk period_min = 2.07 fmax = 482.72
