
===========================================================================
report_checks -unconstrained
===========================================================================
======================= nom_ss_100C_1v60 Corner ===================================

Startpoint: _1376_ (rising edge-triggered flip-flop clocked by clk)
Endpoint: _1391_ (rising edge-triggered flip-flop clocked by clk)
Path Group: clk
Path Type: max

Fanout         Cap        Slew       Delay        Time   Description
---------------------------------------------------------------------------------------------
                                  0.000000    0.000000   clock clk (rise edge)
                                  0.000000    0.000000   clock source latency
     1    0.024085    0.178495    0.122738    0.122738 ^ clk (in)
                                                         clk (net)
                      0.178506    0.000000    0.122738 ^ clkbuf_0_clk/A (sky130_fd_sc_hd__clkbuf_16)
     8    0.083859    0.153434    0.346049    0.468787 ^ clkbuf_0_clk/X (sky130_fd_sc_hd__clkbuf_16)
                                                         clknet_0_clk (net)
                      0.153568    0.004077    0.472864 ^ clkbuf_3_2__f_clk/A (sky130_fd_sc_hd__clkbuf_16)
    11    0.038559    0.092524    0.285535    0.758399 ^ clkbuf_3_2__f_clk/X (sky130_fd_sc_hd__clkbuf_16)
                                                         clknet_3_2__leaf_clk (net)
                      0.092546    0.001460    0.759859 ^ _1376_/CLK (sky130_fd_sc_hd__dfxtp_2)
     7    0.022635    0.194125    0.765311    1.525170 ^ _1376_/Q (sky130_fd_sc_hd__dfxtp_2)
                                                         net48 (net)
                      0.194125    0.000535    1.525705 ^ _0712_/B (sky130_fd_sc_hd__nor2_1)
     2    0.010579    0.110864    0.176603    1.702307 v _0712_/Y (sky130_fd_sc_hd__nor2_1)
                                                         _0089_ (net)
                      0.110864    0.000202    1.702509 v _0728_/A1 (sky130_fd_sc_hd__o31ai_4)
     4    0.015674    0.415506    0.529995    2.232504 ^ _0728_/Y (sky130_fd_sc_hd__o31ai_4)
                                                         _0103_ (net)
                      0.415506    0.000606    2.233109 ^ _0736_/A1 (sky130_fd_sc_hd__a21oi_2)
     3    0.013935    0.171722    0.288337    2.521447 v _0736_/Y (sky130_fd_sc_hd__a21oi_2)
                                                         _0110_ (net)
                      0.171722    0.000438    2.521885 v _0754_/B2 (sky130_fd_sc_hd__o221ai_4)
     4    0.012970    0.328669    0.320365    2.842250 ^ _0754_/Y (sky130_fd_sc_hd__o221ai_4)
                                                         _0126_ (net)
                      0.328669    0.000423    2.842672 ^ _0757_/C1 (sky130_fd_sc_hd__o211ai_1)
     1    0.005363    0.219906    0.316575    3.159248 v _0757_/Y (sky130_fd_sc_hd__o211ai_1)
                                                         _0129_ (net)
                      0.219906    0.000169    3.159417 v _0771_/C1 (sky130_fd_sc_hd__o211ai_2)
     3    0.014074    0.353206    0.222610    3.382027 ^ _0771_/Y (sky130_fd_sc_hd__o211ai_2)
                                                         _0141_ (net)
                      0.353206    0.000474    3.382501 ^ _0774_/D1 (sky130_fd_sc_hd__o2111ai_2)
     2    0.007669    0.255863    0.346610    3.729111 v _0774_/Y (sky130_fd_sc_hd__o2111ai_2)
                                                         _0144_ (net)
                      0.255863    0.000292    3.729403 v _0785_/B (sky130_fd_sc_hd__nand3_2)
     3    0.018065    0.185959    0.274222    4.003625 ^ _0785_/Y (sky130_fd_sc_hd__nand3_2)
                                                         _0153_ (net)
                      0.185959    0.000453    4.004077 ^ _0803_/C1 (sky130_fd_sc_hd__o211ai_2)
     1    0.012098    0.219347    0.273019    4.277097 v _0803_/Y (sky130_fd_sc_hd__o211ai_2)
                                                         _0169_ (net)
                      0.219347    0.000531    4.277628 v _0818_/A2 (sky130_fd_sc_hd__a21boi_4)
     7    0.029432    0.383029    0.482205    4.759833 ^ _0818_/Y (sky130_fd_sc_hd__a21boi_4)
                                                         _0182_ (net)
                      0.383029    0.001525    4.761357 ^ _0835_/A2 (sky130_fd_sc_hd__o211a_1)
     1    0.005415    0.107578    0.404691    5.166048 ^ _0835_/X (sky130_fd_sc_hd__o211a_1)
                                                         _0197_ (net)
                      0.107578    0.000218    5.166266 ^ fanout72/A (sky130_fd_sc_hd__clkbuf_2)
     8    0.027617    0.240683    0.332237    5.498503 ^ fanout72/X (sky130_fd_sc_hd__clkbuf_2)
                                                         net72 (net)
                      0.240683    0.000921    5.499424 ^ fanout71/A (sky130_fd_sc_hd__clkbuf_4)
    10    0.034181    0.179455    0.406419    5.905843 ^ fanout71/X (sky130_fd_sc_hd__clkbuf_4)
                                                         net71 (net)
                      0.179468    0.001676    5.907518 ^ _0837_/A2 (sky130_fd_sc_hd__a21oi_1)
     1    0.001937    0.080190    0.160206    6.067724 v _0837_/Y (sky130_fd_sc_hd__a21oi_1)
                                                         _0017_ (net)
                      0.080190    0.000039    6.067763 v hold140/A (sky130_fd_sc_hd__dlygate4sd3_1)
     1    0.002012    0.098941    1.114453    7.182216 v hold140/X (sky130_fd_sc_hd__dlygate4sd3_1)
                                                         net272 (net)
                      0.098941    0.000056    7.182272 v _1391_/D (sky130_fd_sc_hd__dfxtp_2)
                                              7.182272   data arrival time

                                  6.000000    6.000000   clock clk (rise edge)
                                  0.000000    6.000000   clock source latency
     1    0.024085    0.178495    0.122737    6.122737 ^ clk (in)
                                                         clk (net)
                      0.178506    0.000000    6.122737 ^ clkbuf_0_clk/A (sky130_fd_sc_hd__clkbuf_16)
     8    0.083859    0.153434    0.346049    6.468787 ^ clkbuf_0_clk/X (sky130_fd_sc_hd__clkbuf_16)
                                                         clknet_0_clk (net)
                      0.153568    0.004077    6.472864 ^ clkbuf_3_2__f_clk/A (sky130_fd_sc_hd__clkbuf_16)
    11    0.038559    0.092524    0.285535    6.758399 ^ clkbuf_3_2__f_clk/X (sky130_fd_sc_hd__clkbuf_16)
                                                         clknet_3_2__leaf_clk (net)
                      0.092524    0.000548    6.758946 ^ _1391_/CLK (sky130_fd_sc_hd__dfxtp_2)
                                 -0.250000    6.508946   clock uncertainty
                                  0.000000    6.508946   clock reconvergence pessimism
                                 -0.280312    6.228634   library setup time
                                              6.228634   data required time
---------------------------------------------------------------------------------------------
                                              6.228634   data required time
                                             -7.182272   data arrival time
---------------------------------------------------------------------------------------------
                                             -0.953638   slack (VIOLATED)




===========================================================================
report_checks --slack_max -0.01
============================================================================
======================= nom_ss_100C_1v60 Corner ===================================

Startpoint: _1376_ (rising edge-triggered flip-flop clocked by clk)
Endpoint: _1391_ (rising edge-triggered flip-flop clocked by clk)
Path Group: clk
Path Type: max

Fanout         Cap        Slew       Delay        Time   Description
---------------------------------------------------------------------------------------------
                                  0.000000    0.000000   clock clk (rise edge)
                                  0.000000    0.000000   clock source latency
     1    0.024085    0.178495    0.122738    0.122738 ^ clk (in)
                                                         clk (net)
                      0.178506    0.000000    0.122738 ^ clkbuf_0_clk/A (sky130_fd_sc_hd__clkbuf_16)
     8    0.083859    0.153434    0.346049    0.468787 ^ clkbuf_0_clk/X (sky130_fd_sc_hd__clkbuf_16)
                                                         clknet_0_clk (net)
                      0.153568    0.004077    0.472864 ^ clkbuf_3_2__f_clk/A (sky130_fd_sc_hd__clkbuf_16)
    11    0.038559    0.092524    0.285535    0.758399 ^ clkbuf_3_2__f_clk/X (sky130_fd_sc_hd__clkbuf_16)
                                                         clknet_3_2__leaf_clk (net)
                      0.092546    0.001460    0.759859 ^ _1376_/CLK (sky130_fd_sc_hd__dfxtp_2)
     7    0.022635    0.194125    0.765311    1.525170 ^ _1376_/Q (sky130_fd_sc_hd__dfxtp_2)
                                                         net48 (net)
                      0.194125    0.000535    1.525705 ^ _0712_/B (sky130_fd_sc_hd__nor2_1)
     2    0.010579    0.110864    0.176603    1.702307 v _0712_/Y (sky130_fd_sc_hd__nor2_1)
                                                         _0089_ (net)
                      0.110864    0.000202    1.702509 v _0728_/A1 (sky130_fd_sc_hd__o31ai_4)
     4    0.015674    0.415506    0.529995    2.232504 ^ _0728_/Y (sky130_fd_sc_hd__o31ai_4)
                                                         _0103_ (net)
                      0.415506    0.000606    2.233109 ^ _0736_/A1 (sky130_fd_sc_hd__a21oi_2)
     3    0.013935    0.171722    0.288337    2.521447 v _0736_/Y (sky130_fd_sc_hd__a21oi_2)
                                                         _0110_ (net)
                      0.171722    0.000438    2.521885 v _0754_/B2 (sky130_fd_sc_hd__o221ai_4)
     4    0.012970    0.328669    0.320365    2.842250 ^ _0754_/Y (sky130_fd_sc_hd__o221ai_4)
                                                         _0126_ (net)
                      0.328669    0.000423    2.842672 ^ _0757_/C1 (sky130_fd_sc_hd__o211ai_1)
     1    0.005363    0.219906    0.316575    3.159248 v _0757_/Y (sky130_fd_sc_hd__o211ai_1)
                                                         _0129_ (net)
                      0.219906    0.000169    3.159417 v _0771_/C1 (sky130_fd_sc_hd__o211ai_2)
     3    0.014074    0.353206    0.222610    3.382027 ^ _0771_/Y (sky130_fd_sc_hd__o211ai_2)
                                                         _0141_ (net)
                      0.353206    0.000474    3.382501 ^ _0774_/D1 (sky130_fd_sc_hd__o2111ai_2)
     2    0.007669    0.255863    0.346610    3.729111 v _0774_/Y (sky130_fd_sc_hd__o2111ai_2)
                                                         _0144_ (net)
                      0.255863    0.000292    3.729403 v _0785_/B (sky130_fd_sc_hd__nand3_2)
     3    0.018065    0.185959    0.274222    4.003625 ^ _0785_/Y (sky130_fd_sc_hd__nand3_2)
                                                         _0153_ (net)
                      0.185959    0.000453    4.004077 ^ _0803_/C1 (sky130_fd_sc_hd__o211ai_2)
     1    0.012098    0.219347    0.273019    4.277097 v _0803_/Y (sky130_fd_sc_hd__o211ai_2)
                                                         _0169_ (net)
                      0.219347    0.000531    4.277628 v _0818_/A2 (sky130_fd_sc_hd__a21boi_4)
     7    0.029432    0.383029    0.482205    4.759833 ^ _0818_/Y (sky130_fd_sc_hd__a21boi_4)
                                                         _0182_ (net)
                      0.383029    0.001525    4.761357 ^ _0835_/A2 (sky130_fd_sc_hd__o211a_1)
     1    0.005415    0.107578    0.404691    5.166048 ^ _0835_/X (sky130_fd_sc_hd__o211a_1)
                                                         _0197_ (net)
                      0.107578    0.000218    5.166266 ^ fanout72/A (sky130_fd_sc_hd__clkbuf_2)
     8    0.027617    0.240683    0.332237    5.498503 ^ fanout72/X (sky130_fd_sc_hd__clkbuf_2)
                                                         net72 (net)
                      0.240683    0.000921    5.499424 ^ fanout71/A (sky130_fd_sc_hd__clkbuf_4)
    10    0.034181    0.179455    0.406419    5.905843 ^ fanout71/X (sky130_fd_sc_hd__clkbuf_4)
                                                         net71 (net)
                      0.179468    0.001676    5.907518 ^ _0837_/A2 (sky130_fd_sc_hd__a21oi_1)
     1    0.001937    0.080190    0.160206    6.067724 v _0837_/Y (sky130_fd_sc_hd__a21oi_1)
                                                         _0017_ (net)
                      0.080190    0.000039    6.067763 v hold140/A (sky130_fd_sc_hd__dlygate4sd3_1)
     1    0.002012    0.098941    1.114453    7.182216 v hold140/X (sky130_fd_sc_hd__dlygate4sd3_1)
                                                         net272 (net)
                      0.098941    0.000056    7.182272 v _1391_/D (sky130_fd_sc_hd__dfxtp_2)
                                              7.182272   data arrival time

                                  6.000000    6.000000   clock clk (rise edge)
                                  0.000000    6.000000   clock source latency
     1    0.024085    0.178495    0.122737    6.122737 ^ clk (in)
                                                         clk (net)
                      0.178506    0.000000    6.122737 ^ clkbuf_0_clk/A (sky130_fd_sc_hd__clkbuf_16)
     8    0.083859    0.153434    0.346049    6.468787 ^ clkbuf_0_clk/X (sky130_fd_sc_hd__clkbuf_16)
                                                         clknet_0_clk (net)
                      0.153568    0.004077    6.472864 ^ clkbuf_3_2__f_clk/A (sky130_fd_sc_hd__clkbuf_16)
    11    0.038559    0.092524    0.285535    6.758399 ^ clkbuf_3_2__f_clk/X (sky130_fd_sc_hd__clkbuf_16)
                                                         clknet_3_2__leaf_clk (net)
                      0.092524    0.000548    6.758946 ^ _1391_/CLK (sky130_fd_sc_hd__dfxtp_2)
                                 -0.250000    6.508946   clock uncertainty
                                  0.000000    6.508946   clock reconvergence pessimism
                                 -0.280312    6.228634   library setup time
                                              6.228634   data required time
---------------------------------------------------------------------------------------------
                                              6.228634   data required time
                                             -7.182272   data arrival time
---------------------------------------------------------------------------------------------
                                             -0.953638   slack (VIOLATED)




===========================================================================
 report_check_types -max_slew -max_cap -max_fanout -violators
============================================================================
======================= nom_ss_100C_1v60 Corner ===================================

max slew

Pin                                        Limit        Slew       Slack
------------------------------------------------------------------------
_1357_/Y                                0.750000    0.765594   -0.015594 (VIOLATED)
_1360_/B1                               0.750000    0.765594   -0.015594 (VIOLATED)
max_cap73/A                             0.750000    0.765594   -0.015594 (VIOLATED)

max fanout

Pin                                   Limit Fanout  Slack
---------------------------------------------------------
clkbuf_3_2__f_clk/X                      10     11        (VIOLATED)
clkbuf_3_3__f_clk/X                      10     11        (VIOLATED)
clkbuf_3_7__f_clk/X                      10     11        (VIOLATED)



===========================================================================
report_parasitic_annotation -report_unannotated
============================================================================
Found 7 unannotated drivers.
 clkload0/X
 clkload1/Y
 clkload2/X
 clkload3/Y
 clkload4/Y
 clkload5/Y
 clkload6/X
Found 0 partially unannotated drivers.

===========================================================================
max slew violation count 3
max fanout violation count 3
max cap violation count 0
============================================================================

===========================================================================
check_setup -verbose -unconstrained_endpoints -multiple_clock -no_clock -no_input_delay -loops -generated_clocks
===========================================================================
