
===========================================================================
 report_power
============================================================================
======================= nom_ss_100C_1v60 Corner ===================================

Group                    Internal    Switching      Leakage        Total
                            Power        Power        Power        Power (Watts)
------------------------------------------------------------------------
Sequential           4.247618e-04 2.363199e-05 1.008086e-06 4.494019e-04  39.7%
Combinational        2.987859e-04 3.807562e-04 2.940620e-06 6.824827e-04  60.3%
Clock                0.000000e+00 0.000000e+00 0.000000e+00 0.000000e+00   0.0%
Macro                0.000000e+00 0.000000e+00 0.000000e+00 0.000000e+00   0.0%
Pad                  0.000000e+00 0.000000e+00 0.000000e+00 0.000000e+00   0.0%
------------------------------------------------------------------------
Total                7.235477e-04 4.043882e-04 3.948706e-06 1.131885e-03 100.0%
                            63.9%        35.7%         0.3%

