
===========================================================================
report_checks -unconstrained
===========================================================================
======================= max_ss_100C_1v60 Corner ===================================

Startpoint: b_in[5] (input port clocked by clk)
Endpoint: _1426_ (rising edge-triggered flip-flop clocked by clk)
Path Group: clk
Path Type: max

Fanout         Cap        Slew       Delay        Time   Description
---------------------------------------------------------------------------------------------
                                  0.000000    0.000000   clock clk (rise edge)
                                  0.000000    0.000000   clock network delay (propagated)
                                  1.000000    1.000000 ^ input external delay
     1    0.010223    0.082661    0.053687    1.053687 ^ b_in[5] (in)
                                                         b_in[5] (net)
                      0.082665    0.000000    1.053687 ^ input14/A (sky130_fd_sc_hd__clkbuf_1)
     1    0.013129    0.258549    0.290343    1.344030 ^ input14/X (sky130_fd_sc_hd__clkbuf_1)
                                                         net14 (net)
                      0.258630    0.001153    1.345183 ^ fanout120/A (sky130_fd_sc_hd__clkbuf_2)
     5    0.051089    0.431696    0.530671    1.875854 ^ fanout120/X (sky130_fd_sc_hd__clkbuf_2)
                                                         net120 (net)
                      0.431927    0.005581    1.881435 ^ fanout119/A (sky130_fd_sc_hd__clkbuf_4)
    10    0.066847    0.323936    0.590747    2.472182 ^ fanout119/X (sky130_fd_sc_hd__clkbuf_4)
                                                         net119 (net)
                      0.324066    0.006159    2.478341 ^ _1078_/B (sky130_fd_sc_hd__nand2_2)
     5    0.035891    0.322938    0.381079    2.859420 v _1078_/Y (sky130_fd_sc_hd__nand2_2)
                                                         _0408_ (net)
                      0.323105    0.004022    2.863442 v _1086_/B1_N (sky130_fd_sc_hd__o21bai_1)
     2    0.016472    0.319199    0.610237    3.473679 v _1086_/Y (sky130_fd_sc_hd__o21bai_1)
                                                         _0416_ (net)
                      0.319200    0.001490    3.475169 v _1089_/B (sky130_fd_sc_hd__nand2_1)
     1    0.014291    0.237900    0.331168    3.806337 ^ _1089_/Y (sky130_fd_sc_hd__nand2_1)
                                                         _0419_ (net)
                      0.237905    0.001564    3.807901 ^ _1147_/A1 (sky130_fd_sc_hd__a21oi_4)
     4    0.023255    0.136294    0.212783    4.020683 v _1147_/Y (sky130_fd_sc_hd__a21oi_4)
                                                         _0476_ (net)
                      0.136354    0.002542    4.023225 v rebuffer7/A (sky130_fd_sc_hd__dlygate4sd1_1)
     1    0.011238    0.130761    0.574200    4.597425 v rebuffer7/X (sky130_fd_sc_hd__dlygate4sd1_1)
                                                         net143 (net)
                      0.130762    0.000581    4.598006 v _1164_/B1 (sky130_fd_sc_hd__o221ai_4)
     1    0.010743    0.305468    0.328200    4.926206 ^ _1164_/Y (sky130_fd_sc_hd__o221ai_4)
                                                         _0493_ (net)
                      0.305468    0.000868    4.927074 ^ _1169_/B (sky130_fd_sc_hd__nand3_4)
     3    0.017463    0.171178    0.267059    5.194134 v _1169_/Y (sky130_fd_sc_hd__nand3_4)
                                                         _0498_ (net)
                      0.171181    0.001040    5.195174 v rebuffer16/A (sky130_fd_sc_hd__buf_8)
     2    0.018084    0.049566    0.267601    5.462775 v rebuffer16/X (sky130_fd_sc_hd__buf_8)
                                                         net152 (net)
                      0.049566    0.000957    5.463731 v _1175_/A2 (sky130_fd_sc_hd__a21oi_4)
     2    0.016431    0.252330    0.300496    5.764227 ^ _1175_/Y (sky130_fd_sc_hd__a21oi_4)
                                                         _0504_ (net)
                      0.252333    0.001104    5.765331 ^ _1180_/B1 (sky130_fd_sc_hd__o221ai_4)
     4    0.020710    0.236559    0.352700    6.118032 v _1180_/Y (sky130_fd_sc_hd__o221ai_4)
                                                         _0509_ (net)
                      0.236561    0.001125    6.119156 v _1183_/B1 (sky130_fd_sc_hd__o21ai_2)
     2    0.009872    0.250165    0.198821    6.317977 ^ _1183_/Y (sky130_fd_sc_hd__o21ai_2)
                                                         _0512_ (net)
                      0.250165    0.000427    6.318404 ^ _1235_/A2 (sky130_fd_sc_hd__o21a_1)
     2    0.009720    0.169390    0.344289    6.662693 ^ _1235_/X (sky130_fd_sc_hd__o21a_1)
                                                         _0563_ (net)
                      0.169391    0.000796    6.663489 ^ rebuffer93/A (sky130_fd_sc_hd__buf_1)
     1    0.005276    0.116139    0.224632    6.888121 ^ rebuffer93/X (sky130_fd_sc_hd__buf_1)
                                                         net229 (net)
                      0.116139    0.000357    6.888477 ^ _1236_/B1 (sky130_fd_sc_hd__o21ai_1)
     1    0.005326    0.143242    0.169398    7.057875 v _1236_/Y (sky130_fd_sc_hd__o21ai_1)
                                                         _0564_ (net)
                      0.143242    0.000342    7.058218 v _1237_/C1 (sky130_fd_sc_hd__o311a_1)
     1    0.003313    0.097070    0.229188    7.287405 v _1237_/X (sky130_fd_sc_hd__o311a_1)
                                                         _0565_ (net)
                      0.097070    0.000219    7.287624 v _1238_/B1 (sky130_fd_sc_hd__a21o_1)
     1    0.001958    0.053029    0.275777    7.563401 v _1238_/X (sky130_fd_sc_hd__a21o_1)
                                                         _0052_ (net)
                      0.053029    0.000139    7.563540 v _1426_/D (sky130_fd_sc_hd__dfxtp_1)
                                              7.563540   data arrival time

                                  5.000000    5.000000   clock clk (rise edge)
                                  0.000000    5.000000   clock source latency
     1    0.023045    0.171418    0.118094    5.118093 ^ clk (in)
                                                         clk (net)
                      0.171470    0.000000    5.118093 ^ clkbuf_0_clk/A (sky130_fd_sc_hd__clkbuf_16)
     8    0.091528    0.164852    0.350151    5.468244 ^ clkbuf_0_clk/X (sky130_fd_sc_hd__clkbuf_16)
                                                         clknet_0_clk (net)
                      0.165203    0.005316    5.473560 ^ clkbuf_3_3__f_clk/A (sky130_fd_sc_hd__clkbuf_16)
     8    0.032240    0.083584    0.281918    5.755478 ^ clkbuf_3_3__f_clk/X (sky130_fd_sc_hd__clkbuf_16)
                                                         clknet_3_3__leaf_clk (net)
                      0.083616    0.001526    5.757005 ^ _1426_/CLK (sky130_fd_sc_hd__dfxtp_1)
                                 -0.250000    5.507005   clock uncertainty
                                  0.000000    5.507005   clock reconvergence pessimism
                                 -0.258259    5.248745   library setup time
                                              5.248745   data required time
---------------------------------------------------------------------------------------------
                                              5.248745   data required time
                                             -7.563540   data arrival time
---------------------------------------------------------------------------------------------
                                             -2.314795   slack (VIOLATED)




===========================================================================
report_checks --slack_max -0.01
============================================================================
======================= max_ss_100C_1v60 Corner ===================================

Startpoint: b_in[5] (input port clocked by clk)
Endpoint: _1426_ (rising edge-triggered flip-flop clocked by clk)
Path Group: clk
Path Type: max

Fanout         Cap        Slew       Delay        Time   Description
---------------------------------------------------------------------------------------------
                                  0.000000    0.000000   clock clk (rise edge)
                                  0.000000    0.000000   clock network delay (propagated)
                                  1.000000    1.000000 ^ input external delay
     1    0.010223    0.082661    0.053687    1.053687 ^ b_in[5] (in)
                                                         b_in[5] (net)
                      0.082665    0.000000    1.053687 ^ input14/A (sky130_fd_sc_hd__clkbuf_1)
     1    0.013129    0.258549    0.290343    1.344030 ^ input14/X (sky130_fd_sc_hd__clkbuf_1)
                                                         net14 (net)
                      0.258630    0.001153    1.345183 ^ fanout120/A (sky130_fd_sc_hd__clkbuf_2)
     5    0.051089    0.431696    0.530671    1.875854 ^ fanout120/X (sky130_fd_sc_hd__clkbuf_2)
                                                         net120 (net)
                      0.431927    0.005581    1.881435 ^ fanout119/A (sky130_fd_sc_hd__clkbuf_4)
    10    0.066847    0.323936    0.590747    2.472182 ^ fanout119/X (sky130_fd_sc_hd__clkbuf_4)
                                                         net119 (net)
                      0.324066    0.006159    2.478341 ^ _1078_/B (sky130_fd_sc_hd__nand2_2)
     5    0.035891    0.322938    0.381079    2.859420 v _1078_/Y (sky130_fd_sc_hd__nand2_2)
                                                         _0408_ (net)
                      0.323105    0.004022    2.863442 v _1086_/B1_N (sky130_fd_sc_hd__o21bai_1)
     2    0.016472    0.319199    0.610237    3.473679 v _1086_/Y (sky130_fd_sc_hd__o21bai_1)
                                                         _0416_ (net)
                      0.319200    0.001490    3.475169 v _1089_/B (sky130_fd_sc_hd__nand2_1)
     1    0.014291    0.237900    0.331168    3.806337 ^ _1089_/Y (sky130_fd_sc_hd__nand2_1)
                                                         _0419_ (net)
                      0.237905    0.001564    3.807901 ^ _1147_/A1 (sky130_fd_sc_hd__a21oi_4)
     4    0.023255    0.136294    0.212783    4.020683 v _1147_/Y (sky130_fd_sc_hd__a21oi_4)
                                                         _0476_ (net)
                      0.136354    0.002542    4.023225 v rebuffer7/A (sky130_fd_sc_hd__dlygate4sd1_1)
     1    0.011238    0.130761    0.574200    4.597425 v rebuffer7/X (sky130_fd_sc_hd__dlygate4sd1_1)
                                                         net143 (net)
                      0.130762    0.000581    4.598006 v _1164_/B1 (sky130_fd_sc_hd__o221ai_4)
     1    0.010743    0.305468    0.328200    4.926206 ^ _1164_/Y (sky130_fd_sc_hd__o221ai_4)
                                                         _0493_ (net)
                      0.305468    0.000868    4.927074 ^ _1169_/B (sky130_fd_sc_hd__nand3_4)
     3    0.017463    0.171178    0.267059    5.194134 v _1169_/Y (sky130_fd_sc_hd__nand3_4)
                                                         _0498_ (net)
                      0.171181    0.001040    5.195174 v rebuffer16/A (sky130_fd_sc_hd__buf_8)
     2    0.018084    0.049566    0.267601    5.462775 v rebuffer16/X (sky130_fd_sc_hd__buf_8)
                                                         net152 (net)
                      0.049566    0.000957    5.463731 v _1175_/A2 (sky130_fd_sc_hd__a21oi_4)
     2    0.016431    0.252330    0.300496    5.764227 ^ _1175_/Y (sky130_fd_sc_hd__a21oi_4)
                                                         _0504_ (net)
                      0.252333    0.001104    5.765331 ^ _1180_/B1 (sky130_fd_sc_hd__o221ai_4)
     4    0.020710    0.236559    0.352700    6.118032 v _1180_/Y (sky130_fd_sc_hd__o221ai_4)
                                                         _0509_ (net)
                      0.236561    0.001125    6.119156 v _1183_/B1 (sky130_fd_sc_hd__o21ai_2)
     2    0.009872    0.250165    0.198821    6.317977 ^ _1183_/Y (sky130_fd_sc_hd__o21ai_2)
                                                         _0512_ (net)
                      0.250165    0.000427    6.318404 ^ _1235_/A2 (sky130_fd_sc_hd__o21a_1)
     2    0.009720    0.169390    0.344289    6.662693 ^ _1235_/X (sky130_fd_sc_hd__o21a_1)
                                                         _0563_ (net)
                      0.169391    0.000796    6.663489 ^ rebuffer93/A (sky130_fd_sc_hd__buf_1)
     1    0.005276    0.116139    0.224632    6.888121 ^ rebuffer93/X (sky130_fd_sc_hd__buf_1)
                                                         net229 (net)
                      0.116139    0.000357    6.888477 ^ _1236_/B1 (sky130_fd_sc_hd__o21ai_1)
     1    0.005326    0.143242    0.169398    7.057875 v _1236_/Y (sky130_fd_sc_hd__o21ai_1)
                                                         _0564_ (net)
                      0.143242    0.000342    7.058218 v _1237_/C1 (sky130_fd_sc_hd__o311a_1)
     1    0.003313    0.097070    0.229188    7.287405 v _1237_/X (sky130_fd_sc_hd__o311a_1)
                                                         _0565_ (net)
                      0.097070    0.000219    7.287624 v _1238_/B1 (sky130_fd_sc_hd__a21o_1)
     1    0.001958    0.053029    0.275777    7.563401 v _1238_/X (sky130_fd_sc_hd__a21o_1)
                                                         _0052_ (net)
                      0.053029    0.000139    7.563540 v _1426_/D (sky130_fd_sc_hd__dfxtp_1)
                                              7.563540   data arrival time

                                  5.000000    5.000000   clock clk (rise edge)
                                  0.000000    5.000000   clock source latency
     1    0.023045    0.171418    0.118094    5.118093 ^ clk (in)
                                                         clk (net)
                      0.171470    0.000000    5.118093 ^ clkbuf_0_clk/A (sky130_fd_sc_hd__clkbuf_16)
     8    0.091528    0.164852    0.350151    5.468244 ^ clkbuf_0_clk/X (sky130_fd_sc_hd__clkbuf_16)
                                                         clknet_0_clk (net)
                      0.165203    0.005316    5.473560 ^ clkbuf_3_3__f_clk/A (sky130_fd_sc_hd__clkbuf_16)
     8    0.032240    0.083584    0.281918    5.755478 ^ clkbuf_3_3__f_clk/X (sky130_fd_sc_hd__clkbuf_16)
                                                         clknet_3_3__leaf_clk (net)
                      0.083616    0.001526    5.757005 ^ _1426_/CLK (sky130_fd_sc_hd__dfxtp_1)
                                 -0.250000    5.507005   clock uncertainty
                                  0.000000    5.507005   clock reconvergence pessimism
                                 -0.258259    5.248745   library setup time
                                              5.248745   data required time
---------------------------------------------------------------------------------------------
                                              5.248745   data required time
                                             -7.563540   data arrival time
---------------------------------------------------------------------------------------------
                                             -2.314795   slack (VIOLATED)




===========================================================================
 report_check_types -max_slew -max_cap -max_fanout -violators
============================================================================
======================= max_ss_100C_1v60 Corner ===================================

max slew

Pin                                        Limit        Slew       Slack
------------------------------------------------------------------------
_1357_/Y                                0.750000    0.939472   -0.189472 (VIOLATED)
_1360_/B1                               0.750000    0.939472   -0.189472 (VIOLATED)
max_cap73/A                             0.750000    0.939472   -0.189472 (VIOLATED)
_1322_/Y                                0.750000    0.815844   -0.065844 (VIOLATED)
_1325_/A                                0.750000    0.815844   -0.065844 (VIOLATED)
_1331_/B2                               0.750000    0.815844   -0.065844 (VIOLATED)
_1349_/D                                0.750000    0.815844   -0.065844 (VIOLATED)

max fanout

Pin                                   Limit Fanout  Slack
---------------------------------------------------------
clkbuf_3_2__f_clk/X                      10     11        (VIOLATED)
clkbuf_3_5__f_clk/X                      10     11        (VIOLATED)
clkbuf_3_6__f_clk/X                      10     11        (VIOLATED)
clkbuf_3_7__f_clk/X                      10     11        (VIOLATED)



===========================================================================
report_parasitic_annotation -report_unannotated
============================================================================
Found 7 unannotated drivers.
 clkload0/Y
 clkload1/Y
 clkload2/X
 clkload3/Y
 clkload4/Y
 clkload5/X
 clkload6/X
Found 0 partially unannotated drivers.

===========================================================================
max slew violation count 7
max fanout violation count 4
max cap violation count 0
============================================================================

===========================================================================
check_setup -verbose -unconstrained_endpoints -multiple_clock -no_clock -no_input_delay -loops -generated_clocks
===========================================================================
