
===========================================================================
report_checks -unconstrained
===========================================================================
======================= max_ff_n40C_1v95 Corner ===================================

Startpoint: b_in[2] (input port clocked by clk)
Endpoint: _1432_ (rising edge-triggered flip-flop clocked by clk)
Path Group: clk
Path Type: max

Fanout         Cap        Slew       Delay        Time   Description
---------------------------------------------------------------------------------------------
                                  0.000000    0.000000   clock clk (rise edge)
                                  0.000000    0.000000   clock network delay (propagated)
                                  1.000000    1.000000 ^ input external delay
     1    0.004132    0.018685    0.010795    1.010795 ^ b_in[2] (in)
                                                         b_in[2] (net)
                      0.018687    0.000000    1.010795 ^ input11/A (sky130_fd_sc_hd__buf_1)
     2    0.011732    0.107297    0.101060    1.111855 ^ input11/X (sky130_fd_sc_hd__buf_1)
                                                         net11 (net)
                      0.107302    0.000614    1.112469 ^ fanout126/A (sky130_fd_sc_hd__buf_4)
    10    0.075798    0.159352    0.178070    1.290540 ^ fanout126/X (sky130_fd_sc_hd__buf_4)
                                                         net126 (net)
                      0.159809    0.006979    1.297519 ^ fanout125/A (sky130_fd_sc_hd__buf_4)
    10    0.066056    0.140188    0.169916    1.467435 ^ fanout125/X (sky130_fd_sc_hd__buf_4)
                                                         net125 (net)
                      0.141013    0.008724    1.476159 ^ _0694_/A (sky130_fd_sc_hd__clkinv_4)
     7    0.073394    0.116798    0.115403    1.591562 v _0694_/Y (sky130_fd_sc_hd__clkinv_4)
                                                         _0074_ (net)
                      0.117936    0.009411    1.600973 v _1070_/A1 (sky130_fd_sc_hd__o211ai_4)
     1    0.011260    0.130860    0.169692    1.770665 ^ _1070_/Y (sky130_fd_sc_hd__o211ai_4)
                                                         _0400_ (net)
                      0.130862    0.000941    1.771607 ^ _1077_/A (sky130_fd_sc_hd__nand3_4)
     6    0.042409    0.108791    0.104161    1.875768 v _1077_/Y (sky130_fd_sc_hd__nand3_4)
                                                         _0407_ (net)
                      0.108872    0.002391    1.878159 v _1147_/A1 (sky130_fd_sc_hd__a21oi_4)
     3    0.020722    0.140985    0.160400    2.038559 ^ _1147_/Y (sky130_fd_sc_hd__a21oi_4)
                                                         _0476_ (net)
                      0.140989    0.000907    2.039467 ^ rebuffer4/A (sky130_fd_sc_hd__clkbuf_2)
     3    0.009659    0.048064    0.101583    2.141050 ^ rebuffer4/X (sky130_fd_sc_hd__clkbuf_2)
                                                         net136 (net)
                      0.048069    0.000530    2.141580 ^ rebuffer5/A (sky130_fd_sc_hd__buf_1)
     1    0.009669    0.089876    0.095219    2.236799 ^ rebuffer5/X (sky130_fd_sc_hd__buf_1)
                                                         net137 (net)
                      0.089885    0.000738    2.237536 ^ _1164_/B1 (sky130_fd_sc_hd__o221ai_4)
     1    0.010263    0.058666    0.062437    2.299974 v _1164_/Y (sky130_fd_sc_hd__o221ai_4)
                                                         _0493_ (net)
                      0.058669    0.000794    2.300767 v _1169_/B (sky130_fd_sc_hd__nand3_4)
     4    0.025637    0.086437    0.090112    2.390879 ^ _1169_/Y (sky130_fd_sc_hd__nand3_4)
                                                         _0498_ (net)
                      0.086536    0.002859    2.393739 ^ rebuffer21/A (sky130_fd_sc_hd__buf_6)
     1    0.010020    0.025407    0.070068    2.463807 ^ rebuffer21/X (sky130_fd_sc_hd__buf_6)
                                                         net153 (net)
                      0.025415    0.000786    2.464593 ^ _1175_/A1 (sky130_fd_sc_hd__a21oi_4)
     3    0.020129    0.063732    0.038578    2.503171 v _1175_/Y (sky130_fd_sc_hd__a21oi_4)
                                                         _0504_ (net)
                      0.063785    0.001391    2.504562 v _1180_/B1 (sky130_fd_sc_hd__o221ai_4)
     4    0.023459    0.185555    0.179897    2.684460 ^ _1180_/Y (sky130_fd_sc_hd__o221ai_4)
                                                         _0509_ (net)
                      0.185559    0.001493    2.685952 ^ _1239_/A (sky130_fd_sc_hd__nand4_4)
     1    0.009389    0.077609    0.062089    2.748041 v _1239_/Y (sky130_fd_sc_hd__nand4_4)
                                                         _0566_ (net)
                      0.077610    0.000726    2.748767 v _1328_/A1 (sky130_fd_sc_hd__o21ai_4)
     4    0.017626    0.130219    0.151736    2.900502 ^ _1328_/Y (sky130_fd_sc_hd__o21ai_4)
                                                         _0653_ (net)
                      0.130223    0.001395    2.901898 ^ _1350_/A (sky130_fd_sc_hd__nand3_1)
     2    0.006670    0.071165    0.066480    2.968377 v _1350_/Y (sky130_fd_sc_hd__nand3_1)
                                                         _0673_ (net)
                      0.071169    0.000406    2.968784 v _1360_/A2_N (sky130_fd_sc_hd__o2bb2ai_1)
     1    0.003805    0.065253    0.082297    3.051081 v _1360_/Y (sky130_fd_sc_hd__o2bb2ai_1)
                                                         _0683_ (net)
                      0.065253    0.000254    3.051334 v _1365_/A2 (sky130_fd_sc_hd__a31oi_1)
     1    0.002386    0.086514    0.113834    3.165168 ^ _1365_/Y (sky130_fd_sc_hd__a31oi_1)
                                                         _0058_ (net)
                      0.086514    0.000110    3.165278 ^ _1432_/D (sky130_fd_sc_hd__dfxtp_1)
                                              3.165278   data arrival time

                                  6.000000    6.000000   clock clk (rise edge)
                                  0.000000    6.000000   clock source latency
     1    0.025387    0.089635    0.062225    6.062225 ^ clk (in)
                                                         clk (net)
                      0.089681    0.000000    6.062225 ^ clkbuf_0_clk/A (sky130_fd_sc_hd__clkbuf_16)
     8    0.086945    0.080195    0.135097    6.197322 ^ clkbuf_0_clk/X (sky130_fd_sc_hd__clkbuf_16)
                                                         clknet_0_clk (net)
                      0.081187    0.007063    6.204385 ^ clkbuf_3_5__f_clk/A (sky130_fd_sc_hd__clkbuf_16)
     8    0.034895    0.041744    0.107193    6.311578 ^ clkbuf_3_5__f_clk/X (sky130_fd_sc_hd__clkbuf_16)
                                                         clknet_3_5__leaf_clk (net)
                      0.041948    0.001982    6.313560 ^ _1432_/CLK (sky130_fd_sc_hd__dfxtp_1)
                                 -0.250000    6.063560   clock uncertainty
                                  0.000000    6.063560   clock reconvergence pessimism
                                 -0.033589    6.029971   library setup time
                                              6.029971   data required time
---------------------------------------------------------------------------------------------
                                              6.029971   data required time
                                             -3.165278   data arrival time
---------------------------------------------------------------------------------------------
                                              2.864693   slack (MET)




===========================================================================
report_checks --slack_max -0.01
============================================================================
======================= max_ff_n40C_1v95 Corner ===================================

No paths found.


===========================================================================
 report_check_types -max_slew -max_cap -max_fanout -violators
============================================================================
======================= max_ff_n40C_1v95 Corner ===================================

max fanout

Pin                                   Limit Fanout  Slack
---------------------------------------------------------
clkbuf_3_2__f_clk/X                      10     11        (VIOLATED)
clkbuf_3_3__f_clk/X                      10     11        (VIOLATED)
clkbuf_3_7__f_clk/X                      10     11        (VIOLATED)



===========================================================================
report_parasitic_annotation -report_unannotated
============================================================================
Found 7 unannotated drivers.
 clkload0/X
 clkload1/Y
 clkload2/X
 clkload3/Y
 clkload4/Y
 clkload5/Y
 clkload6/X
Found 0 partially unannotated drivers.

===========================================================================
max slew violation count 0
max fanout violation count 3
max cap violation count 0
============================================================================

===========================================================================
check_setup -verbose -unconstrained_endpoints -multiple_clock -no_clock -no_input_delay -loops -generated_clocks
===========================================================================
