
===========================================================================
report_checks -unconstrained
===========================================================================
======================= max_ss_100C_1v60 Corner ===================================

Startpoint: b_in[4] (input port clocked by clk)
Endpoint: _1427_ (rising edge-triggered flip-flop clocked by clk)
Path Group: clk
Path Type: max

Fanout         Cap        Slew       Delay        Time   Description
---------------------------------------------------------------------------------------------
                                  0.000000    0.000000   clock clk (rise edge)
                                  0.000000    0.000000   clock network delay (propagated)
                                  1.000000    1.000000 v input external delay
     1    0.003179    0.019917    0.010478    1.010478 v b_in[4] (in)
                                                         b_in[4] (net)
                      0.019917    0.000000    1.010478 v input13/A (sky130_fd_sc_hd__clkbuf_1)
     1    0.006780    0.091031    0.172103    1.182581 v input13/X (sky130_fd_sc_hd__clkbuf_1)
                                                         net13 (net)
                      0.091032    0.000497    1.183078 v fanout121/A (sky130_fd_sc_hd__clkbuf_2)
     5    0.039968    0.278874    0.372659    1.555737 v fanout121/X (sky130_fd_sc_hd__clkbuf_2)
                                                         net121 (net)
                      0.278876    0.001181    1.556918 v fanout119/A (sky130_fd_sc_hd__clkbuf_8)
    10    0.082077    0.167208    0.444184    2.001103 v fanout119/X (sky130_fd_sc_hd__clkbuf_8)
                                                         net119 (net)
                      0.167291    0.003533    2.004636 v _1081_/D (sky130_fd_sc_hd__and4_1)
     3    0.010115    0.132082    0.513627    2.518263 v _1081_/X (sky130_fd_sc_hd__and4_1)
                                                         _0411_ (net)
                      0.132082    0.000488    2.518751 v _1087_/B2 (sky130_fd_sc_hd__o2bb2a_1)
     2    0.013362    0.196369    0.752520    3.271271 v _1087_/X (sky130_fd_sc_hd__o2bb2a_1)
                                                         _0417_ (net)
                      0.196369    0.000526    3.271797 v _1091_/A2 (sky130_fd_sc_hd__o211ai_4)
     2    0.021643    0.366283    0.423070    3.694867 ^ _1091_/Y (sky130_fd_sc_hd__o211ai_4)
                                                         _0421_ (net)
                      0.366285    0.001543    3.696409 ^ _1100_/C1 (sky130_fd_sc_hd__o2111ai_4)
     5    0.034932    0.423513    0.527240    4.223649 v _1100_/Y (sky130_fd_sc_hd__o2111ai_4)
                                                         _0430_ (net)
                      0.423517    0.002215    4.225864 v _1103_/C1 (sky130_fd_sc_hd__o211ai_2)
     2    0.012716    0.331508    0.299089    4.524953 ^ _1103_/Y (sky130_fd_sc_hd__o211ai_2)
                                                         _0433_ (net)
                      0.331508    0.000937    4.525890 ^ _1107_/C (sky130_fd_sc_hd__nand3_4)
     5    0.032288    0.267034    0.350487    4.876378 v _1107_/Y (sky130_fd_sc_hd__nand3_4)
                                                         _0437_ (net)
                      0.267152    0.001987    4.878365 v _1112_/B (sky130_fd_sc_hd__and4b_1)
     2    0.008546    0.122211    0.506077    5.384442 v _1112_/X (sky130_fd_sc_hd__and4b_1)
                                                         _0442_ (net)
                      0.122211    0.000602    5.385044 v _1185_/A1 (sky130_fd_sc_hd__o22ai_2)
     2    0.010382    0.296963    0.366409    5.751452 ^ _1185_/Y (sky130_fd_sc_hd__o22ai_2)
                                                         _0514_ (net)
                      0.296964    0.000801    5.752253 ^ _1240_/C (sky130_fd_sc_hd__nand4_2)
     3    0.012964    0.298208    0.391593    6.143846 v _1240_/Y (sky130_fd_sc_hd__nand4_2)
                                                         _0567_ (net)
                      0.298208    0.000870    6.144716 v _1275_/A1 (sky130_fd_sc_hd__a21oi_2)
     2    0.005314    0.169871    0.308213    6.452929 ^ _1275_/Y (sky130_fd_sc_hd__a21oi_2)
                                                         _0602_ (net)
                      0.169871    0.000179    6.453108 ^ _1278_/A1_N (sky130_fd_sc_hd__a2bb2o_1)
     1    0.002761    0.098572    0.630703    7.083811 v _1278_/X (sky130_fd_sc_hd__a2bb2o_1)
                                                         _0053_ (net)
                      0.098572    0.000202    7.084013 v _1427_/D (sky130_fd_sc_hd__dfxtp_1)
                                              7.084013   data arrival time

                                  5.000000    5.000000   clock clk (rise edge)
                                  0.000000    5.000000   clock source latency
     1    0.024098    0.178637    0.123079    5.123079 ^ clk (in)
                                                         clk (net)
                      0.178658    0.000000    5.123079 ^ clkbuf_0_clk/A (sky130_fd_sc_hd__clkbuf_16)
     8    0.087866    0.159761    0.348296    5.471375 ^ clkbuf_0_clk/X (sky130_fd_sc_hd__clkbuf_16)
                                                         clknet_0_clk (net)
                      0.160508    0.008057    5.479433 ^ clkbuf_3_4__f_clk/A (sky130_fd_sc_hd__clkbuf_16)
     7    0.031405    0.082380    0.278789    5.758221 ^ clkbuf_3_4__f_clk/X (sky130_fd_sc_hd__clkbuf_16)
                                                         clknet_3_4__leaf_clk (net)
                      0.082429    0.001791    5.760012 ^ _1427_/CLK (sky130_fd_sc_hd__dfxtp_1)
                                 -0.250000    5.510012   clock uncertainty
                                  0.000000    5.510012   clock reconvergence pessimism
                                 -0.277506    5.232506   library setup time
                                              5.232506   data required time
---------------------------------------------------------------------------------------------
                                              5.232506   data required time
                                             -7.084013   data arrival time
---------------------------------------------------------------------------------------------
                                             -1.851507   slack (VIOLATED)




===========================================================================
report_checks --slack_max -0.01
============================================================================
======================= max_ss_100C_1v60 Corner ===================================

Startpoint: b_in[4] (input port clocked by clk)
Endpoint: _1427_ (rising edge-triggered flip-flop clocked by clk)
Path Group: clk
Path Type: max

Fanout         Cap        Slew       Delay        Time   Description
---------------------------------------------------------------------------------------------
                                  0.000000    0.000000   clock clk (rise edge)
                                  0.000000    0.000000   clock network delay (propagated)
                                  1.000000    1.000000 v input external delay
     1    0.003179    0.019917    0.010478    1.010478 v b_in[4] (in)
                                                         b_in[4] (net)
                      0.019917    0.000000    1.010478 v input13/A (sky130_fd_sc_hd__clkbuf_1)
     1    0.006780    0.091031    0.172103    1.182581 v input13/X (sky130_fd_sc_hd__clkbuf_1)
                                                         net13 (net)
                      0.091032    0.000497    1.183078 v fanout121/A (sky130_fd_sc_hd__clkbuf_2)
     5    0.039968    0.278874    0.372659    1.555737 v fanout121/X (sky130_fd_sc_hd__clkbuf_2)
                                                         net121 (net)
                      0.278876    0.001181    1.556918 v fanout119/A (sky130_fd_sc_hd__clkbuf_8)
    10    0.082077    0.167208    0.444184    2.001103 v fanout119/X (sky130_fd_sc_hd__clkbuf_8)
                                                         net119 (net)
                      0.167291    0.003533    2.004636 v _1081_/D (sky130_fd_sc_hd__and4_1)
     3    0.010115    0.132082    0.513627    2.518263 v _1081_/X (sky130_fd_sc_hd__and4_1)
                                                         _0411_ (net)
                      0.132082    0.000488    2.518751 v _1087_/B2 (sky130_fd_sc_hd__o2bb2a_1)
     2    0.013362    0.196369    0.752520    3.271271 v _1087_/X (sky130_fd_sc_hd__o2bb2a_1)
                                                         _0417_ (net)
                      0.196369    0.000526    3.271797 v _1091_/A2 (sky130_fd_sc_hd__o211ai_4)
     2    0.021643    0.366283    0.423070    3.694867 ^ _1091_/Y (sky130_fd_sc_hd__o211ai_4)
                                                         _0421_ (net)
                      0.366285    0.001543    3.696409 ^ _1100_/C1 (sky130_fd_sc_hd__o2111ai_4)
     5    0.034932    0.423513    0.527240    4.223649 v _1100_/Y (sky130_fd_sc_hd__o2111ai_4)
                                                         _0430_ (net)
                      0.423517    0.002215    4.225864 v _1103_/C1 (sky130_fd_sc_hd__o211ai_2)
     2    0.012716    0.331508    0.299089    4.524953 ^ _1103_/Y (sky130_fd_sc_hd__o211ai_2)
                                                         _0433_ (net)
                      0.331508    0.000937    4.525890 ^ _1107_/C (sky130_fd_sc_hd__nand3_4)
     5    0.032288    0.267034    0.350487    4.876378 v _1107_/Y (sky130_fd_sc_hd__nand3_4)
                                                         _0437_ (net)
                      0.267152    0.001987    4.878365 v _1112_/B (sky130_fd_sc_hd__and4b_1)
     2    0.008546    0.122211    0.506077    5.384442 v _1112_/X (sky130_fd_sc_hd__and4b_1)
                                                         _0442_ (net)
                      0.122211    0.000602    5.385044 v _1185_/A1 (sky130_fd_sc_hd__o22ai_2)
     2    0.010382    0.296963    0.366409    5.751452 ^ _1185_/Y (sky130_fd_sc_hd__o22ai_2)
                                                         _0514_ (net)
                      0.296964    0.000801    5.752253 ^ _1240_/C (sky130_fd_sc_hd__nand4_2)
     3    0.012964    0.298208    0.391593    6.143846 v _1240_/Y (sky130_fd_sc_hd__nand4_2)
                                                         _0567_ (net)
                      0.298208    0.000870    6.144716 v _1275_/A1 (sky130_fd_sc_hd__a21oi_2)
     2    0.005314    0.169871    0.308213    6.452929 ^ _1275_/Y (sky130_fd_sc_hd__a21oi_2)
                                                         _0602_ (net)
                      0.169871    0.000179    6.453108 ^ _1278_/A1_N (sky130_fd_sc_hd__a2bb2o_1)
     1    0.002761    0.098572    0.630703    7.083811 v _1278_/X (sky130_fd_sc_hd__a2bb2o_1)
                                                         _0053_ (net)
                      0.098572    0.000202    7.084013 v _1427_/D (sky130_fd_sc_hd__dfxtp_1)
                                              7.084013   data arrival time

                                  5.000000    5.000000   clock clk (rise edge)
                                  0.000000    5.000000   clock source latency
     1    0.024098    0.178637    0.123079    5.123079 ^ clk (in)
                                                         clk (net)
                      0.178658    0.000000    5.123079 ^ clkbuf_0_clk/A (sky130_fd_sc_hd__clkbuf_16)
     8    0.087866    0.159761    0.348296    5.471375 ^ clkbuf_0_clk/X (sky130_fd_sc_hd__clkbuf_16)
                                                         clknet_0_clk (net)
                      0.160508    0.008057    5.479433 ^ clkbuf_3_4__f_clk/A (sky130_fd_sc_hd__clkbuf_16)
     7    0.031405    0.082380    0.278789    5.758221 ^ clkbuf_3_4__f_clk/X (sky130_fd_sc_hd__clkbuf_16)
                                                         clknet_3_4__leaf_clk (net)
                      0.082429    0.001791    5.760012 ^ _1427_/CLK (sky130_fd_sc_hd__dfxtp_1)
                                 -0.250000    5.510012   clock uncertainty
                                  0.000000    5.510012   clock reconvergence pessimism
                                 -0.277506    5.232506   library setup time
                                              5.232506   data required time
---------------------------------------------------------------------------------------------
                                              5.232506   data required time
                                             -7.084013   data arrival time
---------------------------------------------------------------------------------------------
                                             -1.851507   slack (VIOLATED)




===========================================================================
 report_check_types -max_slew -max_cap -max_fanout -violators
============================================================================
======================= max_ss_100C_1v60 Corner ===================================

max slew

Pin                                        Limit        Slew       Slack
------------------------------------------------------------------------
_1357_/Y                                0.750000    0.752940   -0.002940 (VIOLATED)
_1360_/B1                               0.750000    0.752940   -0.002940 (VIOLATED)
max_cap73/A                             0.750000    0.752940   -0.002940 (VIOLATED)

max fanout

Pin                                   Limit Fanout  Slack
---------------------------------------------------------
clkbuf_3_2__f_clk/X                      10     11        (VIOLATED)
clkbuf_3_3__f_clk/X                      10     11        (VIOLATED)
clkbuf_3_7__f_clk/X                      10     11        (VIOLATED)



===========================================================================
report_parasitic_annotation -report_unannotated
============================================================================
Found 7 unannotated drivers.
 clkload0/X
 clkload1/Y
 clkload2/X
 clkload3/Y
 clkload4/Y
 clkload5/Y
 clkload6/X
Found 0 partially unannotated drivers.

===========================================================================
max slew violation count 3
max fanout violation count 3
max cap violation count 0
============================================================================

===========================================================================
check_setup -verbose -unconstrained_endpoints -multiple_clock -no_clock -no_input_delay -loops -generated_clocks
===========================================================================
