
===========================================================================
report_checks -unconstrained
===========================================================================
======================= max_tt_025C_1v80 Corner ===================================

Startpoint: b_in[2] (input port clocked by clk)
Endpoint: _1432_ (rising edge-triggered flip-flop clocked by clk)
Path Group: clk
Path Type: max

Fanout         Cap        Slew       Delay        Time   Description
---------------------------------------------------------------------------------------------
                                  0.000000    0.000000   clock clk (rise edge)
                                  0.000000    0.000000   clock network delay (propagated)
                                  0.000000    0.000000 ^ input external delay
     1    0.003185    0.021394    0.011716    0.011716 ^ b_in[2] (in)
                                                         b_in[2] (net)
                      0.021403    0.000000    0.011716 ^ input11/A (sky130_fd_sc_hd__buf_1)
     2    0.012570    0.153878    0.149373    0.161089 ^ input11/X (sky130_fd_sc_hd__buf_1)
                                                         net11 (net)
                      0.153883    0.000767    0.161856 ^ fanout127/A (sky130_fd_sc_hd__buf_4)
    10    0.076826    0.214349    0.269507    0.431363 ^ fanout127/X (sky130_fd_sc_hd__buf_4)
                                                         net127 (net)
                      0.214553    0.005456    0.436819 ^ fanout126/A (sky130_fd_sc_hd__buf_6)
    10    0.065892    0.137053    0.208255    0.645074 ^ fanout126/X (sky130_fd_sc_hd__buf_6)
                                                         net126 (net)
                      0.138147    0.009921    0.654995 ^ _0694_/A (sky130_fd_sc_hd__clkinv_4)
     7    0.069371    0.139709    0.158525    0.813520 v _0694_/Y (sky130_fd_sc_hd__clkinv_4)
                                                         _0074_ (net)
                      0.140189    0.006724    0.820244 v _1070_/A1 (sky130_fd_sc_hd__o211ai_2)
     1    0.011988    0.201706    0.254396    1.074641 ^ _1070_/Y (sky130_fd_sc_hd__o211ai_2)
                                                         _0400_ (net)
                      0.201708    0.001009    1.075650 ^ _1077_/A (sky130_fd_sc_hd__nand3_4)
     5    0.037579    0.152378    0.169653    1.245302 v _1077_/Y (sky130_fd_sc_hd__nand3_4)
                                                         _0407_ (net)
                      0.152426    0.002214    1.247517 v _1147_/A1 (sky130_fd_sc_hd__a21oi_4)
     5    0.026855    0.225598    0.259224    1.506741 ^ _1147_/Y (sky130_fd_sc_hd__a21oi_4)
                                                         _0476_ (net)
                      0.225613    0.001450    1.508190 ^ _1148_/B1 (sky130_fd_sc_hd__o21ai_4)
     6    0.030328    0.106210    0.140510    1.648700 v _1148_/Y (sky130_fd_sc_hd__o21ai_4)
                                                         _0477_ (net)
                      0.106421    0.002566    1.651266 v rebuffer44/A (sky130_fd_sc_hd__buf_6)
     1    0.009891    0.025348    0.142924    1.794190 v rebuffer44/X (sky130_fd_sc_hd__buf_6)
                                                         net176 (net)
                      0.025348    0.000487    1.794677 v _1167_/B1 (sky130_fd_sc_hd__o211ai_4)
     2    0.021060    0.231266    0.103096    1.897773 ^ _1167_/Y (sky130_fd_sc_hd__o211ai_4)
                                                         _0496_ (net)
                      0.231268    0.001388    1.899160 ^ _1170_/C1 (sky130_fd_sc_hd__o211ai_4)
     2    0.017075    0.109545    0.132885    2.032045 v _1170_/Y (sky130_fd_sc_hd__o211ai_4)
                                                         _0499_ (net)
                      0.109550    0.001411    2.033456 v _1177_/B2 (sky130_fd_sc_hd__o221a_4)
     1    0.008854    0.047799    0.245389    2.278845 v _1177_/X (sky130_fd_sc_hd__o221a_4)
                                                         _0506_ (net)
                      0.047799    0.000441    2.279287 v _1180_/B2 (sky130_fd_sc_hd__o221ai_4)
     4    0.022597    0.264052    0.214912    2.494199 ^ _1180_/Y (sky130_fd_sc_hd__o221ai_4)
                                                         _0509_ (net)
                      0.264055    0.001544    2.495742 ^ _1239_/A (sky130_fd_sc_hd__nand4_4)
     1    0.009744    0.110384    0.126178    2.621921 v _1239_/Y (sky130_fd_sc_hd__nand4_4)
                                                         _0566_ (net)
                      0.110385    0.000476    2.622396 v _1328_/A1 (sky130_fd_sc_hd__o21ai_4)
     4    0.022649    0.204129    0.241844    2.864240 ^ _1328_/Y (sky130_fd_sc_hd__o21ai_4)
                                                         _0653_ (net)
                      0.204228    0.001934    2.866174 ^ rebuffer112/A (sky130_fd_sc_hd__clkbuf_1)
     1    0.005627    0.076335    0.135985    3.002159 ^ rebuffer112/X (sky130_fd_sc_hd__clkbuf_1)
                                                         net244 (net)
                      0.076336    0.000406    3.002565 ^ _1350_/A (sky130_fd_sc_hd__nand3_2)
     2    0.008556    0.093800    0.080689    3.083254 v _1350_/Y (sky130_fd_sc_hd__nand3_2)
                                                         _0673_ (net)
                      0.093802    0.000552    3.083807 v _1360_/A2_N (sky130_fd_sc_hd__o2bb2ai_1)
     1    0.003573    0.090009    0.141193    3.225000 v _1360_/Y (sky130_fd_sc_hd__o2bb2ai_1)
                                                         _0683_ (net)
                      0.090009    0.000251    3.225251 v _1365_/A2 (sky130_fd_sc_hd__a31oi_1)
     1    0.002662    0.121614    0.169293    3.394544 ^ _1365_/Y (sky130_fd_sc_hd__a31oi_1)
                                                         _0058_ (net)
                      0.121614    0.000196    3.394739 ^ _1432_/D (sky130_fd_sc_hd__dfxtp_1)
                                              3.394739   data arrival time

                                  4.000000    4.000000   clock clk (rise edge)
                                  0.000000    4.000000   clock source latency
     1    0.025164    0.118813    0.082567    4.082567 ^ clk (in)
                                                         clk (net)
                      0.118849    0.000000    4.082567 ^ clkbuf_0_clk/A (sky130_fd_sc_hd__clkbuf_16)
     8    0.085242    0.102441    0.198588    4.281155 ^ clkbuf_0_clk/X (sky130_fd_sc_hd__clkbuf_16)
                                                         clknet_0_clk (net)
                      0.103214    0.007130    4.288285 ^ clkbuf_3_4__f_clk/A (sky130_fd_sc_hd__clkbuf_16)
     6    0.031226    0.052069    0.156180    4.444465 ^ clkbuf_3_4__f_clk/X (sky130_fd_sc_hd__clkbuf_16)
                                                         clknet_3_4__leaf_clk (net)
                      0.052092    0.001514    4.445979 ^ _1432_/CLK (sky130_fd_sc_hd__dfxtp_1)
                                 -0.250000    4.195979   clock uncertainty
                                  0.000000    4.195979   clock reconvergence pessimism
                                 -0.070662    4.125317   library setup time
                                              4.125317   data required time
---------------------------------------------------------------------------------------------
                                              4.125317   data required time
                                             -3.394739   data arrival time
---------------------------------------------------------------------------------------------
                                              0.730578   slack (MET)




===========================================================================
report_checks --slack_max -0.01
============================================================================
======================= max_tt_025C_1v80 Corner ===================================

No paths found.


===========================================================================
 report_check_types -max_slew -max_cap -max_fanout -violators
============================================================================
======================= max_tt_025C_1v80 Corner ===================================

max fanout

Pin                                   Limit Fanout  Slack
---------------------------------------------------------
clkbuf_3_2__f_clk/X                      10     11        (VIOLATED)
clkbuf_3_3__f_clk/X                      10     11        (VIOLATED)
clkbuf_3_7__f_clk/X                      10     11        (VIOLATED)



===========================================================================
report_parasitic_annotation -report_unannotated
============================================================================
Found 6 unannotated drivers.
 clkload0/X
 clkload1/Y
 clkload2/Y
 clkload3/Y
 clkload4/Y
 clkload5/X
Found 0 partially unannotated drivers.

===========================================================================
max slew violation count 0
max fanout violation count 3
max cap violation count 0
============================================================================

===========================================================================
check_setup -verbose -unconstrained_endpoints -multiple_clock -no_clock -no_input_delay -loops -generated_clocks
===========================================================================
