Clock: clk
Sources: clk 
Generated: no
Virtual: yes
Propagated: no
Period: 4.000000

===========================================================================
report_clock_properties
============================================================================
Clock                   Period          Waveform
----------------------------------------------------
clk                   4.000000    0.000000  2.000000

===========================================================================
report_clock_latency
============================================================================
Clock clk
rise -> rise
    min     max
0.000000 0.000000 source latency
0.443355         network latency _1422_/CLK
        0.456654 network latency _1380_/CLK
---------------
0.443355 0.456654 latency
        0.013299 skew

fall -> fall
    min     max
0.000000 0.000000 source latency
0.391290         network latency _1422_/CLK
        0.402782 network latency _1380_/CLK
---------------
0.391290 0.402782 latency
        0.011493 skew



===========================================================================
report_clock_min_period
============================================================================
clk period_min = 3.19 fmax = 313.58
