Clock: clk
Sources: clk 
Generated: no
Virtual: yes
Propagated: no
Period: 4.000000

===========================================================================
report_clock_properties
============================================================================
Clock                   Period          Waveform
----------------------------------------------------
clk                   4.000000    0.000000  2.000000

===========================================================================
report_clock_latency
============================================================================
Clock clk
rise -> rise
    min     max
0.000000 0.000000 source latency
0.391763         network latency _1423_/CLK
        0.398921 network latency _1378_/CLK
---------------
0.391763 0.398921 latency
        0.007158 skew

fall -> fall
    min     max
0.000000 0.000000 source latency
0.359588         network latency _1423_/CLK
        0.366148 network latency _1378_/CLK
---------------
0.359588 0.366148 latency
        0.006560 skew



===========================================================================
report_clock_min_period
============================================================================
clk period_min = 3.10 fmax = 322.20
