
===========================================================================
 report_power
============================================================================
======================= nom_tt_025C_1v80 Corner ===================================

Group                    Internal    Switching      Leakage        Total
                            Power        Power        Power        Power (Watts)
------------------------------------------------------------------------
Sequential           5.557376e-04 3.137886e-05 5.752235e-10 5.871171e-04  42.4%
Combinational        3.683482e-04 4.295828e-04 2.530172e-09 7.979335e-04  57.6%
Clock                0.000000e+00 0.000000e+00 3.434442e-10 3.434442e-10   0.0%
Macro                0.000000e+00 0.000000e+00 0.000000e+00 0.000000e+00   0.0%
Pad                  0.000000e+00 0.000000e+00 0.000000e+00 0.000000e+00   0.0%
------------------------------------------------------------------------
Total                9.240857e-04 4.609618e-04 3.448843e-09 1.385051e-03 100.0%
                            66.7%        33.3%         0.0%
Writing metric power__internal__total: 0.0009240857325494289
Writing metric power__switching__total: 0.0004609618044923991
Writing metric power__leakage__total: 3.4488429889734107e-9
Writing metric power__total: 0.0013850510586053133

