
===========================================================================
report_checks -unconstrained
===========================================================================
======================= max_ss_100C_1v60 Corner ===================================

Startpoint: b_in[2] (input port clocked by clk)
Endpoint: _1431_ (rising edge-triggered flip-flop clocked by clk)
Path Group: clk
Path Type: max

Fanout         Cap        Slew       Delay        Time   Description
---------------------------------------------------------------------------------------------
                                  0.000000    0.000000   clock clk (rise edge)
                                  0.000000    0.000000   clock network delay (propagated)
                                  1.000000    1.000000 ^ input external delay
     1    0.003032    0.033777    0.017058    1.017058 ^ b_in[2] (in)
                                                         b_in[2] (net)
                      0.033778    0.000000    1.017058 ^ input11/A (sky130_fd_sc_hd__clkbuf_1)
     2    0.021091    0.403218    0.369759    1.386818 ^ input11/X (sky130_fd_sc_hd__clkbuf_1)
                                                         net11 (net)
                      0.403227    0.001609    1.388427 ^ fanout128/A (sky130_fd_sc_hd__clkbuf_4)
    10    0.061965    0.301811    0.566113    1.954539 ^ fanout128/X (sky130_fd_sc_hd__clkbuf_4)
                                                         net128 (net)
                      0.301846    0.003323    1.957862 ^ _1065_/A (sky130_fd_sc_hd__nand2_4)
     4    0.028924    0.159840    0.237182    2.195045 v _1065_/Y (sky130_fd_sc_hd__nand2_4)
                                                         _0395_ (net)
                      0.159848    0.001389    2.196434 v _1073_/B1 (sky130_fd_sc_hd__a41o_4)
     3    0.020237    0.101988    0.503231    2.699665 v _1073_/X (sky130_fd_sc_hd__a41o_4)
                                                         _0403_ (net)
                      0.101993    0.000828    2.700493 v _1076_/A1 (sky130_fd_sc_hd__o211ai_4)
     5    0.031838    0.464861    0.497185    3.197678 ^ _1076_/Y (sky130_fd_sc_hd__o211ai_4)
                                                         _0406_ (net)
                      0.465045    0.003063    3.200741 ^ _1090_/A2_N (sky130_fd_sc_hd__o2bb2ai_4)
     2    0.018817    0.266656    0.363724    3.564465 ^ _1090_/Y (sky130_fd_sc_hd__o2bb2ai_4)
                                                         _0420_ (net)
                      0.266656    0.000712    3.565177 ^ _1097_/B2 (sky130_fd_sc_hd__a22oi_4)
     5    0.022374    0.174113    0.217154    3.782331 v _1097_/Y (sky130_fd_sc_hd__a22oi_4)
                                                         _0427_ (net)
                      0.174122    0.002372    3.784703 v rebuffer4/A (sky130_fd_sc_hd__dlymetal6s2s_1)
     1    0.006770    0.103929    0.358931    4.143634 v rebuffer4/X (sky130_fd_sc_hd__dlymetal6s2s_1)
                                                         net139 (net)
                      0.103930    0.000523    4.144156 v _1168_/A2 (sky130_fd_sc_hd__o21ai_2)
     1    0.010113    0.252857    0.276263    4.420420 ^ _1168_/Y (sky130_fd_sc_hd__o21ai_2)
                                                         _0497_ (net)
                      0.252857    0.000765    4.421185 ^ _1169_/B (sky130_fd_sc_hd__nand3_4)
     6    0.030581    0.255683    0.313918    4.735103 v _1169_/Y (sky130_fd_sc_hd__nand3_4)
                                                         _0498_ (net)
                      0.255788    0.001573    4.736677 v rebuffer15/A (sky130_fd_sc_hd__buf_6)
     1    0.008954    0.043091    0.295652    5.032329 v rebuffer15/X (sky130_fd_sc_hd__buf_6)
                                                         net150 (net)
                      0.043091    0.000693    5.033022 v _1178_/C1 (sky130_fd_sc_hd__o221ai_4)
     2    0.016034    0.358131    0.114391    5.147413 ^ _1178_/Y (sky130_fd_sc_hd__o221ai_4)
                                                         _0507_ (net)
                      0.358132    0.000938    5.148351 ^ _1181_/C1 (sky130_fd_sc_hd__o211ai_2)
     2    0.011243    0.237662    0.330678    5.479029 v _1181_/Y (sky130_fd_sc_hd__o211ai_2)
                                                         _0510_ (net)
                      0.237662    0.000779    5.479808 v _1241_/A2 (sky130_fd_sc_hd__o21ai_1)
     1    0.012326    0.437136    0.470335    5.950143 ^ _1241_/Y (sky130_fd_sc_hd__o21ai_1)
                                                         _0568_ (net)
                      0.437139    0.000967    5.951109 ^ _1327_/A2 (sky130_fd_sc_hd__a21oi_4)
     1    0.011162    0.119140    0.239905    6.191015 v _1327_/Y (sky130_fd_sc_hd__a21oi_4)
                                                         _0652_ (net)
                      0.119141    0.000861    6.191875 v _1328_/B1 (sky130_fd_sc_hd__o21ai_4)
     4    0.018563    0.283025    0.155064    6.346939 ^ _1328_/Y (sky130_fd_sc_hd__o21ai_4)
                                                         _0653_ (net)
                      0.283030    0.001501    6.348441 ^ _1350_/A (sky130_fd_sc_hd__nand3_1)
     2    0.008662    0.275691    0.319862    6.668303 v _1350_/Y (sky130_fd_sc_hd__nand3_1)
                                                         _0673_ (net)
                      0.275691    0.000367    6.668670 v _1359_/A (sky130_fd_sc_hd__nand3_1)
     1    0.006154    0.145263    0.230199    6.898869 ^ _1359_/Y (sky130_fd_sc_hd__nand3_1)
                                                         _0682_ (net)
                      0.145263    0.000292    6.899160 ^ _1361_/C1 (sky130_fd_sc_hd__o211ai_2)
     1    0.008771    0.187390    0.225809    7.124969 v _1361_/Y (sky130_fd_sc_hd__o211ai_2)
                                                         _0684_ (net)
                      0.187391    0.000609    7.125578 v _1362_/B1 (sky130_fd_sc_hd__o41ai_1)
     1    0.002418    0.419149    0.139411    7.264990 ^ _1362_/Y (sky130_fd_sc_hd__o41ai_1)
                                                         _0057_ (net)
                      0.419149    0.000099    7.265089 ^ _1431_/D (sky130_fd_sc_hd__dfxtp_1)
                                              7.265089   data arrival time

                                  5.000000    5.000000   clock clk (rise edge)
                                  0.000000    5.000000   clock source latency
     1    0.020306    0.152177    0.104166    5.104166 ^ clk (in)
                                                         clk (net)
                      0.152201    0.000000    5.104166 ^ clkbuf_0_clk/A (sky130_fd_sc_hd__clkbuf_16)
     8    0.090582    0.163475    0.340782    5.444948 ^ clkbuf_0_clk/X (sky130_fd_sc_hd__clkbuf_16)
                                                         clknet_0_clk (net)
                      0.163863    0.005646    5.450593 ^ clkbuf_3_3__f_clk/A (sky130_fd_sc_hd__clkbuf_16)
     8    0.034682    0.087059    0.284549    5.735142 ^ clkbuf_3_3__f_clk/X (sky130_fd_sc_hd__clkbuf_16)
                                                         clknet_3_3__leaf_clk (net)
                      0.087132    0.002252    5.737394 ^ _1431_/CLK (sky130_fd_sc_hd__dfxtp_1)
                                 -0.250000    5.487394   clock uncertainty
                                  0.000000    5.487394   clock reconvergence pessimism
                                 -0.216242    5.271152   library setup time
                                              5.271152   data required time
---------------------------------------------------------------------------------------------
                                              5.271152   data required time
                                             -7.265089   data arrival time
---------------------------------------------------------------------------------------------
                                             -1.993937   slack (VIOLATED)




===========================================================================
report_checks --slack_max -0.01
============================================================================
======================= max_ss_100C_1v60 Corner ===================================

Startpoint: b_in[2] (input port clocked by clk)
Endpoint: _1431_ (rising edge-triggered flip-flop clocked by clk)
Path Group: clk
Path Type: max

Fanout         Cap        Slew       Delay        Time   Description
---------------------------------------------------------------------------------------------
                                  0.000000    0.000000   clock clk (rise edge)
                                  0.000000    0.000000   clock network delay (propagated)
                                  1.000000    1.000000 ^ input external delay
     1    0.003032    0.033777    0.017058    1.017058 ^ b_in[2] (in)
                                                         b_in[2] (net)
                      0.033778    0.000000    1.017058 ^ input11/A (sky130_fd_sc_hd__clkbuf_1)
     2    0.021091    0.403218    0.369759    1.386818 ^ input11/X (sky130_fd_sc_hd__clkbuf_1)
                                                         net11 (net)
                      0.403227    0.001609    1.388427 ^ fanout128/A (sky130_fd_sc_hd__clkbuf_4)
    10    0.061965    0.301811    0.566113    1.954539 ^ fanout128/X (sky130_fd_sc_hd__clkbuf_4)
                                                         net128 (net)
                      0.301846    0.003323    1.957862 ^ _1065_/A (sky130_fd_sc_hd__nand2_4)
     4    0.028924    0.159840    0.237182    2.195045 v _1065_/Y (sky130_fd_sc_hd__nand2_4)
                                                         _0395_ (net)
                      0.159848    0.001389    2.196434 v _1073_/B1 (sky130_fd_sc_hd__a41o_4)
     3    0.020237    0.101988    0.503231    2.699665 v _1073_/X (sky130_fd_sc_hd__a41o_4)
                                                         _0403_ (net)
                      0.101993    0.000828    2.700493 v _1076_/A1 (sky130_fd_sc_hd__o211ai_4)
     5    0.031838    0.464861    0.497185    3.197678 ^ _1076_/Y (sky130_fd_sc_hd__o211ai_4)
                                                         _0406_ (net)
                      0.465045    0.003063    3.200741 ^ _1090_/A2_N (sky130_fd_sc_hd__o2bb2ai_4)
     2    0.018817    0.266656    0.363724    3.564465 ^ _1090_/Y (sky130_fd_sc_hd__o2bb2ai_4)
                                                         _0420_ (net)
                      0.266656    0.000712    3.565177 ^ _1097_/B2 (sky130_fd_sc_hd__a22oi_4)
     5    0.022374    0.174113    0.217154    3.782331 v _1097_/Y (sky130_fd_sc_hd__a22oi_4)
                                                         _0427_ (net)
                      0.174122    0.002372    3.784703 v rebuffer4/A (sky130_fd_sc_hd__dlymetal6s2s_1)
     1    0.006770    0.103929    0.358931    4.143634 v rebuffer4/X (sky130_fd_sc_hd__dlymetal6s2s_1)
                                                         net139 (net)
                      0.103930    0.000523    4.144156 v _1168_/A2 (sky130_fd_sc_hd__o21ai_2)
     1    0.010113    0.252857    0.276263    4.420420 ^ _1168_/Y (sky130_fd_sc_hd__o21ai_2)
                                                         _0497_ (net)
                      0.252857    0.000765    4.421185 ^ _1169_/B (sky130_fd_sc_hd__nand3_4)
     6    0.030581    0.255683    0.313918    4.735103 v _1169_/Y (sky130_fd_sc_hd__nand3_4)
                                                         _0498_ (net)
                      0.255788    0.001573    4.736677 v rebuffer15/A (sky130_fd_sc_hd__buf_6)
     1    0.008954    0.043091    0.295652    5.032329 v rebuffer15/X (sky130_fd_sc_hd__buf_6)
                                                         net150 (net)
                      0.043091    0.000693    5.033022 v _1178_/C1 (sky130_fd_sc_hd__o221ai_4)
     2    0.016034    0.358131    0.114391    5.147413 ^ _1178_/Y (sky130_fd_sc_hd__o221ai_4)
                                                         _0507_ (net)
                      0.358132    0.000938    5.148351 ^ _1181_/C1 (sky130_fd_sc_hd__o211ai_2)
     2    0.011243    0.237662    0.330678    5.479029 v _1181_/Y (sky130_fd_sc_hd__o211ai_2)
                                                         _0510_ (net)
                      0.237662    0.000779    5.479808 v _1241_/A2 (sky130_fd_sc_hd__o21ai_1)
     1    0.012326    0.437136    0.470335    5.950143 ^ _1241_/Y (sky130_fd_sc_hd__o21ai_1)
                                                         _0568_ (net)
                      0.437139    0.000967    5.951109 ^ _1327_/A2 (sky130_fd_sc_hd__a21oi_4)
     1    0.011162    0.119140    0.239905    6.191015 v _1327_/Y (sky130_fd_sc_hd__a21oi_4)
                                                         _0652_ (net)
                      0.119141    0.000861    6.191875 v _1328_/B1 (sky130_fd_sc_hd__o21ai_4)
     4    0.018563    0.283025    0.155064    6.346939 ^ _1328_/Y (sky130_fd_sc_hd__o21ai_4)
                                                         _0653_ (net)
                      0.283030    0.001501    6.348441 ^ _1350_/A (sky130_fd_sc_hd__nand3_1)
     2    0.008662    0.275691    0.319862    6.668303 v _1350_/Y (sky130_fd_sc_hd__nand3_1)
                                                         _0673_ (net)
                      0.275691    0.000367    6.668670 v _1359_/A (sky130_fd_sc_hd__nand3_1)
     1    0.006154    0.145263    0.230199    6.898869 ^ _1359_/Y (sky130_fd_sc_hd__nand3_1)
                                                         _0682_ (net)
                      0.145263    0.000292    6.899160 ^ _1361_/C1 (sky130_fd_sc_hd__o211ai_2)
     1    0.008771    0.187390    0.225809    7.124969 v _1361_/Y (sky130_fd_sc_hd__o211ai_2)
                                                         _0684_ (net)
                      0.187391    0.000609    7.125578 v _1362_/B1 (sky130_fd_sc_hd__o41ai_1)
     1    0.002418    0.419149    0.139411    7.264990 ^ _1362_/Y (sky130_fd_sc_hd__o41ai_1)
                                                         _0057_ (net)
                      0.419149    0.000099    7.265089 ^ _1431_/D (sky130_fd_sc_hd__dfxtp_1)
                                              7.265089   data arrival time

                                  5.000000    5.000000   clock clk (rise edge)
                                  0.000000    5.000000   clock source latency
     1    0.020306    0.152177    0.104166    5.104166 ^ clk (in)
                                                         clk (net)
                      0.152201    0.000000    5.104166 ^ clkbuf_0_clk/A (sky130_fd_sc_hd__clkbuf_16)
     8    0.090582    0.163475    0.340782    5.444948 ^ clkbuf_0_clk/X (sky130_fd_sc_hd__clkbuf_16)
                                                         clknet_0_clk (net)
                      0.163863    0.005646    5.450593 ^ clkbuf_3_3__f_clk/A (sky130_fd_sc_hd__clkbuf_16)
     8    0.034682    0.087059    0.284549    5.735142 ^ clkbuf_3_3__f_clk/X (sky130_fd_sc_hd__clkbuf_16)
                                                         clknet_3_3__leaf_clk (net)
                      0.087132    0.002252    5.737394 ^ _1431_/CLK (sky130_fd_sc_hd__dfxtp_1)
                                 -0.250000    5.487394   clock uncertainty
                                  0.000000    5.487394   clock reconvergence pessimism
                                 -0.216242    5.271152   library setup time
                                              5.271152   data required time
---------------------------------------------------------------------------------------------
                                              5.271152   data required time
                                             -7.265089   data arrival time
---------------------------------------------------------------------------------------------
                                             -1.993937   slack (VIOLATED)




===========================================================================
 report_check_types -max_slew -max_cap -max_fanout -violators
============================================================================
======================= max_ss_100C_1v60 Corner ===================================

max slew

Pin                                        Limit        Slew       Slack
------------------------------------------------------------------------
_1357_/Y                                0.750000    0.798068   -0.048068 (VIOLATED)
_1360_/B1                               0.750000    0.798068   -0.048068 (VIOLATED)
max_cap73/A                             0.750000    0.798068   -0.048068 (VIOLATED)

max fanout

Pin                                   Limit Fanout  Slack
---------------------------------------------------------
clkbuf_3_5__f_clk/X                      10     12     -2 (VIOLATED)
clkbuf_3_7__f_clk/X                      10     12     -2 (VIOLATED)



===========================================================================
report_parasitic_annotation -report_unannotated
============================================================================
Found 6 unannotated drivers.
 clkload0/Y
 clkload1/Y
 clkload2/Y
 clkload3/Y
 clkload4/Y
 clkload5/Y
Found 0 partially unannotated drivers.

===========================================================================
max slew violation count 3
max fanout violation count 2
max cap violation count 0
============================================================================

===========================================================================
check_setup -verbose -unconstrained_endpoints -multiple_clock -no_clock -no_input_delay -loops -generated_clocks
===========================================================================
