Clock: clk
Sources: clk 
Generated: no
Virtual: yes
Propagated: no
Period: 5.000000

===========================================================================
report_clock_properties
============================================================================
Clock                   Period          Waveform
----------------------------------------------------
clk                   5.000000    0.000000  2.500000

===========================================================================
report_clock_latency
============================================================================
Clock clk
rise -> rise
    min     max
0.000000 0.000000 source latency
0.753619         network latency _1423_/CLK
        0.774750 network latency _1382_/CLK
---------------
0.753619 0.774750 latency
        0.021131 skew

fall -> fall
    min     max
0.000000 0.000000 source latency
0.691532         network latency _1423_/CLK
        0.710229 network latency _1382_/CLK
---------------
0.691532 0.710229 latency
        0.018697 skew



===========================================================================
report_clock_min_period
============================================================================
clk period_min = 6.07 fmax = 164.78
