
===========================================================================
report_checks -unconstrained
===========================================================================
======================= nom_tt_025C_1v80 Corner ===================================

Startpoint: b_in[2] (input port clocked by clk)
Endpoint: _1432_ (rising edge-triggered flip-flop clocked by clk)
Path Group: clk
Path Type: max

Fanout         Cap        Slew       Delay        Time   Description
---------------------------------------------------------------------------------------------
                                  0.000000    0.000000   clock clk (rise edge)
                                  0.000000    0.000000   clock network delay (propagated)
                                  1.000000    1.000000 ^ input external delay
     1    0.003891    0.024464    0.014151    1.014151 ^ b_in[2] (in)
                                                         b_in[2] (net)
                      0.024472    0.000000    1.014151 ^ input11/A (sky130_fd_sc_hd__buf_1)
     2    0.011013    0.136166    0.138480    1.152630 ^ input11/X (sky130_fd_sc_hd__buf_1)
                                                         net11 (net)
                      0.136167    0.000249    1.152880 ^ fanout126/A (sky130_fd_sc_hd__buf_4)
    10    0.072879    0.202912    0.259015    1.411895 ^ fanout126/X (sky130_fd_sc_hd__buf_4)
                                                         net126 (net)
                      0.202982    0.003125    1.415020 ^ fanout125/A (sky130_fd_sc_hd__buf_4)
    10    0.064284    0.180209    0.260737    1.675756 ^ fanout125/X (sky130_fd_sc_hd__buf_4)
                                                         net125 (net)
                      0.180417    0.004153    1.679909 ^ _0694_/A (sky130_fd_sc_hd__clkinv_4)
     7    0.070222    0.145227    0.176598    1.856507 v _0694_/Y (sky130_fd_sc_hd__clkinv_4)
                                                         _0074_ (net)
                      0.145509    0.005238    1.861745 v _1070_/A1 (sky130_fd_sc_hd__o211ai_4)
     1    0.011007    0.172067    0.235762    2.097507 ^ _1070_/Y (sky130_fd_sc_hd__o211ai_4)
                                                         _0400_ (net)
                      0.172067    0.000429    2.097936 ^ _1077_/A (sky130_fd_sc_hd__nand3_4)
     6    0.041488    0.158204    0.171263    2.269199 v _1077_/Y (sky130_fd_sc_hd__nand3_4)
                                                         _0407_ (net)
                      0.158232    0.001720    2.270919 v _1090_/A1_N (sky130_fd_sc_hd__o2bb2ai_4)
     2    0.018582    0.078171    0.204829    2.475748 v _1090_/Y (sky130_fd_sc_hd__o2bb2ai_4)
                                                         _0420_ (net)
                      0.078191    0.000530    2.476278 v _1097_/B2 (sky130_fd_sc_hd__a22oi_4)
     5    0.034988    0.304800    0.292077    2.768355 ^ _1097_/Y (sky130_fd_sc_hd__a22oi_4)
                                                         _0427_ (net)
                      0.304820    0.001891    2.770246 ^ rebuffer7/A (sky130_fd_sc_hd__dlymetal6s2s_1)
     1    0.009509    0.119031    0.201787    2.972033 ^ rebuffer7/X (sky130_fd_sc_hd__dlymetal6s2s_1)
                                                         net139 (net)
                      0.119031    0.000288    2.972321 ^ _1171_/A2 (sky130_fd_sc_hd__o2111ai_4)
     3    0.023965    0.173539    0.171833    3.144154 v _1171_/Y (sky130_fd_sc_hd__o2111ai_4)
                                                         _0500_ (net)
                      0.173539    0.000565    3.144719 v _1229_/B1 (sky130_fd_sc_hd__o21ai_4)
     4    0.018915    0.182034    0.137255    3.281974 ^ _1229_/Y (sky130_fd_sc_hd__o21ai_4)
                                                         _0557_ (net)
                      0.182035    0.000658    3.282632 ^ _1231_/B1 (sky130_fd_sc_hd__a22o_1)
     2    0.015852    0.161144    0.240157    3.522789 ^ _1231_/X (sky130_fd_sc_hd__a22o_1)
                                                         _0559_ (net)
                      0.161144    0.000457    3.523246 ^ _1239_/C (sky130_fd_sc_hd__nand4_4)
     1    0.009306    0.109394    0.121781    3.645027 v _1239_/Y (sky130_fd_sc_hd__nand4_4)
                                                         _0566_ (net)
                      0.109394    0.000282    3.645309 v _1328_/A1 (sky130_fd_sc_hd__o21ai_4)
     4    0.016657    0.168322    0.214347    3.859656 ^ _1328_/Y (sky130_fd_sc_hd__o21ai_4)
                                                         _0653_ (net)
                      0.168323    0.000763    3.860420 ^ _1350_/A (sky130_fd_sc_hd__nand3_1)
     2    0.006442    0.105681    0.120397    3.980817 v _1350_/Y (sky130_fd_sc_hd__nand3_1)
                                                         _0673_ (net)
                      0.105681    0.000159    3.980976 v _1360_/A2_N (sky130_fd_sc_hd__o2bb2ai_1)
     1    0.003674    0.087592    0.147277    4.128253 v _1360_/Y (sky130_fd_sc_hd__o2bb2ai_1)
                                                         _0683_ (net)
                      0.087592    0.000114    4.128366 v _1365_/A2 (sky130_fd_sc_hd__a31oi_1)
     1    0.002280    0.114444    0.162124    4.290491 ^ _1365_/Y (sky130_fd_sc_hd__a31oi_1)
                                                         _0058_ (net)
                      0.114444    0.000046    4.290537 ^ _1432_/D (sky130_fd_sc_hd__dfxtp_1)
                                              4.290537   data arrival time

                                  6.000000    6.000000   clock clk (rise edge)
                                  0.000000    6.000000   clock source latency
     1    0.024085    0.113953    0.078891    6.078890 ^ clk (in)
                                                         clk (net)
                      0.113970    0.000000    6.078890 ^ clkbuf_0_clk/A (sky130_fd_sc_hd__clkbuf_16)
     8    0.083859    0.100897    0.197723    6.276614 ^ clkbuf_0_clk/X (sky130_fd_sc_hd__clkbuf_16)
                                                         clknet_0_clk (net)
                      0.101196    0.004004    6.280618 ^ clkbuf_3_5__f_clk/A (sky130_fd_sc_hd__clkbuf_16)
     8    0.033256    0.053787    0.157127    6.437745 ^ clkbuf_3_5__f_clk/X (sky130_fd_sc_hd__clkbuf_16)
                                                         clknet_3_5__leaf_clk (net)
                      0.053792    0.000963    6.438707 ^ _1432_/CLK (sky130_fd_sc_hd__dfxtp_1)
                                 -0.250000    6.188707   clock uncertainty
                                  0.000000    6.188707   clock reconvergence pessimism
                                 -0.068759    6.119949   library setup time
                                              6.119949   data required time
---------------------------------------------------------------------------------------------
                                              6.119949   data required time
                                             -4.290537   data arrival time
---------------------------------------------------------------------------------------------
                                              1.829412   slack (MET)




===========================================================================
report_checks --slack_max -0.01
============================================================================
======================= nom_tt_025C_1v80 Corner ===================================

No paths found.


===========================================================================
 report_check_types -max_slew -max_cap -max_fanout -violators
============================================================================
======================= nom_tt_025C_1v80 Corner ===================================

max fanout

Pin                                   Limit Fanout  Slack
---------------------------------------------------------
clkbuf_3_2__f_clk/X                      10     11        (VIOLATED)
clkbuf_3_3__f_clk/X                      10     11        (VIOLATED)
clkbuf_3_7__f_clk/X                      10     11        (VIOLATED)



===========================================================================
report_parasitic_annotation -report_unannotated
============================================================================
Found 7 unannotated drivers.
 clkload0/X
 clkload1/Y
 clkload2/X
 clkload3/Y
 clkload4/Y
 clkload5/Y
 clkload6/X
Found 0 partially unannotated drivers.

===========================================================================
max slew violation count 0
max fanout violation count 3
max cap violation count 0
============================================================================

===========================================================================
check_setup -verbose -unconstrained_endpoints -multiple_clock -no_clock -no_input_delay -loops -generated_clocks
===========================================================================
