
===========================================================================
 report_power
============================================================================
======================= max_ff_n40C_1v95 Corner ===================================

Group                    Internal    Switching      Leakage        Total
                            Power        Power        Power        Power (Watts)
------------------------------------------------------------------------
Sequential           6.361493e-04 1.484137e-05 1.028209e-09 6.509917e-04  22.0%
Combinational        5.757807e-04 8.727938e-04 1.154569e-08 1.448586e-03  49.0%
Clock                5.762882e-04 2.807423e-04 1.787243e-09 8.570323e-04  29.0%
Macro                0.000000e+00 0.000000e+00 0.000000e+00 0.000000e+00   0.0%
Pad                  0.000000e+00 0.000000e+00 0.000000e+00 0.000000e+00   0.0%
------------------------------------------------------------------------
Total                1.788217e-03 1.168378e-03 1.436114e-08 2.956610e-03 100.0%
                            60.5%        39.5%         0.0%

