
===========================================================================
report_checks -unconstrained
===========================================================================
======================= nom_ss_100C_1v60 Corner ===================================

Startpoint: b_in[2] (input port clocked by clk)
Endpoint: _1431_ (rising edge-triggered flip-flop clocked by clk)
Path Group: clk
Path Type: max

Fanout         Cap        Slew       Delay        Time   Description
---------------------------------------------------------------------------------------------
                                  0.000000    0.000000   clock clk (rise edge)
                                  0.000000    0.000000   clock network delay (propagated)
                                  1.000000    1.000000 ^ input external delay
     1    0.002970    0.033375    0.016689    1.016689 ^ b_in[2] (in)
                                                         b_in[2] (net)
                      0.033375    0.000000    1.016689 ^ input11/A (sky130_fd_sc_hd__clkbuf_1)
     2    0.020531    0.392805    0.362985    1.379675 ^ input11/X (sky130_fd_sc_hd__clkbuf_1)
                                                         net11 (net)
                      0.392807    0.000721    1.380396 ^ fanout128/A (sky130_fd_sc_hd__clkbuf_4)
    10    0.060393    0.294538    0.557806    1.938202 ^ fanout128/X (sky130_fd_sc_hd__clkbuf_4)
                                                         net128 (net)
                      0.294541    0.001500    1.939701 ^ _1065_/A (sky130_fd_sc_hd__nand2_4)
     4    0.028455    0.156942    0.233851    2.173552 v _1065_/Y (sky130_fd_sc_hd__nand2_4)
                                                         _0395_ (net)
                      0.156942    0.000544    2.174096 v _1073_/B1 (sky130_fd_sc_hd__a41o_4)
     3    0.020012    0.101152    0.501616    2.675712 v _1073_/X (sky130_fd_sc_hd__a41o_4)
                                                         _0403_ (net)
                      0.101153    0.000411    2.676123 v _1076_/A1 (sky130_fd_sc_hd__o211ai_4)
     5    0.031198    0.458623    0.492623    3.168746 ^ _1076_/Y (sky130_fd_sc_hd__o211ai_4)
                                                         _0406_ (net)
                      0.458630    0.001420    3.170166 ^ _1090_/A2_N (sky130_fd_sc_hd__o2bb2ai_4)
     2    0.018752    0.266108    0.361893    3.532059 ^ _1090_/Y (sky130_fd_sc_hd__o2bb2ai_4)
                                                         _0420_ (net)
                      0.266108    0.000320    3.532379 ^ _1097_/B2 (sky130_fd_sc_hd__a22oi_4)
     5    0.021394    0.170747    0.214374    3.746753 v _1097_/Y (sky130_fd_sc_hd__a22oi_4)
                                                         _0427_ (net)
                      0.170749    0.001189    3.747942 v rebuffer4/A (sky130_fd_sc_hd__dlymetal6s2s_1)
     1    0.006515    0.102018    0.355445    4.103387 v rebuffer4/X (sky130_fd_sc_hd__dlymetal6s2s_1)
                                                         net139 (net)
                      0.102018    0.000244    4.103631 v _1168_/A2 (sky130_fd_sc_hd__o21ai_2)
     1    0.010007    0.251146    0.274287    4.377918 ^ _1168_/Y (sky130_fd_sc_hd__o21ai_2)
                                                         _0497_ (net)
                      0.251146    0.000314    4.378232 ^ _1169_/B (sky130_fd_sc_hd__nand3_4)
     6    0.029919    0.251103    0.310750    4.688982 v _1169_/Y (sky130_fd_sc_hd__nand3_4)
                                                         _0498_ (net)
                      0.251103    0.000658    4.689640 v rebuffer15/A (sky130_fd_sc_hd__buf_6)
     1    0.008894    0.042891    0.293547    4.983186 v rebuffer15/X (sky130_fd_sc_hd__buf_6)
                                                         net150 (net)
                      0.042891    0.000279    4.983466 v _1178_/C1 (sky130_fd_sc_hd__o221ai_4)
     2    0.015773    0.355619    0.113610    5.097076 ^ _1178_/Y (sky130_fd_sc_hd__o221ai_4)
                                                         _0507_ (net)
                      0.355620    0.000417    5.097493 ^ _1181_/C1 (sky130_fd_sc_hd__o211ai_2)
     2    0.010909    0.233729    0.326463    5.423955 v _1181_/Y (sky130_fd_sc_hd__o211ai_2)
                                                         _0510_ (net)
                      0.233729    0.000325    5.424281 v _1241_/A2 (sky130_fd_sc_hd__o21ai_1)
     1    0.012227    0.433989    0.466751    5.891032 ^ _1241_/Y (sky130_fd_sc_hd__o21ai_1)
                                                         _0568_ (net)
                      0.433990    0.000449    5.891481 ^ _1327_/A2 (sky130_fd_sc_hd__a21oi_4)
     1    0.011049    0.117759    0.238655    6.130136 v _1327_/Y (sky130_fd_sc_hd__a21oi_4)
                                                         _0652_ (net)
                      0.117759    0.000429    6.130565 v _1328_/B1 (sky130_fd_sc_hd__o21ai_4)
     4    0.018021    0.277887    0.152819    6.283384 ^ _1328_/Y (sky130_fd_sc_hd__o21ai_4)
                                                         _0653_ (net)
                      0.277887    0.000759    6.284142 ^ _1350_/A (sky130_fd_sc_hd__nand3_1)
     2    0.008347    0.270439    0.312338    6.596481 v _1350_/Y (sky130_fd_sc_hd__nand3_1)
                                                         _0673_ (net)
                      0.270439    0.000151    6.596632 v _1359_/A (sky130_fd_sc_hd__nand3_1)
     1    0.006081    0.144128    0.227394    6.824026 ^ _1359_/Y (sky130_fd_sc_hd__nand3_1)
                                                         _0682_ (net)
                      0.144128    0.000155    6.824181 ^ _1361_/C1 (sky130_fd_sc_hd__o211ai_2)
     1    0.008343    0.182402    0.221353    7.045534 v _1361_/Y (sky130_fd_sc_hd__o211ai_2)
                                                         _0684_ (net)
                      0.182402    0.000324    7.045858 v _1362_/B1 (sky130_fd_sc_hd__o41ai_1)
     1    0.002344    0.420234    0.136133    7.181991 ^ _1362_/Y (sky130_fd_sc_hd__o41ai_1)
                                                         _0057_ (net)
                      0.420234    0.000051    7.182042 ^ _1431_/D (sky130_fd_sc_hd__dfxtp_1)
                                              7.182042   data arrival time

                                  5.000000    5.000000   clock clk (rise edge)
                                  0.000000    5.000000   clock source latency
     1    0.019638    0.147442    0.100608    5.100608 ^ clk (in)
                                                         clk (net)
                      0.147453    0.000000    5.100608 ^ clkbuf_0_clk/A (sky130_fd_sc_hd__clkbuf_16)
     8    0.088646    0.160128    0.337852    5.438460 ^ clkbuf_0_clk/X (sky130_fd_sc_hd__clkbuf_16)
                                                         clknet_0_clk (net)
                      0.160184    0.002831    5.441292 ^ clkbuf_3_3__f_clk/A (sky130_fd_sc_hd__clkbuf_16)
     8    0.033512    0.085255    0.281852    5.723144 ^ clkbuf_3_3__f_clk/X (sky130_fd_sc_hd__clkbuf_16)
                                                         clknet_3_3__leaf_clk (net)
                      0.085263    0.000894    5.724037 ^ _1431_/CLK (sky130_fd_sc_hd__dfxtp_1)
                                 -0.250000    5.474037   clock uncertainty
                                  0.000000    5.474037   clock reconvergence pessimism
                                 -0.216848    5.257189   library setup time
                                              5.257189   data required time
---------------------------------------------------------------------------------------------
                                              5.257189   data required time
                                             -7.182042   data arrival time
---------------------------------------------------------------------------------------------
                                             -1.924853   slack (VIOLATED)




===========================================================================
report_checks --slack_max -0.01
============================================================================
======================= nom_ss_100C_1v60 Corner ===================================

Startpoint: b_in[2] (input port clocked by clk)
Endpoint: _1431_ (rising edge-triggered flip-flop clocked by clk)
Path Group: clk
Path Type: max

Fanout         Cap        Slew       Delay        Time   Description
---------------------------------------------------------------------------------------------
                                  0.000000    0.000000   clock clk (rise edge)
                                  0.000000    0.000000   clock network delay (propagated)
                                  1.000000    1.000000 ^ input external delay
     1    0.002970    0.033375    0.016689    1.016689 ^ b_in[2] (in)
                                                         b_in[2] (net)
                      0.033375    0.000000    1.016689 ^ input11/A (sky130_fd_sc_hd__clkbuf_1)
     2    0.020531    0.392805    0.362985    1.379675 ^ input11/X (sky130_fd_sc_hd__clkbuf_1)
                                                         net11 (net)
                      0.392807    0.000721    1.380396 ^ fanout128/A (sky130_fd_sc_hd__clkbuf_4)
    10    0.060393    0.294538    0.557806    1.938202 ^ fanout128/X (sky130_fd_sc_hd__clkbuf_4)
                                                         net128 (net)
                      0.294541    0.001500    1.939701 ^ _1065_/A (sky130_fd_sc_hd__nand2_4)
     4    0.028455    0.156942    0.233851    2.173552 v _1065_/Y (sky130_fd_sc_hd__nand2_4)
                                                         _0395_ (net)
                      0.156942    0.000544    2.174096 v _1073_/B1 (sky130_fd_sc_hd__a41o_4)
     3    0.020012    0.101152    0.501616    2.675712 v _1073_/X (sky130_fd_sc_hd__a41o_4)
                                                         _0403_ (net)
                      0.101153    0.000411    2.676123 v _1076_/A1 (sky130_fd_sc_hd__o211ai_4)
     5    0.031198    0.458623    0.492623    3.168746 ^ _1076_/Y (sky130_fd_sc_hd__o211ai_4)
                                                         _0406_ (net)
                      0.458630    0.001420    3.170166 ^ _1090_/A2_N (sky130_fd_sc_hd__o2bb2ai_4)
     2    0.018752    0.266108    0.361893    3.532059 ^ _1090_/Y (sky130_fd_sc_hd__o2bb2ai_4)
                                                         _0420_ (net)
                      0.266108    0.000320    3.532379 ^ _1097_/B2 (sky130_fd_sc_hd__a22oi_4)
     5    0.021394    0.170747    0.214374    3.746753 v _1097_/Y (sky130_fd_sc_hd__a22oi_4)
                                                         _0427_ (net)
                      0.170749    0.001189    3.747942 v rebuffer4/A (sky130_fd_sc_hd__dlymetal6s2s_1)
     1    0.006515    0.102018    0.355445    4.103387 v rebuffer4/X (sky130_fd_sc_hd__dlymetal6s2s_1)
                                                         net139 (net)
                      0.102018    0.000244    4.103631 v _1168_/A2 (sky130_fd_sc_hd__o21ai_2)
     1    0.010007    0.251146    0.274287    4.377918 ^ _1168_/Y (sky130_fd_sc_hd__o21ai_2)
                                                         _0497_ (net)
                      0.251146    0.000314    4.378232 ^ _1169_/B (sky130_fd_sc_hd__nand3_4)
     6    0.029919    0.251103    0.310750    4.688982 v _1169_/Y (sky130_fd_sc_hd__nand3_4)
                                                         _0498_ (net)
                      0.251103    0.000658    4.689640 v rebuffer15/A (sky130_fd_sc_hd__buf_6)
     1    0.008894    0.042891    0.293547    4.983186 v rebuffer15/X (sky130_fd_sc_hd__buf_6)
                                                         net150 (net)
                      0.042891    0.000279    4.983466 v _1178_/C1 (sky130_fd_sc_hd__o221ai_4)
     2    0.015773    0.355619    0.113610    5.097076 ^ _1178_/Y (sky130_fd_sc_hd__o221ai_4)
                                                         _0507_ (net)
                      0.355620    0.000417    5.097493 ^ _1181_/C1 (sky130_fd_sc_hd__o211ai_2)
     2    0.010909    0.233729    0.326463    5.423955 v _1181_/Y (sky130_fd_sc_hd__o211ai_2)
                                                         _0510_ (net)
                      0.233729    0.000325    5.424281 v _1241_/A2 (sky130_fd_sc_hd__o21ai_1)
     1    0.012227    0.433989    0.466751    5.891032 ^ _1241_/Y (sky130_fd_sc_hd__o21ai_1)
                                                         _0568_ (net)
                      0.433990    0.000449    5.891481 ^ _1327_/A2 (sky130_fd_sc_hd__a21oi_4)
     1    0.011049    0.117759    0.238655    6.130136 v _1327_/Y (sky130_fd_sc_hd__a21oi_4)
                                                         _0652_ (net)
                      0.117759    0.000429    6.130565 v _1328_/B1 (sky130_fd_sc_hd__o21ai_4)
     4    0.018021    0.277887    0.152819    6.283384 ^ _1328_/Y (sky130_fd_sc_hd__o21ai_4)
                                                         _0653_ (net)
                      0.277887    0.000759    6.284142 ^ _1350_/A (sky130_fd_sc_hd__nand3_1)
     2    0.008347    0.270439    0.312338    6.596481 v _1350_/Y (sky130_fd_sc_hd__nand3_1)
                                                         _0673_ (net)
                      0.270439    0.000151    6.596632 v _1359_/A (sky130_fd_sc_hd__nand3_1)
     1    0.006081    0.144128    0.227394    6.824026 ^ _1359_/Y (sky130_fd_sc_hd__nand3_1)
                                                         _0682_ (net)
                      0.144128    0.000155    6.824181 ^ _1361_/C1 (sky130_fd_sc_hd__o211ai_2)
     1    0.008343    0.182402    0.221353    7.045534 v _1361_/Y (sky130_fd_sc_hd__o211ai_2)
                                                         _0684_ (net)
                      0.182402    0.000324    7.045858 v _1362_/B1 (sky130_fd_sc_hd__o41ai_1)
     1    0.002344    0.420234    0.136133    7.181991 ^ _1362_/Y (sky130_fd_sc_hd__o41ai_1)
                                                         _0057_ (net)
                      0.420234    0.000051    7.182042 ^ _1431_/D (sky130_fd_sc_hd__dfxtp_1)
                                              7.182042   data arrival time

                                  5.000000    5.000000   clock clk (rise edge)
                                  0.000000    5.000000   clock source latency
     1    0.019638    0.147442    0.100608    5.100608 ^ clk (in)
                                                         clk (net)
                      0.147453    0.000000    5.100608 ^ clkbuf_0_clk/A (sky130_fd_sc_hd__clkbuf_16)
     8    0.088646    0.160128    0.337852    5.438460 ^ clkbuf_0_clk/X (sky130_fd_sc_hd__clkbuf_16)
                                                         clknet_0_clk (net)
                      0.160184    0.002831    5.441292 ^ clkbuf_3_3__f_clk/A (sky130_fd_sc_hd__clkbuf_16)
     8    0.033512    0.085255    0.281852    5.723144 ^ clkbuf_3_3__f_clk/X (sky130_fd_sc_hd__clkbuf_16)
                                                         clknet_3_3__leaf_clk (net)
                      0.085263    0.000894    5.724037 ^ _1431_/CLK (sky130_fd_sc_hd__dfxtp_1)
                                 -0.250000    5.474037   clock uncertainty
                                  0.000000    5.474037   clock reconvergence pessimism
                                 -0.216848    5.257189   library setup time
                                              5.257189   data required time
---------------------------------------------------------------------------------------------
                                              5.257189   data required time
                                             -7.182042   data arrival time
---------------------------------------------------------------------------------------------
                                             -1.924853   slack (VIOLATED)




===========================================================================
 report_check_types -max_slew -max_cap -max_fanout -violators
============================================================================
======================= nom_ss_100C_1v60 Corner ===================================

max slew

Pin                                        Limit        Slew       Slack
------------------------------------------------------------------------
_1357_/Y                                0.750000    0.813132   -0.063132 (VIOLATED)
_1360_/B1                               0.750000    0.813132   -0.063132 (VIOLATED)
max_cap73/A                             0.750000    0.813132   -0.063132 (VIOLATED)

max fanout

Pin                                   Limit Fanout  Slack
---------------------------------------------------------
clkbuf_3_5__f_clk/X                      10     12     -2 (VIOLATED)
clkbuf_3_7__f_clk/X                      10     12     -2 (VIOLATED)



===========================================================================
report_parasitic_annotation -report_unannotated
============================================================================
Found 6 unannotated drivers.
 clkload0/Y
 clkload1/Y
 clkload2/Y
 clkload3/Y
 clkload4/Y
 clkload5/Y
Found 0 partially unannotated drivers.

===========================================================================
max slew violation count 3
max fanout violation count 2
max cap violation count 0
============================================================================

===========================================================================
check_setup -verbose -unconstrained_endpoints -multiple_clock -no_clock -no_input_delay -loops -generated_clocks
===========================================================================
