Clock: clk
Sources: clk 
Generated: no
Virtual: yes
Propagated: no
Period: 5.000000

===========================================================================
report_clock_properties
============================================================================
Clock                   Period          Waveform
----------------------------------------------------
clk                   5.000000    0.000000  2.500000

===========================================================================
report_clock_latency
============================================================================
Clock clk
rise -> rise
    min     max
0.000000 0.000000 source latency
0.715240         network latency _1383_/CLK
        0.732190 network latency _1437_/CLK
---------------
0.715240 0.732190 latency
        0.016950 skew

fall -> fall
    min     max
0.000000 0.000000 source latency
0.666249         network latency _1383_/CLK
        0.681033 network latency _1437_/CLK
---------------
0.666249 0.681033 latency
        0.014784 skew



===========================================================================
report_clock_min_period
============================================================================
clk period_min = 5.82 fmax = 171.68
