
===========================================================================
 report_power
============================================================================
======================= nom_ss_100C_1v60 Corner ===================================

Group                    Internal    Switching      Leakage        Total
                            Power        Power        Power        Power (Watts)
------------------------------------------------------------------------
Sequential           4.237017e-04 8.989231e-06 9.348345e-07 4.336258e-04  22.6%
Combinational        4.131395e-04 5.200220e-04 4.983299e-06 9.381448e-04  48.9%
Clock                3.561021e-04 1.895053e-04 2.407782e-07 5.458481e-04  28.5%
Macro                0.000000e+00 0.000000e+00 0.000000e+00 0.000000e+00   0.0%
Pad                  0.000000e+00 0.000000e+00 0.000000e+00 0.000000e+00   0.0%
------------------------------------------------------------------------
Total                1.192942e-03 7.185162e-04 6.158918e-06 1.917617e-03 100.0%
                            62.2%        37.5%         0.3%

